Archive member included because of file (symbol)

/Users/cabana/dev/gcc-arm-none-eabi-4_8-2014q1/bin/../lib/gcc/arm-none-eabi/4.8.3/../../../../arm-none-eabi/lib/armv7e-m/libg_s.a(lib_a-errno.o)
                              ./system/src/newlib/_sbrk.o (__errno)
/Users/cabana/dev/gcc-arm-none-eabi-4_8-2014q1/bin/../lib/gcc/arm-none-eabi/4.8.3/../../../../arm-none-eabi/lib/armv7e-m/libg_s.a(lib_a-impure.o)
                              /Users/cabana/dev/gcc-arm-none-eabi-4_8-2014q1/bin/../lib/gcc/arm-none-eabi/4.8.3/../../../../arm-none-eabi/lib/armv7e-m/libg_s.a(lib_a-errno.o) (_impure_ptr)
/Users/cabana/dev/gcc-arm-none-eabi-4_8-2014q1/bin/../lib/gcc/arm-none-eabi/4.8.3/../../../../arm-none-eabi/lib/armv7e-m/libg_s.a(lib_a-strlen.o)
                              ./system/src/diag/Trace.o (strlen)
/Users/cabana/dev/gcc-arm-none-eabi-4_8-2014q1/bin/../lib/gcc/arm-none-eabi/4.8.3/../../../../arm-none-eabi/lib/armv7e-m/libg_s.a(lib_a-vsnprintf.o)
                              ./system/src/diag/Trace.o (vsnprintf)
/Users/cabana/dev/gcc-arm-none-eabi-4_8-2014q1/bin/../lib/gcc/arm-none-eabi/4.8.3/../../../../arm-none-eabi/lib/armv7e-m/libg_s.a(lib_a-svfprintf.o)
                              /Users/cabana/dev/gcc-arm-none-eabi-4_8-2014q1/bin/../lib/gcc/arm-none-eabi/4.8.3/../../../../arm-none-eabi/lib/armv7e-m/libg_s.a(lib_a-vsnprintf.o) (_svfprintf_r)
/Users/cabana/dev/gcc-arm-none-eabi-4_8-2014q1/bin/../lib/gcc/arm-none-eabi/4.8.3/../../../../arm-none-eabi/lib/armv7e-m/libg_s.a(lib_a-vfprintf_i.o)
                              /Users/cabana/dev/gcc-arm-none-eabi-4_8-2014q1/bin/../lib/gcc/arm-none-eabi/4.8.3/../../../../arm-none-eabi/lib/armv7e-m/libg_s.a(lib_a-svfprintf.o) (_printf_i)
/Users/cabana/dev/gcc-arm-none-eabi-4_8-2014q1/bin/../lib/gcc/arm-none-eabi/4.8.3/../../../../arm-none-eabi/lib/armv7e-m/libg_s.a(lib_a-memchr-stub.o)
                              /Users/cabana/dev/gcc-arm-none-eabi-4_8-2014q1/bin/../lib/gcc/arm-none-eabi/4.8.3/../../../../arm-none-eabi/lib/armv7e-m/libg_s.a(lib_a-svfprintf.o) (memchr)
/Users/cabana/dev/gcc-arm-none-eabi-4_8-2014q1/bin/../lib/gcc/arm-none-eabi/4.8.3/../../../../arm-none-eabi/lib/armv7e-m/libg_s.a(lib_a-memcpy-stub.o)
                              /Users/cabana/dev/gcc-arm-none-eabi-4_8-2014q1/bin/../lib/gcc/arm-none-eabi/4.8.3/../../../../arm-none-eabi/lib/armv7e-m/libg_s.a(lib_a-svfprintf.o) (memcpy)
/Users/cabana/dev/gcc-arm-none-eabi-4_8-2014q1/bin/../lib/gcc/arm-none-eabi/4.8.3/../../../../arm-none-eabi/lib/armv7e-m/libg_s.a(lib_a-memmove.o)
                              /Users/cabana/dev/gcc-arm-none-eabi-4_8-2014q1/bin/../lib/gcc/arm-none-eabi/4.8.3/../../../../arm-none-eabi/lib/armv7e-m/libg_s.a(lib_a-svfprintf.o) (memmove)
/Users/cabana/dev/gcc-arm-none-eabi-4_8-2014q1/bin/../lib/gcc/arm-none-eabi/4.8.3/../../../../arm-none-eabi/lib/armv7e-m/libg_s.a(lib_a-nano-freer.o)
                              /Users/cabana/dev/gcc-arm-none-eabi-4_8-2014q1/bin/../lib/gcc/arm-none-eabi/4.8.3/../../../../arm-none-eabi/lib/armv7e-m/libg_s.a(lib_a-svfprintf.o) (_free_r)
/Users/cabana/dev/gcc-arm-none-eabi-4_8-2014q1/bin/../lib/gcc/arm-none-eabi/4.8.3/../../../../arm-none-eabi/lib/armv7e-m/libg_s.a(lib_a-nano-mallocr.o)
                              /Users/cabana/dev/gcc-arm-none-eabi-4_8-2014q1/bin/../lib/gcc/arm-none-eabi/4.8.3/../../../../arm-none-eabi/lib/armv7e-m/libg_s.a(lib_a-svfprintf.o) (_malloc_r)
/Users/cabana/dev/gcc-arm-none-eabi-4_8-2014q1/bin/../lib/gcc/arm-none-eabi/4.8.3/../../../../arm-none-eabi/lib/armv7e-m/libg_s.a(lib_a-nano-reallocr.o)
                              /Users/cabana/dev/gcc-arm-none-eabi-4_8-2014q1/bin/../lib/gcc/arm-none-eabi/4.8.3/../../../../arm-none-eabi/lib/armv7e-m/libg_s.a(lib_a-svfprintf.o) (_realloc_r)
/Users/cabana/dev/gcc-arm-none-eabi-4_8-2014q1/bin/../lib/gcc/arm-none-eabi/4.8.3/../../../../arm-none-eabi/lib/armv7e-m/libg_s.a(lib_a-sbrkr.o)
                              /Users/cabana/dev/gcc-arm-none-eabi-4_8-2014q1/bin/../lib/gcc/arm-none-eabi/4.8.3/../../../../arm-none-eabi/lib/armv7e-m/libg_s.a(lib_a-nano-mallocr.o) (_sbrk_r)
/Users/cabana/dev/gcc-arm-none-eabi-4_8-2014q1/bin/../lib/gcc/arm-none-eabi/4.8.3/../../../../arm-none-eabi/lib/armv7e-m/libg_s.a(lib_a-nano-msizer.o)
                              /Users/cabana/dev/gcc-arm-none-eabi-4_8-2014q1/bin/../lib/gcc/arm-none-eabi/4.8.3/../../../../arm-none-eabi/lib/armv7e-m/libg_s.a(lib_a-nano-reallocr.o) (_malloc_usable_size_r)

Allocating common symbols
Common symbol       size              file

errno               0x4               ./system/src/newlib/_syscalls.o

Discarded input sections

 .group         0x0000000000000000        0x8 ./system/src/stm32f4/misc.o
 .group         0x0000000000000000        0x8 ./system/src/stm32f4/misc.o
 .group         0x0000000000000000        0x8 ./system/src/stm32f4/misc.o
 .group         0x0000000000000000        0x8 ./system/src/stm32f4/misc.o
 .group         0x0000000000000000        0x8 ./system/src/stm32f4/misc.o
[...]
Memory Configuration

Name             Origin             Length             Attributes
RAM              0x0000000020000000 0x0000000000020000 xrw
CCMRAM           0x0000000010000000 0x0000000000010000 xrw
FLASH            0x0000000008000000 0x0000000000100000 xr
FLASHB1          0x0000000000000000 0x0000000000000000 xr
EXTMEMB0         0x0000000000000000 0x0000000000000000 xr
EXTMEMB1         0x0000000000000000 0x0000000000000000 xr
EXTMEMB2         0x0000000000000000 0x0000000000000000 xr
EXTMEMB3         0x0000000000000000 0x0000000000000000 xr
MEMORY_ARRAY     0x0000000020002000 0x0000000000000020 xrw
*default*        0x0000000000000000 0xffffffffffffffff

Linker script and memory map

LOAD ./system/src/stm32f4/misc.o
LOAD ./system/src/stm32f4/stm32f4xx_adc.o
LOAD ./system/src/stm32f4/stm32f4xx_can.o
LOAD ./system/src/stm32f4/stm32f4xx_cec.o
LOAD ./system/src/stm32f4/stm32f4xx_crc.o
LOAD ./system/src/stm32f4/stm32f4xx_cryp.o
LOAD ./system/src/stm32f4/stm32f4xx_cryp_aes.o
LOAD ./system/src/stm32f4/stm32f4xx_cryp_des.o
LOAD ./system/src/stm32f4/stm32f4xx_cryp_tdes.o
LOAD ./system/src/stm32f4/stm32f4xx_dac.o
LOAD ./system/src/stm32f4/stm32f4xx_dbgmcu.o
LOAD ./system/src/stm32f4/stm32f4xx_dcmi.o
LOAD ./system/src/stm32f4/stm32f4xx_dma.o
LOAD ./system/src/stm32f4/stm32f4xx_dma2d.o
LOAD ./system/src/stm32f4/stm32f4xx_exti.o
LOAD ./system/src/stm32f4/stm32f4xx_flash.o
LOAD ./system/src/stm32f4/stm32f4xx_flash_ramfunc.o
LOAD ./system/src/stm32f4/stm32f4xx_fmpi2c.o
LOAD ./system/src/stm32f4/stm32f4xx_fsmc.o
LOAD ./system/src/stm32f4/stm32f4xx_gpio.o
LOAD ./system/src/stm32f4/stm32f4xx_hash.o
LOAD ./system/src/stm32f4/stm32f4xx_hash_md5.o
LOAD ./system/src/stm32f4/stm32f4xx_hash_sha1.o
LOAD ./system/src/stm32f4/stm32f4xx_i2c.o
LOAD ./system/src/stm32f4/stm32f4xx_iwdg.o
LOAD ./system/src/stm32f4/stm32f4xx_ltdc.o
LOAD ./system/src/stm32f4/stm32f4xx_pwr.o
LOAD ./system/src/stm32f4/stm32f4xx_qspi.o
LOAD ./system/src/stm32f4/stm32f4xx_rcc.o
LOAD ./system/src/stm32f4/stm32f4xx_rng.o
LOAD ./system/src/stm32f4/stm32f4xx_rtc.o
LOAD ./system/src/stm32f4/stm32f4xx_sai.o
LOAD ./system/src/stm32f4/stm32f4xx_sdio.o
LOAD ./system/src/stm32f4/stm32f4xx_spdifrx.o
LOAD ./system/src/stm32f4/stm32f4xx_spi.o
LOAD ./system/src/stm32f4/stm32f4xx_syscfg.o
LOAD ./system/src/stm32f4/stm32f4xx_tim.o
LOAD ./system/src/stm32f4/stm32f4xx_usart.o
LOAD ./system/src/stm32f4/stm32f4xx_wwdg.o
LOAD ./system/src/newlib/_cxx.o
LOAD ./system/src/newlib/_exit.o
LOAD ./system/src/newlib/_sbrk.o
LOAD ./system/src/newlib/_startup.o
LOAD ./system/src/newlib/_syscalls.o
LOAD ./system/src/newlib/assert.o
LOAD ./system/src/diag/Trace.o
LOAD ./system/src/diag/trace_impl.o
LOAD ./system/src/cortexm/_initialize_hardware.o
LOAD ./system/src/cortexm/_reset_hardware.o
LOAD ./system/src/cortexm/exception_handlers.o
LOAD ./system/src/cmsis/system_stm32f4xx.o
LOAD ./system/src/cmsis/vectors_stm32f4xx.o
LOAD ./src/_write.o
LOAD ./src/main.o
LOAD /Users/cabana/dev/gcc-arm-none-eabi-4_8-2014q1/bin/../lib/gcc/arm-none-eabi/4.8.3/../../../../arm-none-eabi/lib/armv7e-m/libstdc++_s.a
LOAD /Users/cabana/dev/gcc-arm-none-eabi-4_8-2014q1/bin/../lib/gcc/arm-none-eabi/4.8.3/../../../../arm-none-eabi/lib/armv7e-m/libm.a
START GROUP
LOAD /Users/cabana/dev/gcc-arm-none-eabi-4_8-2014q1/bin/../lib/gcc/arm-none-eabi/4.8.3/armv7e-m/libgcc.a
LOAD /Users/cabana/dev/gcc-arm-none-eabi-4_8-2014q1/bin/../lib/gcc/arm-none-eabi/4.8.3/../../../../arm-none-eabi/lib/armv7e-m/libg_s.a
LOAD /Users/cabana/dev/gcc-arm-none-eabi-4_8-2014q1/bin/../lib/gcc/arm-none-eabi/4.8.3/../../../../arm-none-eabi/lib/armv7e-m/libc_s.a
END GROUP
START GROUP
LOAD /Users/cabana/dev/gcc-arm-none-eabi-4_8-2014q1/bin/../lib/gcc/arm-none-eabi/4.8.3/armv7e-m/libgcc.a
LOAD /Users/cabana/dev/gcc-arm-none-eabi-4_8-2014q1/bin/../lib/gcc/arm-none-eabi/4.8.3/../../../../arm-none-eabi/lib/armv7e-m/libc_s.a
END GROUP
                0x0000000020020000                __stack = (ORIGIN (RAM) + 0x20000)
                0x0000000020020000                _estack = __stack
                0x0000000000000400                __Main_Stack_Size = 0x400
                0x0000000000000400                PROVIDE (_Main_Stack_Size, __Main_Stack_Size)
                0x000000002001fc00                __Main_Stack_Limit = (__stack - __Main_Stack_Size)
                0x000000002001fc00                PROVIDE (_Main_Stack_Limit, __Main_Stack_Limit)
                0x0000000000000100                _Minimum_Stack_Size = 0x100
                0x0000000020000124                PROVIDE (_Heap_Begin, _end_noinit)
                0x000000002001fc00                PROVIDE (_Heap_Limit, (__stack - __Main_Stack_Size))

.isr_vector     0x0000000008000000      0x3c0
 FILL mask 0xff
                0x0000000008000000                __vectors_start__ = ABSOLUTE (.)
 *(.isr_vector)
 .isr_vector    0x0000000008000000      0x188 ./system/src/cmsis/vectors_stm32f4xx.o
                0x0000000008000000                __isr_vectors
 *(.cfmconfig)
 *(.after_vectors .after_vectors.*)
 .after_vectors
                0x0000000008000188      0x130 ./system/src/newlib/_startup.o
                0x0000000008000188                _start
 .after_vectors
                0x00000000080002b8      0x104 ./system/src/cortexm/exception_handlers.o
                0x00000000080002b8                Reset_Handler
                0x00000000080002c0                NMI_Handler
                0x00000000080002c4                HardFault_Handler
                0x00000000080002d8                HardFault_Handler_C
                0x000000000800030c                MemManage_Handler
                0x0000000008000310                BusFault_Handler
                0x0000000008000324                BusFault_Handler_C
                0x0000000008000358                UsageFault_Handler
                0x000000000800036c                UsageFault_Handler_C
                0x00000000080003a0                SVC_Handler
                0x00000000080003a4                DebugMon_Handler
                0x00000000080003a8                PendSV_Handler
                0x00000000080003ac                SysTick_Handler
 .after_vectors
                0x00000000080003bc        0x4 ./system/src/cmsis/vectors_stm32f4xx.o
                0x00000000080003bc                DMA1_Stream3_IRQHandler
                0x00000000080003bc                HASH_RNG_IRQHandler
                0x00000000080003bc                EXTI2_IRQHandler
                0x00000000080003bc                TIM8_CC_IRQHandler
                0x00000000080003bc                TIM1_CC_IRQHandler
                0x00000000080003bc                DMA2_Stream5_IRQHandler
                0x00000000080003bc                DMA1_Stream5_IRQHandler
                0x00000000080003bc                PVD_IRQHandler
                0x00000000080003bc                SDIO_IRQHandler
                0x00000000080003bc                TAMP_STAMP_IRQHandler
                0x00000000080003bc                CAN2_RX1_IRQHandler
                0x00000000080003bc                EXTI3_IRQHandler
                0x00000000080003bc                TIM8_TRG_COM_TIM14_IRQHandler
                0x00000000080003bc                TIM1_UP_TIM10_IRQHandler
                0x00000000080003bc                TIM8_UP_TIM13_IRQHandler
                0x00000000080003bc                I2C3_ER_IRQHandler
                0x00000000080003bc                EXTI0_IRQHandler
                0x00000000080003bc                I2C2_EV_IRQHandler
                0x00000000080003bc                DMA1_Stream2_IRQHandler
                0x00000000080003bc                CAN1_RX0_IRQHandler
                0x00000000080003bc                FPU_IRQHandler
                0x00000000080003bc                OTG_HS_WKUP_IRQHandler
                0x00000000080003bc                CAN2_SCE_IRQHandler
                0x00000000080003bc                DMA2_Stream2_IRQHandler
                0x00000000080003bc                SPI1_IRQHandler
                0x00000000080003bc                TIM6_DAC_IRQHandler
                0x00000000080003bc                TIM1_BRK_TIM9_IRQHandler
                0x00000000080003bc                DCMI_IRQHandler
                0x00000000080003bc                CAN2_RX0_IRQHandler
                0x00000000080003bc                DMA2_Stream3_IRQHandler
                0x00000000080003bc                USART6_IRQHandler
                0x00000000080003bc                USART3_IRQHandler
                0x00000000080003bc                CAN1_RX1_IRQHandler
                0x00000000080003bc                UART5_IRQHandler
                0x00000000080003bc                DMA2_Stream0_IRQHandler
                0x00000000080003bc                TIM4_IRQHandler
                0x00000000080003bc                I2C1_EV_IRQHandler
                0x00000000080003bc                DMA1_Stream6_IRQHandler
                0x00000000080003bc                DMA1_Stream1_IRQHandler
                0x00000000080003bc                UART4_IRQHandler
                0x00000000080003bc                TIM3_IRQHandler
                0x00000000080003bc                RCC_IRQHandler
                0x00000000080003bc                TIM8_BRK_TIM12_IRQHandler
                0x00000000080003bc                Default_Handler
                0x00000000080003bc                EXTI15_10_IRQHandler
                0x00000000080003bc                ADC_IRQHandler
                0x00000000080003bc                DMA1_Stream7_IRQHandler
                0x00000000080003bc                TIM7_IRQHandler
                0x00000000080003bc                CAN2_TX_IRQHandler
                0x00000000080003bc                TIM5_IRQHandler
                0x00000000080003bc                DMA2_Stream7_IRQHandler
                0x00000000080003bc                I2C3_EV_IRQHandler
                0x00000000080003bc                EXTI9_5_IRQHandler
                0x00000000080003bc                RTC_WKUP_IRQHandler
                0x00000000080003bc                ETH_WKUP_IRQHandler
                0x00000000080003bc                SPI2_IRQHandler
                0x00000000080003bc                OTG_HS_EP1_IN_IRQHandler
                0x00000000080003bc                DMA1_Stream0_IRQHandler
                0x00000000080003bc                CAN1_TX_IRQHandler
                0x00000000080003bc                EXTI4_IRQHandler
                0x00000000080003bc                FSMC_IRQHandler
                0x00000000080003bc                ETH_IRQHandler
                0x00000000080003bc                OTG_HS_EP1_OUT_IRQHandler
                0x00000000080003bc                WWDG_IRQHandler
                0x00000000080003bc                TIM2_IRQHandler
                0x00000000080003bc                OTG_FS_WKUP_IRQHandler
                0x00000000080003bc                TIM1_TRG_COM_TIM11_IRQHandler
                0x00000000080003bc                OTG_HS_IRQHandler
                0x00000000080003bc                EXTI1_IRQHandler
                0x00000000080003bc                USART2_IRQHandler
                0x00000000080003bc                I2C2_ER_IRQHandler
                0x00000000080003bc                DMA2_Stream1_IRQHandler
                0x00000000080003bc                CAN1_SCE_IRQHandler
                0x00000000080003bc                FLASH_IRQHandler
                0x00000000080003bc                DMA2_Stream4_IRQHandler
                0x00000000080003bc                USART1_IRQHandler
                0x00000000080003bc                OTG_FS_IRQHandler
                0x00000000080003bc                SPI3_IRQHandler
                0x00000000080003bc                DMA1_Stream4_IRQHandler
                0x00000000080003bc                I2C1_ER_IRQHandler
                0x00000000080003bc                DMA2_Stream6_IRQHandler
                0x00000000080003bc                RTC_Alarm_IRQHandler

.inits          0x00000000080003c0       0x28
                0x00000000080003c0                __data_regions_array_start = .
                0x00000000080003c0        0x4 LONG 0x8001650 LOADADDR (.data)
                0x00000000080003c4        0x4 LONG 0x20000000 ADDR (.data)
                0x00000000080003c8        0x4 LONG 0x20000088 (ADDR (.data) + SIZEOF (.data))
                0x00000000080003cc        0x4 LONG 0x8001650 LOADADDR (.data_CCMRAM)
                0x00000000080003d0        0x4 LONG 0x10000000 ADDR (.data_CCMRAM)
                0x00000000080003d4        0x4 LONG 0x10000000 (ADDR (.data_CCMRAM) + SIZEOF (.data_CCMRAM))
                0x00000000080003d8                __data_regions_array_end = .
                0x00000000080003d8                __bss_regions_array_start = .
                0x00000000080003d8        0x4 LONG 0x20000088 ADDR (.bss)
                0x00000000080003dc        0x4 LONG 0x20000124 (ADDR (.bss) + SIZEOF (.bss))
                0x00000000080003e0        0x4 LONG 0x10000000 ADDR (.bss_CCMRAM)
                0x00000000080003e4        0x4 LONG 0x10000000 (ADDR (.bss_CCMRAM) + SIZEOF (.bss_CCMRAM))
                0x00000000080003e8                __bss_regions_array_end = .
 *(.init)
 *(.fini)
                0x00000000080003e8                . = ALIGN (0x4)
                0x00000000080003e8                PROVIDE (__preinit_array_start, .)
 *(.preinit_array_sysinit .preinit_array_sysinit.*)
 *(.preinit_array_platform .preinit_array_platform.*)
 *(.preinit_array .preinit_array.*)
                0x00000000080003e8                PROVIDE (__preinit_array_end, .)
                0x00000000080003e8                . = ALIGN (0x4)
                0x00000000080003e8                PROVIDE (__init_array_start, .)
 *(SORT(.init_array.*))
 *(.init_array)
                0x00000000080003e8                PROVIDE (__init_array_end, .)
                0x00000000080003e8                . = ALIGN (0x4)
                0x00000000080003e8                PROVIDE (__fini_array_start, .)
 *(SORT(.fini_array.*))
 *(.fini_array)
                0x00000000080003e8                PROVIDE (__fini_array_end, .)

.flashtext
 *(.flashtext .flashtext.*)

.text           0x00000000080003e8     0x1265
 *(.text .text.*)
 .text.GPIO_Init
                0x00000000080003e8      0x144 ./system/src/stm32f4/stm32f4xx_gpio.o
                0x00000000080003e8                GPIO_Init
 .text.GPIO_ReadInputDataBit
                0x000000000800052c       0xd8 ./system/src/stm32f4/stm32f4xx_gpio.o
                0x000000000800052c                GPIO_ReadInputDataBit
 .text.GPIO_SetBits
                0x0000000008000604       0x80 ./system/src/stm32f4/stm32f4xx_gpio.o
                0x0000000008000604                GPIO_SetBits
 .text.GPIO_ResetBits
                0x0000000008000684       0x80 ./system/src/stm32f4/stm32f4xx_gpio.o
                0x0000000008000684                GPIO_ResetBits
 .text.RCC_AHB1PeriphClockCmd
                0x0000000008000704       0x4c ./system/src/stm32f4/stm32f4xx_rcc.o
                0x0000000008000704                RCC_AHB1PeriphClockCmd
 .text._exit    0x0000000008000750        0x4 ./system/src/newlib/_exit.o
                0x0000000008000750                _exit
 .text.abort    0x0000000008000754       0x14 ./system/src/newlib/_exit.o
                0x0000000008000754                abort
 .text._sbrk    0x0000000008000768       0x44 ./system/src/newlib/_sbrk.o
                0x0000000008000768                _sbrk
 .text.__initialize_args
                0x00000000080007ac       0x10 ./system/src/newlib/_syscalls.o
                0x00000000080007ac                __initialize_args
 .text.assert_failed
                0x00000000080007bc       0x18 ./system/src/newlib/assert.o
                0x00000000080007bc                assert_failed
 .text.trace_printf
                0x00000000080007d4       0x34 ./system/src/diag/Trace.o
                0x00000000080007d4                trace_printf
 .text.trace_puts
                0x0000000008000808       0x20 ./system/src/diag/Trace.o
                0x0000000008000808                trace_puts
 .text._trace_write_itm
                0x0000000008000828       0x48 ./system/src/diag/trace_impl.o
 .text.trace_write
                0x0000000008000870        0x8 ./system/src/diag/trace_impl.o
                0x0000000008000870                trace_write
 .text.__initialize_hardware_early
                0x0000000008000878        0x8 ./system/src/cortexm/_initialize_hardware.o
                0x0000000008000878                __initialize_hardware_early
 .text.__initialize_hardware
                0x0000000008000880        0x8 ./system/src/cortexm/_initialize_hardware.o
                0x0000000008000880                __initialize_hardware
 .text.dumpExceptionStack
                0x0000000008000888       0xf0 ./system/src/cortexm/exception_handlers.o
                0x0000000008000888                dumpExceptionStack
 .text.SetSysClock
                0x0000000008000978       0xc0 ./system/src/cmsis/system_stm32f4xx.o
 .text.SystemInit
                0x0000000008000a38       0x44 ./system/src/cmsis/system_stm32f4xx.o
                0x0000000008000a38                SystemInit
 .text.SystemCoreClockUpdate
                0x0000000008000a7c       0x90 ./system/src/cmsis/system_stm32f4xx.o
                0x0000000008000a7c                SystemCoreClockUpdate
 .text.main     0x0000000008000b0c       0x80 ./src/main.o
                0x0000000008000b0c                main
 .text.__errno  0x0000000008000b8c        0xc /Users/cabana/dev/gcc-arm-none-eabi-4_8-2014q1/bin/../lib/gcc/arm-none-eabi/4.8.3/../../../../arm-none-eabi/lib/armv7e-m/libg_s.a(lib_a-errno.o)
                0x0000000008000b8c                __errno
 .text.strlen   0x0000000008000b98       0x10 /Users/cabana/dev/gcc-arm-none-eabi-4_8-2014q1/bin/../lib/gcc/arm-none-eabi/4.8.3/../../../../arm-none-eabi/lib/armv7e-m/libg_s.a(lib_a-strlen.o)
                0x0000000008000b98                strlen
 .text._vsnprintf_r
                0x0000000008000ba8       0x52 /Users/cabana/dev/gcc-arm-none-eabi-4_8-2014q1/bin/../lib/gcc/arm-none-eabi/4.8.3/../../../../arm-none-eabi/lib/armv7e-m/libg_s.a(lib_a-vsnprintf.o)
                0x0000000008000ba8                _vsnprintf_r
                0x0000000008000ba8                _vsniprintf_r
 *fill*         0x0000000008000bfa        0x2 
 .text.vsnprintf
                0x0000000008000bfc       0x20 /Users/cabana/dev/gcc-arm-none-eabi-4_8-2014q1/bin/../lib/gcc/arm-none-eabi/4.8.3/../../../../arm-none-eabi/lib/armv7e-m/libg_s.a(lib_a-vsnprintf.o)
                0x0000000008000bfc                vsnprintf
                0x0000000008000bfc                vsniprintf
 .text.__ssputs_r
                0x0000000008000c1c       0xb8 /Users/cabana/dev/gcc-arm-none-eabi-4_8-2014q1/bin/../lib/gcc/arm-none-eabi/4.8.3/../../../../arm-none-eabi/lib/armv7e-m/libg_s.a(lib_a-svfprintf.o)
                0x0000000008000c1c                __ssputs_r
 .text._svfprintf_r
                0x0000000008000cd4      0x1dc /Users/cabana/dev/gcc-arm-none-eabi-4_8-2014q1/bin/../lib/gcc/arm-none-eabi/4.8.3/../../../../arm-none-eabi/lib/armv7e-m/libg_s.a(lib_a-svfprintf.o)
                0x0000000008000cd4                _svfprintf_r
                0x0000000008000cd4                _svfiprintf_r
 .text._printf_common
                0x0000000008000eb0       0xe4 /Users/cabana/dev/gcc-arm-none-eabi-4_8-2014q1/bin/../lib/gcc/arm-none-eabi/4.8.3/../../../../arm-none-eabi/lib/armv7e-m/libg_s.a(lib_a-vfprintf_i.o)
                0x0000000008000eb0                _printf_common
 .text._printf_i
                0x0000000008000f94      0x228 /Users/cabana/dev/gcc-arm-none-eabi-4_8-2014q1/bin/../lib/gcc/arm-none-eabi/4.8.3/../../../../arm-none-eabi/lib/armv7e-m/libg_s.a(lib_a-vfprintf_i.o)
                0x0000000008000f94                _printf_i
 .text.memchr   0x00000000080011bc       0x1e /Users/cabana/dev/gcc-arm-none-eabi-4_8-2014q1/bin/../lib/gcc/arm-none-eabi/4.8.3/../../../../arm-none-eabi/lib/armv7e-m/libg_s.a(lib_a-memchr-stub.o)
                0x00000000080011bc                memchr
 .text.memcpy   0x00000000080011da       0x12 /Users/cabana/dev/gcc-arm-none-eabi-4_8-2014q1/bin/../lib/gcc/arm-none-eabi/4.8.3/../../../../arm-none-eabi/lib/armv7e-m/libg_s.a(lib_a-memcpy-stub.o)
                0x00000000080011da                memcpy
 .text.memmove  0x00000000080011ec       0x36 /Users/cabana/dev/gcc-arm-none-eabi-4_8-2014q1/bin/../lib/gcc/arm-none-eabi/4.8.3/../../../../arm-none-eabi/lib/armv7e-m/libg_s.a(lib_a-memmove.o)
                0x00000000080011ec                memmove
 *fill*         0x0000000008001222        0x2 
 .text._free_r  0x0000000008001224       0x88 /Users/cabana/dev/gcc-arm-none-eabi-4_8-2014q1/bin/../lib/gcc/arm-none-eabi/4.8.3/../../../../arm-none-eabi/lib/armv7e-m/libg_s.a(lib_a-nano-freer.o)
                0x0000000008001224                _free_r
 .text._malloc_r
                0x00000000080012ac       0xa8 /Users/cabana/dev/gcc-arm-none-eabi-4_8-2014q1/bin/../lib/gcc/arm-none-eabi/4.8.3/../../../../arm-none-eabi/lib/armv7e-m/libg_s.a(lib_a-nano-mallocr.o)
                0x00000000080012ac                _malloc_r
 .text._realloc_r
                0x0000000008001354       0x4c /Users/cabana/dev/gcc-arm-none-eabi-4_8-2014q1/bin/../lib/gcc/arm-none-eabi/4.8.3/../../../../arm-none-eabi/lib/armv7e-m/libg_s.a(lib_a-nano-reallocr.o)
                0x0000000008001354                _realloc_r
 .text._sbrk_r  0x00000000080013a0       0x20 /Users/cabana/dev/gcc-arm-none-eabi-4_8-2014q1/bin/../lib/gcc/arm-none-eabi/4.8.3/../../../../arm-none-eabi/lib/armv7e-m/libg_s.a(lib_a-sbrkr.o)
                0x00000000080013a0                _sbrk_r
 .text._malloc_usable_size_r
                0x00000000080013c0       0x12 /Users/cabana/dev/gcc-arm-none-eabi-4_8-2014q1/bin/../lib/gcc/arm-none-eabi/4.8.3/../../../../arm-none-eabi/lib/armv7e-m/libg_s.a(lib_a-nano-msizer.o)
                0x00000000080013c0                _malloc_usable_size_r
 *(.rodata .rodata.* .constdata .constdata.*)
 *fill*         0x00000000080013d2        0x2 
 .rodata.str1.4
                0x00000000080013d4       0x27 ./system/src/stm32f4/stm32f4xx_gpio.o
                                         0x28 (size before relaxing)
 *fill*         0x00000000080013fb        0x1 
 .rodata.str1.4
                0x00000000080013fc       0x26 ./system/src/stm32f4/stm32f4xx_rcc.o
                                         0x28 (size before relaxing)
 *fill*         0x0000000008001422        0x2 
 .rodata.str1.4
                0x0000000008001424       0x14 ./system/src/newlib/_exit.o
 .rodata.str1.4
                0x0000000008001438       0x6b ./system/src/newlib/assert.o
                                         0x70 (size before relaxing)
 *fill*         0x00000000080014a3        0x1 
 .rodata.str1.4
                0x00000000080014a4       0x29 ./system/src/diag/Trace.o
                                         0x30 (size before relaxing)
 *fill*         0x00000000080014cd        0x3 
 .rodata.str1.4
                0x00000000080014d0      0x148 ./system/src/cortexm/exception_handlers.o
 .rodata.str1.1
                0x0000000008001618        0x2 /Users/cabana/dev/gcc-arm-none-eabi-4_8-2014q1/bin/../lib/gcc/arm-none-eabi/4.8.3/../../../../arm-none-eabi/lib/armv7e-m/libg_s.a(lib_a-impure.o)
 .rodata.str1.1
                0x000000000800161a       0x11 /Users/cabana/dev/gcc-arm-none-eabi-4_8-2014q1/bin/../lib/gcc/arm-none-eabi/4.8.3/../../../../arm-none-eabi/lib/armv7e-m/libg_s.a(lib_a-svfprintf.o)
 .rodata.str1.1
                0x000000000800162b       0x22 /Users/cabana/dev/gcc-arm-none-eabi-4_8-2014q1/bin/../lib/gcc/arm-none-eabi/4.8.3/../../../../arm-none-eabi/lib/armv7e-m/libg_s.a(lib_a-vfprintf_i.o)
 *(vtable)
 *(.eh_frame*)
 *(.glue_7)
 .glue_7        0x0000000000000000        0x0 linker stubs
 *(.glue_7t)
 .glue_7t       0x0000000000000000        0x0 linker stubs

.vfp11_veneer   0x0000000008001650        0x0
 .vfp11_veneer  0x0000000000000000        0x0 linker stubs

.v4_bx          0x0000000008001650        0x0
 .v4_bx         0x0000000000000000        0x0 linker stubs

.iplt           0x0000000008001650        0x0
 .iplt          0x0000000000000000        0x0 ./system/src/stm32f4/misc.o

.rel.dyn        0x0000000008001650        0x0
 .rel.iplt      0x0000000000000000        0x0 ./system/src/stm32f4/misc.o

.ARM.extab
 *(.ARM.extab* .gnu.linkonce.armextab.*)
                0x0000000008001650                . = ALIGN (0x4)
                0x0000000008001650                __exidx_start = .

.ARM.exidx
 *(.ARM.exidx* .gnu.linkonce.armexidx.*)
                0x0000000008001650                __exidx_end = .
                0x0000000008001650                . = ALIGN (0x4)
                0x0000000008001650                _etext = .
                0x0000000008001650                __etext = .

.data_CCMRAM    0x0000000010000000        0x0 load address 0x0000000008001650
 FILL mask 0xff
 *(.data.CCMRAM .data.CCMRAM.*)
                0x0000000010000000                . = ALIGN (0x4)
                0x0000000008001650                _sidata = LOADADDR (.data)

.data           0x0000000020000000       0x88 load address 0x0000000008001650
 FILL mask 0xff
                0x0000000020000000                _sdata = .
                0x0000000020000000                __data_start__ = .
 *(.data_begin .data_begin.*)
 .data_begin    0x0000000020000000        0x4 ./system/src/newlib/_startup.o
 *(.data .data.*)
 .data.argv.4458
                0x0000000020000004        0x8 ./system/src/newlib/_syscalls.o
 .data.AHBPrescTable
                0x000000002000000c       0x10 ./system/src/cmsis/system_stm32f4xx.o
                0x000000002000000c                AHBPrescTable
 .data.SystemCoreClock
                0x000000002000001c        0x4 ./system/src/cmsis/system_stm32f4xx.o
                0x000000002000001c                SystemCoreClock
 .data.impure_data
                0x0000000020000020       0x60 /Users/cabana/dev/gcc-arm-none-eabi-4_8-2014q1/bin/../lib/gcc/arm-none-eabi/4.8.3/../../../../arm-none-eabi/lib/armv7e-m/libg_s.a(lib_a-impure.o)
 .data._impure_ptr
                0x0000000020000080        0x4 /Users/cabana/dev/gcc-arm-none-eabi-4_8-2014q1/bin/../lib/gcc/arm-none-eabi/4.8.3/../../../../arm-none-eabi/lib/armv7e-m/libg_s.a(lib_a-impure.o)
                0x0000000020000080                _impure_ptr
 *(.data_end .data_end.*)
 .data_end      0x0000000020000084        0x4 ./system/src/newlib/_startup.o
                0x0000000020000088                . = ALIGN (0x4)
                0x0000000020000088                _edata = .
                0x0000000020000088                __data_end__ = .

.igot.plt       0x0000000020000088        0x0 load address 0x00000000080016d8
 .igot.plt      0x0000000000000000        0x0 ./system/src/stm32f4/misc.o

.bss_CCMRAM     0x0000000010000000        0x0
 *(.bss.CCMRAM .bss.CCMRAM.*)

.bss            0x0000000020000088       0x9c
                0x0000000020000088                __bss_start__ = .
                0x0000000020000088                _sbss = .
 *(.bss_begin .bss_begin.*)
 .bss_begin     0x0000000020000088        0x4 ./system/src/newlib/_startup.o
 *(.bss .bss.*)
 .bss.current_heap_end.4286
                0x000000002000008c        0x4 ./system/src/newlib/_sbrk.o
 .bss.name.4457
                0x0000000020000090        0x4 ./system/src/newlib/_syscalls.o
 .bss.buf.5349  0x0000000020000094       0x80 ./system/src/diag/Trace.o
 .bss.__malloc_sbrk_start
                0x0000000020000114        0x4 /Users/cabana/dev/gcc-arm-none-eabi-4_8-2014q1/bin/../lib/gcc/arm-none-eabi/4.8.3/../../../../arm-none-eabi/lib/armv7e-m/libg_s.a(lib_a-nano-mallocr.o)
                0x0000000020000114                __malloc_sbrk_start
 .bss.__malloc_free_list
                0x0000000020000118        0x4 /Users/cabana/dev/gcc-arm-none-eabi-4_8-2014q1/bin/../lib/gcc/arm-none-eabi/4.8.3/../../../../arm-none-eabi/lib/armv7e-m/libg_s.a(lib_a-nano-mallocr.o)
                0x0000000020000118                __malloc_free_list
 *(COMMON)
 COMMON         0x000000002000011c        0x4 ./system/src/newlib/_syscalls.o
                0x000000002000011c                errno
 *(.bss_end .bss_end.*)
 .bss_end       0x0000000020000120        0x4 ./system/src/newlib/_startup.o
                0x0000000020000124                . = ALIGN (0x4)
                0x0000000020000124                __bss_end__ = .
                0x0000000020000124                _ebss = .

.noinit_CCMRAM
 *(.noinit.CCMRAM .noinit.CCMRAM.*)

.noinit         0x0000000020000124        0x0
                0x0000000020000124                _noinit = .
 *(.noinit .noinit.*)
                0x0000000020000124                . = ALIGN (0x4)
                0x0000000020000124                _end_noinit = .
                0x0000000020000124                PROVIDE (end, _end_noinit)
                0x0000000020000124                PROVIDE (_end, _end_noinit)
                0x0000000020000124                PROVIDE (__end, _end_noinit)
                0x0000000020000124                PROVIDE (__end__, _end_noinit)

._check_stack   0x0000000020000124      0x100
                0x0000000020000224                . = (. + _Minimum_Stack_Size)
 *fill*         0x0000000020000124      0x100 

.b1text
 *(.b1text)
 *(.b1rodata)
 *(.b1rodata.*)

.eb0text
 *(.eb0text)
 *(.eb0rodata)
 *(.eb0rodata.*)

.eb1text
 *(.eb1text)
 *(.eb1rodata)
 *(.eb1rodata.*)

.eb2text
 *(.eb2text)
 *(.eb2rodata)
 *(.eb2rodata.*)

.eb3text
 *(.eb3text)
 *(.eb3rodata)
 *(.eb3rodata.*)

.stab
 *(.stab)

.stabstr
 *(.stabstr)

.stab.excl
 *(.stab.excl)

.stab.exclstr
 *(.stab.exclstr)

.stab.index
 *(.stab.index)

.stab.indexstr
 *(.stab.indexstr)

.comment        0x0000000000000000       0x70
 *(.comment)
 .comment       0x0000000000000000       0x70 ./system/src/stm32f4/stm32f4xx_gpio.o
                                         0x71 (size before relaxing)
 .comment       0x0000000000000000       0x71 ./system/src/stm32f4/stm32f4xx_rcc.o
 .comment       0x0000000000000000       0x71 ./system/src/newlib/_exit.o
 .comment       0x0000000000000000       0x71 ./system/src/newlib/_sbrk.o
 .comment       0x0000000000000000       0x71 ./system/src/newlib/_startup.o
 .comment       0x0000000000000000       0x71 ./system/src/newlib/_syscalls.o
 .comment       0x0000000000000000       0x71 ./system/src/newlib/assert.o
 .comment       0x0000000000000000       0x71 ./system/src/diag/Trace.o
 .comment       0x0000000000000000       0x71 ./system/src/diag/trace_impl.o
 .comment       0x0000000000000000       0x71 ./system/src/cortexm/_initialize_hardware.o
 .comment       0x0000000000000000       0x71 ./system/src/cortexm/exception_handlers.o
 .comment       0x0000000000000000       0x71 ./system/src/cmsis/system_stm32f4xx.o
 .comment       0x0000000000000000       0x71 ./system/src/cmsis/vectors_stm32f4xx.o
 .comment       0x0000000000000000       0x71 ./src/main.o

.ARM.attributes
                0x0000000000000000       0x33
 .ARM.attributes
                0x0000000000000000       0x33 ./system/src/stm32f4/stm32f4xx_gpio.o
 .ARM.attributes
                0x0000000000000033       0x33 ./system/src/stm32f4/stm32f4xx_rcc.o
 .ARM.attributes
                0x0000000000000066       0x33 ./system/src/newlib/_exit.o
 .ARM.attributes
                0x0000000000000099       0x33 ./system/src/newlib/_sbrk.o
 .ARM.attributes
                0x00000000000000cc       0x33 ./system/src/newlib/_startup.o
 .ARM.attributes
                0x00000000000000ff       0x33 ./system/src/newlib/_syscalls.o
 .ARM.attributes
                0x0000000000000132       0x33 ./system/src/newlib/assert.o
 .ARM.attributes
                0x0000000000000165       0x33 ./system/src/diag/Trace.o
 .ARM.attributes
                0x0000000000000198       0x33 ./system/src/diag/trace_impl.o
 .ARM.attributes
                0x00000000000001cb       0x33 ./system/src/cortexm/_initialize_hardware.o
 .ARM.attributes
                0x00000000000001fe       0x33 ./system/src/cortexm/exception_handlers.o
 .ARM.attributes
                0x0000000000000231       0x33 ./system/src/cmsis/system_stm32f4xx.o
 .ARM.attributes
                0x0000000000000264       0x33 ./system/src/cmsis/vectors_stm32f4xx.o
 .ARM.attributes
                0x0000000000000297       0x33 ./src/main.o
 .ARM.attributes
                0x00000000000002ca       0x2e /Users/cabana/dev/gcc-arm-none-eabi-4_8-2014q1/bin/../lib/gcc/arm-none-eabi/4.8.3/../../../../arm-none-eabi/lib/armv7e-m/libg_s.a(lib_a-errno.o)
 .ARM.attributes
                0x00000000000002f8       0x2e /Users/cabana/dev/gcc-arm-none-eabi-4_8-2014q1/bin/../lib/gcc/arm-none-eabi/4.8.3/../../../../arm-none-eabi/lib/armv7e-m/libg_s.a(lib_a-impure.o)
 .ARM.attributes
                0x0000000000000326       0x2e /Users/cabana/dev/gcc-arm-none-eabi-4_8-2014q1/bin/../lib/gcc/arm-none-eabi/4.8.3/../../../../arm-none-eabi/lib/armv7e-m/libg_s.a(lib_a-strlen.o)
 .ARM.attributes
                0x0000000000000354       0x2e /Users/cabana/dev/gcc-arm-none-eabi-4_8-2014q1/bin/../lib/gcc/arm-none-eabi/4.8.3/../../../../arm-none-eabi/lib/armv7e-m/libg_s.a(lib_a-vsnprintf.o)
 .ARM.attributes
                0x0000000000000382       0x2e /Users/cabana/dev/gcc-arm-none-eabi-4_8-2014q1/bin/../lib/gcc/arm-none-eabi/4.8.3/../../../../arm-none-eabi/lib/armv7e-m/libg_s.a(lib_a-svfprintf.o)
 .ARM.attributes
                0x00000000000003b0       0x2e /Users/cabana/dev/gcc-arm-none-eabi-4_8-2014q1/bin/../lib/gcc/arm-none-eabi/4.8.3/../../../../arm-none-eabi/lib/armv7e-m/libg_s.a(lib_a-vfprintf_i.o)
 .ARM.attributes
                0x00000000000003de       0x2e /Users/cabana/dev/gcc-arm-none-eabi-4_8-2014q1/bin/../lib/gcc/arm-none-eabi/4.8.3/../../../../arm-none-eabi/lib/armv7e-m/libg_s.a(lib_a-memchr-stub.o)
 .ARM.attributes
                0x000000000000040c       0x2e /Users/cabana/dev/gcc-arm-none-eabi-4_8-2014q1/bin/../lib/gcc/arm-none-eabi/4.8.3/../../../../arm-none-eabi/lib/armv7e-m/libg_s.a(lib_a-memcpy-stub.o)
 .ARM.attributes
                0x000000000000043a       0x2e /Users/cabana/dev/gcc-arm-none-eabi-4_8-2014q1/bin/../lib/gcc/arm-none-eabi/4.8.3/../../../../arm-none-eabi/lib/armv7e-m/libg_s.a(lib_a-memmove.o)
 .ARM.attributes
                0x0000000000000468       0x2e /Users/cabana/dev/gcc-arm-none-eabi-4_8-2014q1/bin/../lib/gcc/arm-none-eabi/4.8.3/../../../../arm-none-eabi/lib/armv7e-m/libg_s.a(lib_a-nano-freer.o)
 .ARM.attributes
                0x0000000000000496       0x2e /Users/cabana/dev/gcc-arm-none-eabi-4_8-2014q1/bin/../lib/gcc/arm-none-eabi/4.8.3/../../../../arm-none-eabi/lib/armv7e-m/libg_s.a(lib_a-nano-mallocr.o)
 .ARM.attributes
                0x00000000000004c4       0x2e /Users/cabana/dev/gcc-arm-none-eabi-4_8-2014q1/bin/../lib/gcc/arm-none-eabi/4.8.3/../../../../arm-none-eabi/lib/armv7e-m/libg_s.a(lib_a-nano-reallocr.o)
 .ARM.attributes
                0x00000000000004f2       0x2e /Users/cabana/dev/gcc-arm-none-eabi-4_8-2014q1/bin/../lib/gcc/arm-none-eabi/4.8.3/../../../../arm-none-eabi/lib/armv7e-m/libg_s.a(lib_a-sbrkr.o)
 .ARM.attributes
                0x0000000000000520       0x2e /Users/cabana/dev/gcc-arm-none-eabi-4_8-2014q1/bin/../lib/gcc/arm-none-eabi/4.8.3/../../../../arm-none-eabi/lib/armv7e-m/libg_s.a(lib_a-nano-msizer.o)

.debug
 *(.debug)

.line
 *(.line)

.debug_srcinfo
 *(.debug_srcinfo)

.debug_sfnames
 *(.debug_sfnames)

.debug_aranges  0x0000000000000000      0x550
 *(.debug_aranges)
 .debug_aranges
                0x0000000000000000       0x88 ./system/src/stm32f4/stm32f4xx_gpio.o
 .debug_aranges
                0x0000000000000088      0x1c0 ./system/src/stm32f4/stm32f4xx_rcc.o
 .debug_aranges
                0x0000000000000248       0x28 ./system/src/newlib/_exit.o
 .debug_aranges
                0x0000000000000270       0x20 ./system/src/newlib/_sbrk.o
 .debug_aranges
                0x0000000000000290       0x40 ./system/src/newlib/_startup.o
 .debug_aranges
                0x00000000000002d0       0xd0 ./system/src/newlib/_syscalls.o
 .debug_aranges
                0x00000000000003a0       0x28 ./system/src/newlib/assert.o
 .debug_aranges
                0x00000000000003c8       0x38 ./system/src/diag/Trace.o
 .debug_aranges
                0x0000000000000400       0x30 ./system/src/diag/trace_impl.o
 .debug_aranges
                0x0000000000000430       0x28 ./system/src/cortexm/_initialize_hardware.o
 .debug_aranges
                0x0000000000000458       0x88 ./system/src/cortexm/exception_handlers.o
 .debug_aranges
                0x00000000000004e0       0x30 ./system/src/cmsis/system_stm32f4xx.o
 .debug_aranges
                0x0000000000000510       0x20 ./system/src/cmsis/vectors_stm32f4xx.o
 .debug_aranges
                0x0000000000000530       0x20 ./src/main.o

.debug_pubnames
 *(.debug_pubnames)

.debug_info     0x0000000000000000     0x4f0e
 *(.debug_info .gnu.linkonce.wi.*)
 .debug_info    0x0000000000000000      0xb78 ./system/src/stm32f4/stm32f4xx_gpio.o
 .debug_info    0x0000000000000b78     0x16b9 ./system/src/stm32f4/stm32f4xx_rcc.o
 .debug_info    0x0000000000002231      0x100 ./system/src/newlib/_exit.o
 .debug_info    0x0000000000002331      0x125 ./system/src/newlib/_sbrk.o
 .debug_info    0x0000000000002456      0x51a ./system/src/newlib/_startup.o
 .debug_info    0x0000000000002970      0x8f3 ./system/src/newlib/_syscalls.o
 .debug_info    0x0000000000003263      0x1f6 ./system/src/newlib/assert.o
 .debug_info    0x0000000000003459      0x32b ./system/src/diag/Trace.o
 .debug_info    0x0000000000003784      0x3fe ./system/src/diag/trace_impl.o
 .debug_info    0x0000000000003b82       0xea ./system/src/cortexm/_initialize_hardware.o
 .debug_info    0x0000000000003c6c      0x7d1 ./system/src/cortexm/exception_handlers.o
 .debug_info    0x000000000000443d      0x5f1 ./system/src/cmsis/system_stm32f4xx.o
 .debug_info    0x0000000000004a2e       0xd1 ./system/src/cmsis/vectors_stm32f4xx.o
 .debug_info    0x0000000000004aff      0x40f ./src/main.o

.debug_abbrev   0x0000000000000000     0x1247
 *(.debug_abbrev)
 .debug_abbrev  0x0000000000000000      0x1ec ./system/src/stm32f4/stm32f4xx_gpio.o
 .debug_abbrev  0x00000000000001ec      0x1ff ./system/src/stm32f4/stm32f4xx_rcc.o
 .debug_abbrev  0x00000000000003eb       0xa4 ./system/src/newlib/_exit.o
 .debug_abbrev  0x000000000000048f       0xbb ./system/src/newlib/_sbrk.o
 .debug_abbrev  0x000000000000054a      0x211 ./system/src/newlib/_startup.o
 .debug_abbrev  0x000000000000075b      0x178 ./system/src/newlib/_syscalls.o
 .debug_abbrev  0x00000000000008d3       0xc9 ./system/src/newlib/assert.o
 .debug_abbrev  0x000000000000099c      0x178 ./system/src/diag/Trace.o
 .debug_abbrev  0x0000000000000b14      0x188 ./system/src/diag/trace_impl.o
 .debug_abbrev  0x0000000000000c9c       0x88 ./system/src/cortexm/_initialize_hardware.o
 .debug_abbrev  0x0000000000000d24      0x1d6 ./system/src/cortexm/exception_handlers.o
 .debug_abbrev  0x0000000000000efa      0x13d ./system/src/cmsis/system_stm32f4xx.o
 .debug_abbrev  0x0000000000001037       0x9d ./system/src/cmsis/vectors_stm32f4xx.o
 .debug_abbrev  0x00000000000010d4      0x173 ./src/main.o

.debug_line     0x0000000000000000     0x3fcd
 *(.debug_line)
 .debug_line    0x0000000000000000      0x6a0 ./system/src/stm32f4/stm32f4xx_gpio.o
 .debug_line    0x00000000000006a0      0xb16 ./system/src/stm32f4/stm32f4xx_rcc.o
 .debug_line    0x00000000000011b6      0x28a ./system/src/newlib/_exit.o
 .debug_line    0x0000000000001440      0x23c ./system/src/newlib/_sbrk.o
 .debug_line    0x000000000000167c      0x308 ./system/src/newlib/_startup.o
 .debug_line    0x0000000000001984      0x49d ./system/src/newlib/_syscalls.o
 .debug_line    0x0000000000001e21      0x2b0 ./system/src/newlib/assert.o
 .debug_line    0x00000000000020d1      0x349 ./system/src/diag/Trace.o
 .debug_line    0x000000000000241a      0x564 ./system/src/diag/trace_impl.o
 .debug_line    0x000000000000297e      0x498 ./system/src/cortexm/_initialize_hardware.o
 .debug_line    0x0000000000002e16      0x680 ./system/src/cortexm/exception_handlers.o
 .debug_line    0x0000000000003496      0x4e1 ./system/src/cmsis/system_stm32f4xx.o
 .debug_line    0x0000000000003977      0x1f2 ./system/src/cmsis/vectors_stm32f4xx.o
 .debug_line    0x0000000000003b69      0x464 ./src/main.o

.debug_frame    0x0000000000000000      0xfcc
 *(.debug_frame)
 .debug_frame   0x0000000000000000      0x184 ./system/src/stm32f4/stm32f4xx_gpio.o
 .debug_frame   0x0000000000000184      0x548 ./system/src/stm32f4/stm32f4xx_rcc.o
 .debug_frame   0x00000000000006cc       0x38 ./system/src/newlib/_exit.o
 .debug_frame   0x0000000000000704       0x28 ./system/src/newlib/_sbrk.o
 .debug_frame   0x000000000000072c       0x7c ./system/src/newlib/_startup.o
 .debug_frame   0x00000000000007a8      0x230 ./system/src/newlib/_syscalls.o
 .debug_frame   0x00000000000009d8       0x40 ./system/src/newlib/assert.o
 .debug_frame   0x0000000000000a18       0x80 ./system/src/diag/Trace.o
 .debug_frame   0x0000000000000a98       0x50 ./system/src/diag/trace_impl.o
 .debug_frame   0x0000000000000ae8       0x40 ./system/src/cortexm/_initialize_hardware.o
 .debug_frame   0x0000000000000b28      0x144 ./system/src/cortexm/exception_handlers.o
 .debug_frame   0x0000000000000c6c       0x4c ./system/src/cmsis/system_stm32f4xx.o
 .debug_frame   0x0000000000000cb8       0x20 ./system/src/cmsis/vectors_stm32f4xx.o
 .debug_frame   0x0000000000000cd8       0x30 ./src/main.o
 .debug_frame   0x0000000000000d08       0x20 /Users/cabana/dev/gcc-arm-none-eabi-4_8-2014q1/bin/../lib/gcc/arm-none-eabi/4.8.3/../../../../arm-none-eabi/lib/armv7e-m/libg_s.a(lib_a-errno.o)
 .debug_frame   0x0000000000000d28       0x20 /Users/cabana/dev/gcc-arm-none-eabi-4_8-2014q1/bin/../lib/gcc/arm-none-eabi/4.8.3/../../../../arm-none-eabi/lib/armv7e-m/libg_s.a(lib_a-strlen.o)
 .debug_frame   0x0000000000000d48       0x4c /Users/cabana/dev/gcc-arm-none-eabi-4_8-2014q1/bin/../lib/gcc/arm-none-eabi/4.8.3/../../../../arm-none-eabi/lib/armv7e-m/libg_s.a(lib_a-vsnprintf.o)
 .debug_frame   0x0000000000000d94       0x88 /Users/cabana/dev/gcc-arm-none-eabi-4_8-2014q1/bin/../lib/gcc/arm-none-eabi/4.8.3/../../../../arm-none-eabi/lib/armv7e-m/libg_s.a(lib_a-svfprintf.o)
 .debug_frame   0x0000000000000e1c       0x60 /Users/cabana/dev/gcc-arm-none-eabi-4_8-2014q1/bin/../lib/gcc/arm-none-eabi/4.8.3/../../../../arm-none-eabi/lib/armv7e-m/libg_s.a(lib_a-vfprintf_i.o)
 .debug_frame   0x0000000000000e7c       0x28 /Users/cabana/dev/gcc-arm-none-eabi-4_8-2014q1/bin/../lib/gcc/arm-none-eabi/4.8.3/../../../../arm-none-eabi/lib/armv7e-m/libg_s.a(lib_a-memchr-stub.o)
 .debug_frame   0x0000000000000ea4       0x28 /Users/cabana/dev/gcc-arm-none-eabi-4_8-2014q1/bin/../lib/gcc/arm-none-eabi/4.8.3/../../../../arm-none-eabi/lib/armv7e-m/libg_s.a(lib_a-memcpy-stub.o)
 .debug_frame   0x0000000000000ecc       0x2c /Users/cabana/dev/gcc-arm-none-eabi-4_8-2014q1/bin/../lib/gcc/arm-none-eabi/4.8.3/../../../../arm-none-eabi/lib/armv7e-m/libg_s.a(lib_a-memmove.o)
 .debug_frame   0x0000000000000ef8       0x2c /Users/cabana/dev/gcc-arm-none-eabi-4_8-2014q1/bin/../lib/gcc/arm-none-eabi/4.8.3/../../../../arm-none-eabi/lib/armv7e-m/libg_s.a(lib_a-nano-freer.o)
 .debug_frame   0x0000000000000f24       0x2c /Users/cabana/dev/gcc-arm-none-eabi-4_8-2014q1/bin/../lib/gcc/arm-none-eabi/4.8.3/../../../../arm-none-eabi/lib/armv7e-m/libg_s.a(lib_a-nano-mallocr.o)
 .debug_frame   0x0000000000000f50       0x30 /Users/cabana/dev/gcc-arm-none-eabi-4_8-2014q1/bin/../lib/gcc/arm-none-eabi/4.8.3/../../../../arm-none-eabi/lib/armv7e-m/libg_s.a(lib_a-nano-reallocr.o)
 .debug_frame   0x0000000000000f80       0x2c /Users/cabana/dev/gcc-arm-none-eabi-4_8-2014q1/bin/../lib/gcc/arm-none-eabi/4.8.3/../../../../arm-none-eabi/lib/armv7e-m/libg_s.a(lib_a-sbrkr.o)
 .debug_frame   0x0000000000000fac       0x20 /Users/cabana/dev/gcc-arm-none-eabi-4_8-2014q1/bin/../lib/gcc/arm-none-eabi/4.8.3/../../../../arm-none-eabi/lib/armv7e-m/libg_s.a(lib_a-nano-msizer.o)

.debug_str      0x0000000000000000    0x652dc
 *(.debug_str)
 .debug_str     0x0000000000000000    0x5ea61 ./system/src/stm32f4/stm32f4xx_gpio.o
                                      0x5ec3f (size before relaxing)
 .debug_str     0x000000000005ea61      0xd8a ./system/src/stm32f4/stm32f4xx_rcc.o
                                      0x5f701 (size before relaxing)
 .debug_str     0x000000000005f7eb     0x2803 ./system/src/newlib/_exit.o
                                       0x4f1f (size before relaxing)
 .debug_str     0x0000000000061fee      0x4de ./system/src/newlib/_sbrk.o
                                       0x44d5 (size before relaxing)
 .debug_str     0x00000000000624cc      0x2eb ./system/src/newlib/_startup.o
                                       0x3fbc (size before relaxing)
 .debug_str     0x00000000000627b7      0xe41 ./system/src/newlib/_syscalls.o
                                       0x5394 (size before relaxing)
 .debug_str     0x00000000000635f8       0xd0 ./system/src/newlib/assert.o
                                       0x58e2 (size before relaxing)
 .debug_str     0x00000000000636c8     0x1782 ./system/src/diag/Trace.o
                                       0x6606 (size before relaxing)
 .debug_str     0x0000000000064e4a       0xd7 ./system/src/diag/trace_impl.o
                                      0x6058e (size before relaxing)
 .debug_str     0x0000000000064f21       0x4e ./system/src/cortexm/_initialize_hardware.o
                                      0x5e94e (size before relaxing)
 .debug_str     0x0000000000064f6f      0x239 ./system/src/cortexm/exception_handlers.o
                                      0x6217d (size before relaxing)
 .debug_str     0x00000000000651a8       0xc2 ./system/src/cmsis/system_stm32f4xx.o
                                      0x5eb7b (size before relaxing)
 .debug_str     0x000000000006526a       0x57 ./system/src/cmsis/vectors_stm32f4xx.o
                                       0x2ffe (size before relaxing)
 .debug_str     0x00000000000652c1       0x1b ./src/main.o
                                      0x5eb03 (size before relaxing)

.debug_loc      0x0000000000000000     0x2531
 *(.debug_loc)
 .debug_loc     0x0000000000000000      0x518 ./system/src/stm32f4/stm32f4xx_gpio.o
 .debug_loc     0x0000000000000518     0x1201 ./system/src/stm32f4/stm32f4xx_rcc.o
 .debug_loc     0x0000000000001719       0x6b ./system/src/newlib/_sbrk.o
 .debug_loc     0x0000000000001784      0x36e ./system/src/newlib/_startup.o
 .debug_loc     0x0000000000001af2      0x549 ./system/src/newlib/_syscalls.o
 .debug_loc     0x000000000000203b       0xe1 ./system/src/newlib/assert.o
 .debug_loc     0x000000000000211c       0xf7 ./system/src/diag/Trace.o
 .debug_loc     0x0000000000002213       0x97 ./system/src/diag/trace_impl.o
 .debug_loc     0x00000000000022aa      0x184 ./system/src/cortexm/exception_handlers.o
 .debug_loc     0x000000000000242e      0x103 ./system/src/cmsis/system_stm32f4xx.o

.debug_macinfo
 *(.debug_macinfo)

.debug_weaknames
 *(.debug_weaknames)

.debug_funcnames
 *(.debug_funcnames)

.debug_typenames
 *(.debug_typenames)

.debug_varnames
 *(.debug_varnames)
OUTPUT(Blinky.elf elf32-littlearm)

.debug_ranges   0x0000000000000000      0x470
 .debug_ranges  0x0000000000000000       0x78 ./system/src/stm32f4/stm32f4xx_gpio.o
 .debug_ranges  0x0000000000000078      0x1b0 ./system/src/stm32f4/stm32f4xx_rcc.o
 .debug_ranges  0x0000000000000228       0x18 ./system/src/newlib/_exit.o
 .debug_ranges  0x0000000000000240       0x10 ./system/src/newlib/_sbrk.o
 .debug_ranges  0x0000000000000250       0x30 ./system/src/newlib/_startup.o
 .debug_ranges  0x0000000000000280       0xc0 ./system/src/newlib/_syscalls.o
 .debug_ranges  0x0000000000000340       0x18 ./system/src/newlib/assert.o
 .debug_ranges  0x0000000000000358       0x28 ./system/src/diag/Trace.o
 .debug_ranges  0x0000000000000380       0x20 ./system/src/diag/trace_impl.o
 .debug_ranges  0x00000000000003a0       0x18 ./system/src/cortexm/_initialize_hardware.o
 .debug_ranges  0x00000000000003b8       0x78 ./system/src/cortexm/exception_handlers.o
 .debug_ranges  0x0000000000000430       0x20 ./system/src/cmsis/system_stm32f4xx.o
 .debug_ranges  0x0000000000000450       0x10 ./system/src/cmsis/vectors_stm32f4xx.o
 .debug_ranges  0x0000000000000460       0x10 ./src/main.o

.debug_macro    0x0000000000000000     0x3a41
 .debug_macro   0x0000000000000000      0x19f ./system/src/stm32f4/stm32f4xx_gpio.o
 .debug_macro   0x000000000000019f      0x2e7 ./system/src/stm32f4/stm32f4xx_gpio.o
 .debug_macro   0x0000000000000486      0x269 ./system/src/stm32f4/stm32f4xx_rcc.o
 .debug_macro   0x00000000000006ef      0x64a ./system/src/stm32f4/stm32f4xx_rcc.o
 .debug_macro   0x0000000000000d39      0x11b ./system/src/newlib/_exit.o
 .debug_macro   0x0000000000000e54       0xa3 ./system/src/newlib/_exit.o
 .debug_macro   0x0000000000000ef7      0x10e ./system/src/newlib/_exit.o
 .debug_macro   0x0000000000001005       0x86 ./system/src/newlib/_exit.o
 .debug_macro   0x000000000000108b       0x43 ./system/src/newlib/_exit.o
 .debug_macro   0x00000000000010ce       0x10 ./system/src/newlib/_exit.o
 .debug_macro   0x00000000000010de       0x35 ./system/src/newlib/_exit.o
 .debug_macro   0x0000000000001113       0xd1 ./system/src/newlib/_sbrk.o
 .debug_macro   0x00000000000011e4       0x19 ./system/src/newlib/_sbrk.o
 .debug_macro   0x00000000000011fd      0x16d ./system/src/newlib/_sbrk.o
 .debug_macro   0x000000000000136a       0x10 ./system/src/newlib/_sbrk.o
 .debug_macro   0x000000000000137a      0x23b ./system/src/newlib/_sbrk.o
 .debug_macro   0x00000000000015b5       0xe7 ./system/src/newlib/_startup.o
 .debug_macro   0x000000000000169c      0x880 ./system/src/newlib/_startup.o
 .debug_macro   0x0000000000001f1c      0x169 ./system/src/newlib/_syscalls.o
 .debug_macro   0x0000000000002085       0x1c ./system/src/newlib/_syscalls.o
 .debug_macro   0x00000000000020a1       0x10 ./system/src/newlib/_syscalls.o
 .debug_macro   0x00000000000020b1       0x10 ./system/src/newlib/_syscalls.o
 .debug_macro   0x00000000000020c1       0x10 ./system/src/newlib/_syscalls.o
 .debug_macro   0x00000000000020d1       0x35 ./system/src/newlib/_syscalls.o
 .debug_macro   0x0000000000002106      0x120 ./system/src/newlib/_syscalls.o
 .debug_macro   0x0000000000002226       0x22 ./system/src/newlib/_syscalls.o
 .debug_macro   0x0000000000002248       0x2b ./system/src/newlib/_syscalls.o
 .debug_macro   0x0000000000002273      0x118 ./system/src/newlib/_syscalls.o
 .debug_macro   0x000000000000238b      0x13a ./system/src/newlib/_syscalls.o
 .debug_macro   0x00000000000024c5       0x16 ./system/src/newlib/_syscalls.o
 .debug_macro   0x00000000000024db      0x137 ./system/src/newlib/assert.o
 .debug_macro   0x0000000000002612       0x1c ./system/src/newlib/assert.o
 .debug_macro   0x000000000000262e      0x20f ./system/src/newlib/assert.o
 .debug_macro   0x000000000000283d      0x15a ./system/src/diag/Trace.o
 .debug_macro   0x0000000000002997       0x16 ./system/src/diag/Trace.o
 .debug_macro   0x00000000000029ad       0x97 ./system/src/diag/Trace.o
 .debug_macro   0x0000000000002a44       0x10 ./system/src/diag/Trace.o
 .debug_macro   0x0000000000002a54       0xf6 ./system/src/diag/Trace.o
 .debug_macro   0x0000000000002b4a       0x16 ./system/src/diag/Trace.o
 .debug_macro   0x0000000000002b60      0x16c ./system/src/diag/Trace.o
 .debug_macro   0x0000000000002ccc       0x52 ./system/src/diag/Trace.o
 .debug_macro   0x0000000000002d1e      0x283 ./system/src/diag/Trace.o
 .debug_macro   0x0000000000002fa1       0x10 ./system/src/diag/Trace.o
 .debug_macro   0x0000000000002fb1       0x1f ./system/src/diag/Trace.o
 .debug_macro   0x0000000000002fd0      0x259 ./system/src/diag/trace_impl.o
 .debug_macro   0x0000000000003229      0x19f ./system/src/cortexm/_initialize_hardware.o
 .debug_macro   0x00000000000033c8      0x2b7 ./system/src/cortexm/exception_handlers.o
 .debug_macro   0x000000000000367f       0x22 ./system/src/cortexm/exception_handlers.o
 .debug_macro   0x00000000000036a1      0x1b9 ./system/src/cmsis/system_stm32f4xx.o
 .debug_macro   0x000000000000385a       0x52 ./system/src/cmsis/vectors_stm32f4xx.o
 .debug_macro   0x00000000000038ac      0x195 ./src/main.o
