Archive member included because of file (symbol)

/Users/cabana/dev/gcc-arm-none-eabi-4_8-2014q1/bin/../lib/gcc/arm-none-eabi/4.8.3/../../../../arm-none-eabi/lib/armv7e-m/libg_s.a(lib_a-errno.o)
                              ./system/src/newlib/_sbrk.o (__errno)
/Users/cabana/dev/gcc-arm-none-eabi-4_8-2014q1/bin/../lib/gcc/arm-none-eabi/4.8.3/../../../../arm-none-eabi/lib/armv7e-m/libg_s.a(lib_a-impure.o)
                              /Users/cabana/dev/gcc-arm-none-eabi-4_8-2014q1/bin/../lib/gcc/arm-none-eabi/4.8.3/../../../../arm-none-eabi/lib/armv7e-m/libg_s.a(lib_a-errno.o) (_impure_ptr)
/Users/cabana/dev/gcc-arm-none-eabi-4_8-2014q1/bin/../lib/gcc/arm-none-eabi/4.8.3/../../../../arm-none-eabi/lib/armv7e-m/libg_s.a(lib_a-memset.o)
                              ./system/src/stm32f4/stm32f4xx_cryp_aes.o (memset)
/Users/cabana/dev/gcc-arm-none-eabi-4_8-2014q1/bin/../lib/gcc/arm-none-eabi/4.8.3/../../../../arm-none-eabi/lib/armv7e-m/libg_s.a(lib_a-strlen.o)
                              ./system/src/diag/Trace.o (strlen)
/Users/cabana/dev/gcc-arm-none-eabi-4_8-2014q1/bin/../lib/gcc/arm-none-eabi/4.8.3/../../../../arm-none-eabi/lib/armv7e-m/libg_s.a(lib_a-vsnprintf.o)
                              ./system/src/diag/Trace.o (vsnprintf)
/Users/cabana/dev/gcc-arm-none-eabi-4_8-2014q1/bin/../lib/gcc/arm-none-eabi/4.8.3/../../../../arm-none-eabi/lib/armv7e-m/libg_s.a(lib_a-svfprintf.o)
                              /Users/cabana/dev/gcc-arm-none-eabi-4_8-2014q1/bin/../lib/gcc/arm-none-eabi/4.8.3/../../../../arm-none-eabi/lib/armv7e-m/libg_s.a(lib_a-vsnprintf.o) (_svfprintf_r)
/Users/cabana/dev/gcc-arm-none-eabi-4_8-2014q1/bin/../lib/gcc/arm-none-eabi/4.8.3/../../../../arm-none-eabi/lib/armv7e-m/libg_s.a(lib_a-vfprintf_i.o)
                              /Users/cabana/dev/gcc-arm-none-eabi-4_8-2014q1/bin/../lib/gcc/arm-none-eabi/4.8.3/../../../../arm-none-eabi/lib/armv7e-m/libg_s.a(lib_a-svfprintf.o) (_printf_i)
/Users/cabana/dev/gcc-arm-none-eabi-4_8-2014q1/bin/../lib/gcc/arm-none-eabi/4.8.3/../../../../arm-none-eabi/lib/armv7e-m/libg_s.a(lib_a-memchr-stub.o)
                              /Users/cabana/dev/gcc-arm-none-eabi-4_8-2014q1/bin/../lib/gcc/arm-none-eabi/4.8.3/../../../../arm-none-eabi/lib/armv7e-m/libg_s.a(lib_a-svfprintf.o) (memchr)
/Users/cabana/dev/gcc-arm-none-eabi-4_8-2014q1/bin/../lib/gcc/arm-none-eabi/4.8.3/../../../../arm-none-eabi/lib/armv7e-m/libg_s.a(lib_a-memcpy-stub.o)
                              /Users/cabana/dev/gcc-arm-none-eabi-4_8-2014q1/bin/../lib/gcc/arm-none-eabi/4.8.3/../../../../arm-none-eabi/lib/armv7e-m/libg_s.a(lib_a-svfprintf.o) (memcpy)
/Users/cabana/dev/gcc-arm-none-eabi-4_8-2014q1/bin/../lib/gcc/arm-none-eabi/4.8.3/../../../../arm-none-eabi/lib/armv7e-m/libg_s.a(lib_a-memmove.o)
                              /Users/cabana/dev/gcc-arm-none-eabi-4_8-2014q1/bin/../lib/gcc/arm-none-eabi/4.8.3/../../../../arm-none-eabi/lib/armv7e-m/libg_s.a(lib_a-svfprintf.o) (memmove)
/Users/cabana/dev/gcc-arm-none-eabi-4_8-2014q1/bin/../lib/gcc/arm-none-eabi/4.8.3/../../../../arm-none-eabi/lib/armv7e-m/libg_s.a(lib_a-nano-freer.o)
                              /Users/cabana/dev/gcc-arm-none-eabi-4_8-2014q1/bin/../lib/gcc/arm-none-eabi/4.8.3/../../../../arm-none-eabi/lib/armv7e-m/libg_s.a(lib_a-svfprintf.o) (_free_r)
/Users/cabana/dev/gcc-arm-none-eabi-4_8-2014q1/bin/../lib/gcc/arm-none-eabi/4.8.3/../../../../arm-none-eabi/lib/armv7e-m/libg_s.a(lib_a-nano-mallocr.o)
                              /Users/cabana/dev/gcc-arm-none-eabi-4_8-2014q1/bin/../lib/gcc/arm-none-eabi/4.8.3/../../../../arm-none-eabi/lib/armv7e-m/libg_s.a(lib_a-svfprintf.o) (_malloc_r)
/Users/cabana/dev/gcc-arm-none-eabi-4_8-2014q1/bin/../lib/gcc/arm-none-eabi/4.8.3/../../../../arm-none-eabi/lib/armv7e-m/libg_s.a(lib_a-nano-reallocr.o)
                              /Users/cabana/dev/gcc-arm-none-eabi-4_8-2014q1/bin/../lib/gcc/arm-none-eabi/4.8.3/../../../../arm-none-eabi/lib/armv7e-m/libg_s.a(lib_a-svfprintf.o) (_realloc_r)
/Users/cabana/dev/gcc-arm-none-eabi-4_8-2014q1/bin/../lib/gcc/arm-none-eabi/4.8.3/../../../../arm-none-eabi/lib/armv7e-m/libg_s.a(lib_a-sbrkr.o)
                              /Users/cabana/dev/gcc-arm-none-eabi-4_8-2014q1/bin/../lib/gcc/arm-none-eabi/4.8.3/../../../../arm-none-eabi/lib/armv7e-m/libg_s.a(lib_a-nano-mallocr.o) (_sbrk_r)
/Users/cabana/dev/gcc-arm-none-eabi-4_8-2014q1/bin/../lib/gcc/arm-none-eabi/4.8.3/../../../../arm-none-eabi/lib/armv7e-m/libg_s.a(lib_a-nano-msizer.o)
                              /Users/cabana/dev/gcc-arm-none-eabi-4_8-2014q1/bin/../lib/gcc/arm-none-eabi/4.8.3/../../../../arm-none-eabi/lib/armv7e-m/libg_s.a(lib_a-nano-reallocr.o) (_malloc_usable_size_r)

Allocating common symbols
Common symbol       size              file

errno               0x4               ./system/src/newlib/_syscalls.o

Discarded input sections

 .text          0x0000000000000000        0x0 ./system/src/stm32f4/misc.o
 .data          0x0000000000000000        0x0 ./system/src/stm32f4/misc.o
[...]
Memory Configuration

Name             Origin             Length             Attributes
RAM              0x0000000020000000 0x0000000000020000 xrw
CCMRAM           0x0000000010000000 0x0000000000010000 xrw
FLASH            0x0000000008000000 0x0000000000100000 xr
FLASHB1          0x0000000000000000 0x0000000000000000 xr
EXTMEMB0         0x0000000000000000 0x0000000000000000 xr
EXTMEMB1         0x0000000000000000 0x0000000000000000 xr
EXTMEMB2         0x0000000000000000 0x0000000000000000 xr
EXTMEMB3         0x0000000000000000 0x0000000000000000 xr
MEMORY_ARRAY     0x0000000020002000 0x0000000000000020 xrw
*default*        0x0000000000000000 0xffffffffffffffff

Linker script and memory map

LOAD ./system/src/stm32f4/misc.o
LOAD ./system/src/stm32f4/stm32f4xx_adc.o
LOAD ./system/src/stm32f4/stm32f4xx_can.o
LOAD ./system/src/stm32f4/stm32f4xx_cec.o
LOAD ./system/src/stm32f4/stm32f4xx_crc.o
LOAD ./system/src/stm32f4/stm32f4xx_cryp.o
LOAD ./system/src/stm32f4/stm32f4xx_cryp_aes.o
LOAD ./system/src/stm32f4/stm32f4xx_cryp_des.o
LOAD ./system/src/stm32f4/stm32f4xx_cryp_tdes.o
LOAD ./system/src/stm32f4/stm32f4xx_dac.o
LOAD ./system/src/stm32f4/stm32f4xx_dbgmcu.o
LOAD ./system/src/stm32f4/stm32f4xx_dcmi.o
LOAD ./system/src/stm32f4/stm32f4xx_dma.o
LOAD ./system/src/stm32f4/stm32f4xx_dma2d.o
LOAD ./system/src/stm32f4/stm32f4xx_exti.o
LOAD ./system/src/stm32f4/stm32f4xx_flash.o
LOAD ./system/src/stm32f4/stm32f4xx_flash_ramfunc.o
LOAD ./system/src/stm32f4/stm32f4xx_fmpi2c.o
LOAD ./system/src/stm32f4/stm32f4xx_fsmc.o
LOAD ./system/src/stm32f4/stm32f4xx_gpio.o
LOAD ./system/src/stm32f4/stm32f4xx_hash.o
LOAD ./system/src/stm32f4/stm32f4xx_hash_md5.o
LOAD ./system/src/stm32f4/stm32f4xx_hash_sha1.o
LOAD ./system/src/stm32f4/stm32f4xx_i2c.o
LOAD ./system/src/stm32f4/stm32f4xx_iwdg.o
LOAD ./system/src/stm32f4/stm32f4xx_ltdc.o
LOAD ./system/src/stm32f4/stm32f4xx_pwr.o
LOAD ./system/src/stm32f4/stm32f4xx_qspi.o
LOAD ./system/src/stm32f4/stm32f4xx_rcc.o
LOAD ./system/src/stm32f4/stm32f4xx_rng.o
LOAD ./system/src/stm32f4/stm32f4xx_rtc.o
LOAD ./system/src/stm32f4/stm32f4xx_sai.o
LOAD ./system/src/stm32f4/stm32f4xx_sdio.o
LOAD ./system/src/stm32f4/stm32f4xx_spdifrx.o
LOAD ./system/src/stm32f4/stm32f4xx_spi.o
LOAD ./system/src/stm32f4/stm32f4xx_syscfg.o
LOAD ./system/src/stm32f4/stm32f4xx_tim.o
LOAD ./system/src/stm32f4/stm32f4xx_usart.o
LOAD ./system/src/stm32f4/stm32f4xx_wwdg.o
LOAD ./system/src/newlib/_cxx.o
LOAD ./system/src/newlib/_exit.o
LOAD ./system/src/newlib/_sbrk.o
LOAD ./system/src/newlib/_startup.o
LOAD ./system/src/newlib/_syscalls.o
LOAD ./system/src/newlib/assert.o
LOAD ./system/src/diag/Trace.o
LOAD ./system/src/diag/trace_impl.o
LOAD ./system/src/cortexm/_initialize_hardware.o
LOAD ./system/src/cortexm/_reset_hardware.o
LOAD ./system/src/cortexm/exception_handlers.o
LOAD ./system/src/cmsis/system_stm32f4xx.o
LOAD ./system/src/cmsis/vectors_stm32f4xx.o
LOAD ./src/_write.o
LOAD ./src/main.o
LOAD /Users/cabana/dev/gcc-arm-none-eabi-4_8-2014q1/bin/../lib/gcc/arm-none-eabi/4.8.3/../../../../arm-none-eabi/lib/armv7e-m/libstdc++_s.a
LOAD /Users/cabana/dev/gcc-arm-none-eabi-4_8-2014q1/bin/../lib/gcc/arm-none-eabi/4.8.3/../../../../arm-none-eabi/lib/armv7e-m/libm.a
START GROUP
LOAD /Users/cabana/dev/gcc-arm-none-eabi-4_8-2014q1/bin/../lib/gcc/arm-none-eabi/4.8.3/armv7e-m/libgcc.a
LOAD /Users/cabana/dev/gcc-arm-none-eabi-4_8-2014q1/bin/../lib/gcc/arm-none-eabi/4.8.3/../../../../arm-none-eabi/lib/armv7e-m/libg_s.a
LOAD /Users/cabana/dev/gcc-arm-none-eabi-4_8-2014q1/bin/../lib/gcc/arm-none-eabi/4.8.3/../../../../arm-none-eabi/lib/armv7e-m/libc_s.a
END GROUP
START GROUP
LOAD /Users/cabana/dev/gcc-arm-none-eabi-4_8-2014q1/bin/../lib/gcc/arm-none-eabi/4.8.3/armv7e-m/libgcc.a
LOAD /Users/cabana/dev/gcc-arm-none-eabi-4_8-2014q1/bin/../lib/gcc/arm-none-eabi/4.8.3/../../../../arm-none-eabi/lib/armv7e-m/libc_s.a
END GROUP
                0x0000000020020000                __stack = (ORIGIN (RAM) + 0x20000)
                0x0000000020020000                _estack = __stack
                0x0000000000000400                __Main_Stack_Size = 0x400
                0x0000000000000400                PROVIDE (_Main_Stack_Size, __Main_Stack_Size)
                0x000000002001fc00                __Main_Stack_Limit = (__stack - __Main_Stack_Size)
                0x000000002001fc00                PROVIDE (_Main_Stack_Limit, __Main_Stack_Limit)
                0x0000000000000100                _Minimum_Stack_Size = 0x100
                0x0000000020000114                PROVIDE (_Heap_Begin, _end_noinit)
                0x000000002001fc00                PROVIDE (_Heap_Limit, (__stack - __Main_Stack_Size))

.isr_vector     0x0000000008000000      0x374
 FILL mask 0xff
                0x0000000008000000                __vectors_start__ = ABSOLUTE (.)
 *(.isr_vector)
 .isr_vector    0x0000000008000000      0x188 ./system/src/cmsis/vectors_stm32f4xx.o
                0x0000000008000000                __isr_vectors
 *(.cfmconfig)
 *(.after_vectors .after_vectors.*)
 .after_vectors
                0x0000000008000188       0xe8 ./system/src/newlib/_startup.o
                0x0000000008000188                _start
 .after_vectors
                0x0000000008000270      0x100 ./system/src/cortexm/exception_handlers.o
                0x0000000008000270                Reset_Handler
                0x0000000008000276                NMI_Handler
                0x000000000800027a                HardFault_Handler
                0x000000000800028e                HardFault_Handler_C
                0x00000000080002c0                MemManage_Handler
                0x00000000080002c4                BusFault_Handler
                0x00000000080002d8                BusFault_Handler_C
                0x000000000800030c                UsageFault_Handler
                0x0000000008000320                UsageFault_Handler_C
                0x0000000008000354                SVC_Handler
                0x0000000008000358                DebugMon_Handler
                0x000000000800035c                PendSV_Handler
                0x0000000008000360                SysTick_Handler
 .after_vectors
                0x0000000008000370        0x4 ./system/src/cmsis/vectors_stm32f4xx.o
                0x0000000008000370                DMA1_Stream3_IRQHandler
                0x0000000008000370                HASH_RNG_IRQHandler
                0x0000000008000370                EXTI2_IRQHandler
                0x0000000008000370                TIM8_CC_IRQHandler
                0x0000000008000370                TIM1_CC_IRQHandler
                0x0000000008000370                DMA2_Stream5_IRQHandler
                0x0000000008000370                DMA1_Stream5_IRQHandler
                0x0000000008000370                PVD_IRQHandler
                0x0000000008000370                SDIO_IRQHandler
                0x0000000008000370                TAMP_STAMP_IRQHandler
                0x0000000008000370                CAN2_RX1_IRQHandler
                0x0000000008000370                EXTI3_IRQHandler
                0x0000000008000370                TIM8_TRG_COM_TIM14_IRQHandler
                0x0000000008000370                TIM1_UP_TIM10_IRQHandler
                0x0000000008000370                TIM8_UP_TIM13_IRQHandler
                0x0000000008000370                I2C3_ER_IRQHandler
                0x0000000008000370                EXTI0_IRQHandler
                0x0000000008000370                I2C2_EV_IRQHandler
                0x0000000008000370                DMA1_Stream2_IRQHandler
                0x0000000008000370                CAN1_RX0_IRQHandler
                0x0000000008000370                FPU_IRQHandler
                0x0000000008000370                OTG_HS_WKUP_IRQHandler
                0x0000000008000370                CAN2_SCE_IRQHandler
                0x0000000008000370                DMA2_Stream2_IRQHandler
                0x0000000008000370                SPI1_IRQHandler
                0x0000000008000370                TIM6_DAC_IRQHandler
                0x0000000008000370                TIM1_BRK_TIM9_IRQHandler
                0x0000000008000370                DCMI_IRQHandler
                0x0000000008000370                CAN2_RX0_IRQHandler
                0x0000000008000370                DMA2_Stream3_IRQHandler
                0x0000000008000370                USART6_IRQHandler
                0x0000000008000370                USART3_IRQHandler
                0x0000000008000370                CAN1_RX1_IRQHandler
                0x0000000008000370                UART5_IRQHandler
                0x0000000008000370                DMA2_Stream0_IRQHandler
                0x0000000008000370                TIM4_IRQHandler
                0x0000000008000370                I2C1_EV_IRQHandler
                0x0000000008000370                DMA1_Stream6_IRQHandler
                0x0000000008000370                DMA1_Stream1_IRQHandler
                0x0000000008000370                UART4_IRQHandler
                0x0000000008000370                TIM3_IRQHandler
                0x0000000008000370                RCC_IRQHandler
                0x0000000008000370                TIM8_BRK_TIM12_IRQHandler
                0x0000000008000370                Default_Handler
                0x0000000008000370                EXTI15_10_IRQHandler
                0x0000000008000370                ADC_IRQHandler
                0x0000000008000370                DMA1_Stream7_IRQHandler
                0x0000000008000370                TIM7_IRQHandler
                0x0000000008000370                CAN2_TX_IRQHandler
                0x0000000008000370                TIM5_IRQHandler
                0x0000000008000370                DMA2_Stream7_IRQHandler
                0x0000000008000370                I2C3_EV_IRQHandler
                0x0000000008000370                EXTI9_5_IRQHandler
                0x0000000008000370                RTC_WKUP_IRQHandler
                0x0000000008000370                ETH_WKUP_IRQHandler
                0x0000000008000370                SPI2_IRQHandler
                0x0000000008000370                OTG_HS_EP1_IN_IRQHandler
                0x0000000008000370                DMA1_Stream0_IRQHandler
                0x0000000008000370                CAN1_TX_IRQHandler
                0x0000000008000370                EXTI4_IRQHandler
                0x0000000008000370                FSMC_IRQHandler
                0x0000000008000370                ETH_IRQHandler
                0x0000000008000370                OTG_HS_EP1_OUT_IRQHandler
                0x0000000008000370                WWDG_IRQHandler
                0x0000000008000370                TIM2_IRQHandler
                0x0000000008000370                OTG_FS_WKUP_IRQHandler
                0x0000000008000370                TIM1_TRG_COM_TIM11_IRQHandler
                0x0000000008000370                OTG_HS_IRQHandler
                0x0000000008000370                EXTI1_IRQHandler
                0x0000000008000370                USART2_IRQHandler
                0x0000000008000370                I2C2_ER_IRQHandler
                0x0000000008000370                DMA2_Stream1_IRQHandler
                0x0000000008000370                CAN1_SCE_IRQHandler
                0x0000000008000370                FLASH_IRQHandler
                0x0000000008000370                DMA2_Stream4_IRQHandler
                0x0000000008000370                USART1_IRQHandler
                0x0000000008000370                OTG_FS_IRQHandler
                0x0000000008000370                SPI3_IRQHandler
                0x0000000008000370                DMA1_Stream4_IRQHandler
                0x0000000008000370                I2C1_ER_IRQHandler
                0x0000000008000370                DMA2_Stream6_IRQHandler
                0x0000000008000370                RTC_Alarm_IRQHandler

.inits          0x0000000008000374       0x28
                0x0000000008000374                __data_regions_array_start = .
                0x0000000008000374        0x4 LONG 0x8001e34 LOADADDR (.data)
                0x0000000008000378        0x4 LONG 0x20000000 ADDR (.data)
                0x000000000800037c        0x4 LONG 0x20000080 (ADDR (.data) + SIZEOF (.data))
                0x0000000008000380        0x4 LONG 0x8001e34 LOADADDR (.data_CCMRAM)
                0x0000000008000384        0x4 LONG 0x10000000 ADDR (.data_CCMRAM)
                0x0000000008000388        0x4 LONG 0x10000000 (ADDR (.data_CCMRAM) + SIZEOF (.data_CCMRAM))
                0x000000000800038c                __data_regions_array_end = .
                0x000000000800038c                __bss_regions_array_start = .
                0x000000000800038c        0x4 LONG 0x20000080 ADDR (.bss)
                0x0000000008000390        0x4 LONG 0x20000114 (ADDR (.bss) + SIZEOF (.bss))
                0x0000000008000394        0x4 LONG 0x10000000 ADDR (.bss_CCMRAM)
                0x0000000008000398        0x4 LONG 0x10000000 (ADDR (.bss_CCMRAM) + SIZEOF (.bss_CCMRAM))
                0x000000000800039c                __bss_regions_array_end = .
 *(.init)
 *(.fini)
                0x000000000800039c                . = ALIGN (0x4)
                0x000000000800039c                PROVIDE (__preinit_array_start, .)
 *(.preinit_array_sysinit .preinit_array_sysinit.*)
 *(.preinit_array_platform .preinit_array_platform.*)
 *(.preinit_array .preinit_array.*)
                0x000000000800039c                PROVIDE (__preinit_array_end, .)
                0x000000000800039c                . = ALIGN (0x4)
                0x000000000800039c                PROVIDE (__init_array_start, .)
 *(SORT(.init_array.*))
 *(.init_array)
                0x000000000800039c                PROVIDE (__init_array_end, .)
                0x000000000800039c                . = ALIGN (0x4)
                0x000000000800039c                PROVIDE (__fini_array_start, .)
 *(SORT(.fini_array.*))
 *(.fini_array)
                0x000000000800039c                PROVIDE (__fini_array_end, .)

.flashtext
 *(.flashtext .flashtext.*)

.text           0x000000000800039c     0x1a98
 *(.text .text.*)
 .text.GPIO_Init
                0x000000000800039c      0x130 ./system/src/stm32f4/stm32f4xx_gpio.o
                0x000000000800039c                GPIO_Init
 .text.GPIO_PinAFConfig
                0x00000000080004cc       0xb4 ./system/src/stm32f4/stm32f4xx_gpio.o
                0x00000000080004cc                GPIO_PinAFConfig
 .text.RCC_AHB1PeriphClockCmd
                0x0000000008000580       0x48 ./system/src/stm32f4/stm32f4xx_rcc.o
                0x0000000008000580                RCC_AHB1PeriphClockCmd
 .text.RCC_APB1PeriphClockCmd
                0x00000000080005c8       0x44 ./system/src/stm32f4/stm32f4xx_rcc.o
                0x00000000080005c8                RCC_APB1PeriphClockCmd
 .text.TIM_TimeBaseInit
                0x000000000800060c      0x130 ./system/src/stm32f4/stm32f4xx_tim.o
                0x000000000800060c                TIM_TimeBaseInit
 .text.TIM_Cmd  0x000000000800073c       0xb0 ./system/src/stm32f4/stm32f4xx_tim.o
                0x000000000800073c                TIM_Cmd
 .text.TIM_OC1Init
                0x00000000080007ec      0x178 ./system/src/stm32f4/stm32f4xx_tim.o
                0x00000000080007ec                TIM_OC1Init
 .text.TIM_OC2Init
                0x0000000008000964      0x170 ./system/src/stm32f4/stm32f4xx_tim.o
                0x0000000008000964                TIM_OC2Init
 .text.TIM_OC3Init
                0x0000000008000ad4      0x15c ./system/src/stm32f4/stm32f4xx_tim.o
                0x0000000008000ad4                TIM_OC3Init
 .text.TIM_OC4Init
                0x0000000008000c30      0x104 ./system/src/stm32f4/stm32f4xx_tim.o
                0x0000000008000c30                TIM_OC4Init
 .text.TIM_OC1PreloadConfig
                0x0000000008000d34       0x94 ./system/src/stm32f4/stm32f4xx_tim.o
                0x0000000008000d34                TIM_OC1PreloadConfig
 .text.TIM_OC2PreloadConfig
                0x0000000008000dc8       0x78 ./system/src/stm32f4/stm32f4xx_tim.o
                0x0000000008000dc8                TIM_OC2PreloadConfig
 .text.TIM_OC3PreloadConfig
                0x0000000008000e40       0x64 ./system/src/stm32f4/stm32f4xx_tim.o
                0x0000000008000e40                TIM_OC3PreloadConfig
 .text.TIM_OC4PreloadConfig
                0x0000000008000ea4       0x68 ./system/src/stm32f4/stm32f4xx_tim.o
                0x0000000008000ea4                TIM_OC4PreloadConfig
 .text._exit    0x0000000008000f0c        0x2 ./system/src/newlib/_exit.o
                0x0000000008000f0c                _exit
 *fill*         0x0000000008000f0e        0x2 
 .text.abort    0x0000000008000f10       0x14 ./system/src/newlib/_exit.o
                0x0000000008000f10                abort
 .text._sbrk    0x0000000008000f24       0x40 ./system/src/newlib/_sbrk.o
                0x0000000008000f24                _sbrk
 .text.__initialize_args
                0x0000000008000f64       0x10 ./system/src/newlib/_syscalls.o
                0x0000000008000f64                __initialize_args
 .text.assert_failed
                0x0000000008000f74       0x18 ./system/src/newlib/assert.o
                0x0000000008000f74                assert_failed
 .text.trace_printf
                0x0000000008000f8c       0x30 ./system/src/diag/Trace.o
                0x0000000008000f8c                trace_printf
 .text.trace_puts
                0x0000000008000fbc       0x20 ./system/src/diag/Trace.o
                0x0000000008000fbc                trace_puts
 .text.trace_write
                0x0000000008000fdc       0x32 ./system/src/diag/trace_impl.o
                0x0000000008000fdc                trace_write
 .text.__initialize_hardware_early
                0x000000000800100e        0x4 ./system/src/cortexm/_initialize_hardware.o
                0x000000000800100e                __initialize_hardware_early
 .text.__initialize_hardware
                0x0000000008001012        0x4 ./system/src/cortexm/_initialize_hardware.o
                0x0000000008001012                __initialize_hardware
 *fill*         0x0000000008001016        0x2 
 .text.dumpExceptionStack
                0x0000000008001018       0xf4 ./system/src/cortexm/exception_handlers.o
                0x0000000008001018                dumpExceptionStack
 .text.SystemInit
                0x000000000800110c       0xec ./system/src/cmsis/system_stm32f4xx.o
                0x000000000800110c                SystemInit
 .text.SystemCoreClockUpdate
                0x00000000080011f8       0x74 ./system/src/cmsis/system_stm32f4xx.o
                0x00000000080011f8                SystemCoreClockUpdate
 .text.TM_LEDS_Init
                0x000000000800126c       0x60 ./src/main.o
                0x000000000800126c                TM_LEDS_Init
 .text.TM_TIMER_Init
                0x00000000080012cc       0x3c ./src/main.o
                0x00000000080012cc                TM_TIMER_Init
 .text.TM_PWM_Init
                0x0000000008001308       0x70 ./src/main.o
                0x0000000008001308                TM_PWM_Init
 .text.startup.main
                0x0000000008001378       0x14 ./src/main.o
                0x0000000008001378                main
 .text.__errno  0x000000000800138c        0xc /Users/cabana/dev/gcc-arm-none-eabi-4_8-2014q1/bin/../lib/gcc/arm-none-eabi/4.8.3/../../../../arm-none-eabi/lib/armv7e-m/libg_s.a(lib_a-errno.o)
                0x000000000800138c                __errno
 .text.strlen   0x0000000008001398       0x10 /Users/cabana/dev/gcc-arm-none-eabi-4_8-2014q1/bin/../lib/gcc/arm-none-eabi/4.8.3/../../../../arm-none-eabi/lib/armv7e-m/libg_s.a(lib_a-strlen.o)
                0x0000000008001398                strlen
 .text._vsnprintf_r
                0x00000000080013a8       0x52 /Users/cabana/dev/gcc-arm-none-eabi-4_8-2014q1/bin/../lib/gcc/arm-none-eabi/4.8.3/../../../../arm-none-eabi/lib/armv7e-m/libg_s.a(lib_a-vsnprintf.o)
                0x00000000080013a8                _vsnprintf_r
                0x00000000080013a8                _vsniprintf_r
 *fill*         0x00000000080013fa        0x2 
 .text.vsnprintf
                0x00000000080013fc       0x20 /Users/cabana/dev/gcc-arm-none-eabi-4_8-2014q1/bin/../lib/gcc/arm-none-eabi/4.8.3/../../../../arm-none-eabi/lib/armv7e-m/libg_s.a(lib_a-vsnprintf.o)
                0x00000000080013fc                vsnprintf
                0x00000000080013fc                vsniprintf
 .text.__ssputs_r
                0x000000000800141c       0xb8 /Users/cabana/dev/gcc-arm-none-eabi-4_8-2014q1/bin/../lib/gcc/arm-none-eabi/4.8.3/../../../../arm-none-eabi/lib/armv7e-m/libg_s.a(lib_a-svfprintf.o)
                0x000000000800141c                __ssputs_r
 .text._svfprintf_r
                0x00000000080014d4      0x1dc /Users/cabana/dev/gcc-arm-none-eabi-4_8-2014q1/bin/../lib/gcc/arm-none-eabi/4.8.3/../../../../arm-none-eabi/lib/armv7e-m/libg_s.a(lib_a-svfprintf.o)
                0x00000000080014d4                _svfprintf_r
                0x00000000080014d4                _svfiprintf_r
 .text._printf_common
                0x00000000080016b0       0xe4 /Users/cabana/dev/gcc-arm-none-eabi-4_8-2014q1/bin/../lib/gcc/arm-none-eabi/4.8.3/../../../../arm-none-eabi/lib/armv7e-m/libg_s.a(lib_a-vfprintf_i.o)
                0x00000000080016b0                _printf_common
 .text._printf_i
                0x0000000008001794      0x228 /Users/cabana/dev/gcc-arm-none-eabi-4_8-2014q1/bin/../lib/gcc/arm-none-eabi/4.8.3/../../../../arm-none-eabi/lib/armv7e-m/libg_s.a(lib_a-vfprintf_i.o)
                0x0000000008001794                _printf_i
 .text.memchr   0x00000000080019bc       0x1e /Users/cabana/dev/gcc-arm-none-eabi-4_8-2014q1/bin/../lib/gcc/arm-none-eabi/4.8.3/../../../../arm-none-eabi/lib/armv7e-m/libg_s.a(lib_a-memchr-stub.o)
                0x00000000080019bc                memchr
 .text.memcpy   0x00000000080019da       0x12 /Users/cabana/dev/gcc-arm-none-eabi-4_8-2014q1/bin/../lib/gcc/arm-none-eabi/4.8.3/../../../../arm-none-eabi/lib/armv7e-m/libg_s.a(lib_a-memcpy-stub.o)
                0x00000000080019da                memcpy
 .text.memmove  0x00000000080019ec       0x36 /Users/cabana/dev/gcc-arm-none-eabi-4_8-2014q1/bin/../lib/gcc/arm-none-eabi/4.8.3/../../../../arm-none-eabi/lib/armv7e-m/libg_s.a(lib_a-memmove.o)
                0x00000000080019ec                memmove
 *fill*         0x0000000008001a22        0x2 
 .text._free_r  0x0000000008001a24       0x88 /Users/cabana/dev/gcc-arm-none-eabi-4_8-2014q1/bin/../lib/gcc/arm-none-eabi/4.8.3/../../../../arm-none-eabi/lib/armv7e-m/libg_s.a(lib_a-nano-freer.o)
                0x0000000008001a24                _free_r
 .text._malloc_r
                0x0000000008001aac       0xa8 /Users/cabana/dev/gcc-arm-none-eabi-4_8-2014q1/bin/../lib/gcc/arm-none-eabi/4.8.3/../../../../arm-none-eabi/lib/armv7e-m/libg_s.a(lib_a-nano-mallocr.o)
                0x0000000008001aac                _malloc_r
 .text._realloc_r
                0x0000000008001b54       0x4c /Users/cabana/dev/gcc-arm-none-eabi-4_8-2014q1/bin/../lib/gcc/arm-none-eabi/4.8.3/../../../../arm-none-eabi/lib/armv7e-m/libg_s.a(lib_a-nano-reallocr.o)
                0x0000000008001b54                _realloc_r
 .text._sbrk_r  0x0000000008001ba0       0x20 /Users/cabana/dev/gcc-arm-none-eabi-4_8-2014q1/bin/../lib/gcc/arm-none-eabi/4.8.3/../../../../arm-none-eabi/lib/armv7e-m/libg_s.a(lib_a-sbrkr.o)
                0x0000000008001ba0                _sbrk_r
 .text._malloc_usable_size_r
                0x0000000008001bc0       0x12 /Users/cabana/dev/gcc-arm-none-eabi-4_8-2014q1/bin/../lib/gcc/arm-none-eabi/4.8.3/../../../../arm-none-eabi/lib/armv7e-m/libg_s.a(lib_a-nano-msizer.o)
                0x0000000008001bc0                _malloc_usable_size_r
 *(.rodata .rodata.* .constdata .constdata.*)
 .rodata.str1.1
                0x0000000008001bd2       0x27 ./system/src/stm32f4/stm32f4xx_gpio.o
 .rodata.str1.1
                0x0000000008001bf9       0x26 ./system/src/stm32f4/stm32f4xx_rcc.o
 .rodata.str1.1
                0x0000000008001c1f       0x26 ./system/src/stm32f4/stm32f4xx_tim.o
 .rodata.str1.1
                0x0000000008001c45       0x14 ./system/src/newlib/_exit.o
 .rodata.str1.1
                0x0000000008001c59       0x67 ./system/src/newlib/assert.o
                                         0x68 (size before relaxing)
 .rodata.str1.1
                0x0000000008001cc0       0x22 ./system/src/diag/Trace.o
                                         0x24 (size before relaxing)
 .rodata.str1.1
                0x0000000008001ce2      0x11d ./system/src/cortexm/exception_handlers.o
 .rodata.str1.1
                0x0000000008001dff        0x2 /Users/cabana/dev/gcc-arm-none-eabi-4_8-2014q1/bin/../lib/gcc/arm-none-eabi/4.8.3/../../../../arm-none-eabi/lib/armv7e-m/libg_s.a(lib_a-impure.o)
 .rodata.str1.1
                0x0000000008001e01       0x11 /Users/cabana/dev/gcc-arm-none-eabi-4_8-2014q1/bin/../lib/gcc/arm-none-eabi/4.8.3/../../../../arm-none-eabi/lib/armv7e-m/libg_s.a(lib_a-svfprintf.o)
 .rodata.str1.1
                0x0000000008001e12       0x22 /Users/cabana/dev/gcc-arm-none-eabi-4_8-2014q1/bin/../lib/gcc/arm-none-eabi/4.8.3/../../../../arm-none-eabi/lib/armv7e-m/libg_s.a(lib_a-vfprintf_i.o)
 *(vtable)
 *(.eh_frame*)
 *(.glue_7)
 .glue_7        0x0000000000000000        0x0 linker stubs
 *(.glue_7t)
 .glue_7t       0x0000000000000000        0x0 linker stubs

.vfp11_veneer   0x0000000008001e34        0x0
 .vfp11_veneer  0x0000000000000000        0x0 linker stubs

.v4_bx          0x0000000008001e34        0x0
 .v4_bx         0x0000000000000000        0x0 linker stubs

.iplt           0x0000000008001e34        0x0
 .iplt          0x0000000000000000        0x0 ./system/src/stm32f4/misc.o

.rel.dyn        0x0000000008001e34        0x0
 .rel.iplt      0x0000000000000000        0x0 ./system/src/stm32f4/misc.o

.ARM.extab
 *(.ARM.extab* .gnu.linkonce.armextab.*)
                0x0000000008001e34                . = ALIGN (0x4)
                0x0000000008001e34                __exidx_start = .

.ARM.exidx
 *(.ARM.exidx* .gnu.linkonce.armexidx.*)
                0x0000000008001e34                __exidx_end = .
                0x0000000008001e34                . = ALIGN (0x4)
                0x0000000008001e34                _etext = .
                0x0000000008001e34                __etext = .

.data_CCMRAM    0x0000000010000000        0x0 load address 0x0000000008001e34
 FILL mask 0xff
 *(.data.CCMRAM .data.CCMRAM.*)
                0x0000000010000000                . = ALIGN (0x4)
                0x0000000008001e34                _sidata = LOADADDR (.data)

.data           0x0000000020000000       0x80 load address 0x0000000008001e34
 FILL mask 0xff
                0x0000000020000000                _sdata = .
                0x0000000020000000                __data_start__ = .
 *(.data_begin .data_begin.*)
 *(.data .data.*)
 .data.argv.4458
                0x0000000020000000        0x8 ./system/src/newlib/_syscalls.o
 .data.AHBPrescTable
                0x0000000020000008       0x10 ./system/src/cmsis/system_stm32f4xx.o
                0x0000000020000008                AHBPrescTable
 .data.SystemCoreClock
                0x0000000020000018        0x4 ./system/src/cmsis/system_stm32f4xx.o
                0x0000000020000018                SystemCoreClock
 .data.impure_data
                0x000000002000001c       0x60 /Users/cabana/dev/gcc-arm-none-eabi-4_8-2014q1/bin/../lib/gcc/arm-none-eabi/4.8.3/../../../../arm-none-eabi/lib/armv7e-m/libg_s.a(lib_a-impure.o)
 .data._impure_ptr
                0x000000002000007c        0x4 /Users/cabana/dev/gcc-arm-none-eabi-4_8-2014q1/bin/../lib/gcc/arm-none-eabi/4.8.3/../../../../arm-none-eabi/lib/armv7e-m/libg_s.a(lib_a-impure.o)
                0x000000002000007c                _impure_ptr
 *(.data_end .data_end.*)
                0x0000000020000080                . = ALIGN (0x4)
                0x0000000020000080                _edata = .
                0x0000000020000080                __data_end__ = .

.igot.plt       0x0000000020000080        0x0 load address 0x0000000008001eb4
 .igot.plt      0x0000000000000000        0x0 ./system/src/stm32f4/misc.o

.bss_CCMRAM     0x0000000010000000        0x0
 *(.bss.CCMRAM .bss.CCMRAM.*)

.bss            0x0000000020000080       0x94
                0x0000000020000080                __bss_start__ = .
                0x0000000020000080                _sbss = .
 *(.bss_begin .bss_begin.*)
 *(.bss .bss.*)
 .bss.current_heap_end.4286
                0x0000000020000080        0x4 ./system/src/newlib/_sbrk.o
 .bss.name.4457
                0x0000000020000084        0x1 ./system/src/newlib/_syscalls.o
 .bss.buf.5349  0x0000000020000085       0x80 ./system/src/diag/Trace.o
 *fill*         0x0000000020000105        0x3 
 .bss.__malloc_sbrk_start
                0x0000000020000108        0x4 /Users/cabana/dev/gcc-arm-none-eabi-4_8-2014q1/bin/../lib/gcc/arm-none-eabi/4.8.3/../../../../arm-none-eabi/lib/armv7e-m/libg_s.a(lib_a-nano-mallocr.o)
                0x0000000020000108                __malloc_sbrk_start
 .bss.__malloc_free_list
                0x000000002000010c        0x4 /Users/cabana/dev/gcc-arm-none-eabi-4_8-2014q1/bin/../lib/gcc/arm-none-eabi/4.8.3/../../../../arm-none-eabi/lib/armv7e-m/libg_s.a(lib_a-nano-mallocr.o)
                0x000000002000010c                __malloc_free_list
 *(COMMON)
 COMMON         0x0000000020000110        0x4 ./system/src/newlib/_syscalls.o
                0x0000000020000110                errno
 *(.bss_end .bss_end.*)
                0x0000000020000114                . = ALIGN (0x4)
                0x0000000020000114                __bss_end__ = .
                0x0000000020000114                _ebss = .

.noinit_CCMRAM
 *(.noinit.CCMRAM .noinit.CCMRAM.*)

.noinit         0x0000000020000114        0x0
                0x0000000020000114                _noinit = .
 *(.noinit .noinit.*)
                0x0000000020000114                . = ALIGN (0x4)
                0x0000000020000114                _end_noinit = .
                0x0000000020000114                PROVIDE (end, _end_noinit)
                0x0000000020000114                PROVIDE (_end, _end_noinit)
                0x0000000020000114                PROVIDE (__end, _end_noinit)
                0x0000000020000114                PROVIDE (__end__, _end_noinit)

._check_stack   0x0000000020000114      0x100
                0x0000000020000214                . = (. + _Minimum_Stack_Size)
 *fill*         0x0000000020000114      0x100 

.b1text
 *(.b1text)
 *(.b1rodata)
 *(.b1rodata.*)

.eb0text
 *(.eb0text)
 *(.eb0rodata)
 *(.eb0rodata.*)

.eb1text
 *(.eb1text)
 *(.eb1rodata)
 *(.eb1rodata.*)

.eb2text
 *(.eb2text)
 *(.eb2rodata)
 *(.eb2rodata.*)

.eb3text
 *(.eb3text)
 *(.eb3rodata)
 *(.eb3rodata.*)

.stab
 *(.stab)

.stabstr
 *(.stabstr)

.stab.excl
 *(.stab.excl)

.stab.exclstr
 *(.stab.exclstr)

.stab.index
 *(.stab.index)

.stab.indexstr
 *(.stab.indexstr)

.comment        0x0000000000000000       0x70
 *(.comment)
 .comment       0x0000000000000000       0x70 ./system/src/stm32f4/stm32f4xx_gpio.o
                                         0x71 (size before relaxing)
 .comment       0x0000000000000000       0x71 ./system/src/stm32f4/stm32f4xx_rcc.o
 .comment       0x0000000000000000       0x71 ./system/src/stm32f4/stm32f4xx_tim.o
 .comment       0x0000000000000000       0x71 ./system/src/newlib/_exit.o
 .comment       0x0000000000000000       0x71 ./system/src/newlib/_sbrk.o
 .comment       0x0000000000000000       0x71 ./system/src/newlib/_startup.o
 .comment       0x0000000000000000       0x71 ./system/src/newlib/_syscalls.o
 .comment       0x0000000000000000       0x71 ./system/src/newlib/assert.o
 .comment       0x0000000000000000       0x71 ./system/src/diag/Trace.o
 .comment       0x0000000000000000       0x71 ./system/src/diag/trace_impl.o
 .comment       0x0000000000000000       0x71 ./system/src/cortexm/_initialize_hardware.o
 .comment       0x0000000000000000       0x71 ./system/src/cortexm/exception_handlers.o
 .comment       0x0000000000000000       0x71 ./system/src/cmsis/system_stm32f4xx.o
 .comment       0x0000000000000000       0x71 ./system/src/cmsis/vectors_stm32f4xx.o
 .comment       0x0000000000000000       0x71 ./src/main.o

.ARM.attributes
                0x0000000000000000       0x33
 .ARM.attributes
                0x0000000000000000       0x33 ./system/src/stm32f4/stm32f4xx_gpio.o
 .ARM.attributes
                0x0000000000000033       0x33 ./system/src/stm32f4/stm32f4xx_rcc.o
 .ARM.attributes
                0x0000000000000066       0x33 ./system/src/stm32f4/stm32f4xx_tim.o
 .ARM.attributes
                0x0000000000000099       0x33 ./system/src/newlib/_exit.o
 .ARM.attributes
                0x00000000000000cc       0x33 ./system/src/newlib/_sbrk.o
 .ARM.attributes
                0x00000000000000ff       0x33 ./system/src/newlib/_startup.o
 .ARM.attributes
                0x0000000000000132       0x33 ./system/src/newlib/_syscalls.o
 .ARM.attributes
                0x0000000000000165       0x33 ./system/src/newlib/assert.o
 .ARM.attributes
                0x0000000000000198       0x33 ./system/src/diag/Trace.o
 .ARM.attributes
                0x00000000000001cb       0x33 ./system/src/diag/trace_impl.o
 .ARM.attributes
                0x00000000000001fe       0x33 ./system/src/cortexm/_initialize_hardware.o
 .ARM.attributes
                0x0000000000000231       0x33 ./system/src/cortexm/exception_handlers.o
 .ARM.attributes
                0x0000000000000264       0x33 ./system/src/cmsis/system_stm32f4xx.o
 .ARM.attributes
                0x0000000000000297       0x33 ./system/src/cmsis/vectors_stm32f4xx.o
 .ARM.attributes
                0x00000000000002ca       0x33 ./src/main.o
 .ARM.attributes
                0x00000000000002fd       0x2e /Users/cabana/dev/gcc-arm-none-eabi-4_8-2014q1/bin/../lib/gcc/arm-none-eabi/4.8.3/../../../../arm-none-eabi/lib/armv7e-m/libg_s.a(lib_a-errno.o)
 .ARM.attributes
                0x000000000000032b       0x2e /Users/cabana/dev/gcc-arm-none-eabi-4_8-2014q1/bin/../lib/gcc/arm-none-eabi/4.8.3/../../../../arm-none-eabi/lib/armv7e-m/libg_s.a(lib_a-impure.o)
 .ARM.attributes
                0x0000000000000359       0x2e /Users/cabana/dev/gcc-arm-none-eabi-4_8-2014q1/bin/../lib/gcc/arm-none-eabi/4.8.3/../../../../arm-none-eabi/lib/armv7e-m/libg_s.a(lib_a-strlen.o)
 .ARM.attributes
                0x0000000000000387       0x2e /Users/cabana/dev/gcc-arm-none-eabi-4_8-2014q1/bin/../lib/gcc/arm-none-eabi/4.8.3/../../../../arm-none-eabi/lib/armv7e-m/libg_s.a(lib_a-vsnprintf.o)
 .ARM.attributes
                0x00000000000003b5       0x2e /Users/cabana/dev/gcc-arm-none-eabi-4_8-2014q1/bin/../lib/gcc/arm-none-eabi/4.8.3/../../../../arm-none-eabi/lib/armv7e-m/libg_s.a(lib_a-svfprintf.o)
 .ARM.attributes
                0x00000000000003e3       0x2e /Users/cabana/dev/gcc-arm-none-eabi-4_8-2014q1/bin/../lib/gcc/arm-none-eabi/4.8.3/../../../../arm-none-eabi/lib/armv7e-m/libg_s.a(lib_a-vfprintf_i.o)
 .ARM.attributes
                0x0000000000000411       0x2e /Users/cabana/dev/gcc-arm-none-eabi-4_8-2014q1/bin/../lib/gcc/arm-none-eabi/4.8.3/../../../../arm-none-eabi/lib/armv7e-m/libg_s.a(lib_a-memchr-stub.o)
 .ARM.attributes
                0x000000000000043f       0x2e /Users/cabana/dev/gcc-arm-none-eabi-4_8-2014q1/bin/../lib/gcc/arm-none-eabi/4.8.3/../../../../arm-none-eabi/lib/armv7e-m/libg_s.a(lib_a-memcpy-stub.o)
 .ARM.attributes
                0x000000000000046d       0x2e /Users/cabana/dev/gcc-arm-none-eabi-4_8-2014q1/bin/../lib/gcc/arm-none-eabi/4.8.3/../../../../arm-none-eabi/lib/armv7e-m/libg_s.a(lib_a-memmove.o)
 .ARM.attributes
                0x000000000000049b       0x2e /Users/cabana/dev/gcc-arm-none-eabi-4_8-2014q1/bin/../lib/gcc/arm-none-eabi/4.8.3/../../../../arm-none-eabi/lib/armv7e-m/libg_s.a(lib_a-nano-freer.o)
 .ARM.attributes
                0x00000000000004c9       0x2e /Users/cabana/dev/gcc-arm-none-eabi-4_8-2014q1/bin/../lib/gcc/arm-none-eabi/4.8.3/../../../../arm-none-eabi/lib/armv7e-m/libg_s.a(lib_a-nano-mallocr.o)
 .ARM.attributes
                0x00000000000004f7       0x2e /Users/cabana/dev/gcc-arm-none-eabi-4_8-2014q1/bin/../lib/gcc/arm-none-eabi/4.8.3/../../../../arm-none-eabi/lib/armv7e-m/libg_s.a(lib_a-nano-reallocr.o)
 .ARM.attributes
                0x0000000000000525       0x2e /Users/cabana/dev/gcc-arm-none-eabi-4_8-2014q1/bin/../lib/gcc/arm-none-eabi/4.8.3/../../../../arm-none-eabi/lib/armv7e-m/libg_s.a(lib_a-sbrkr.o)
 .ARM.attributes
                0x0000000000000553       0x2e /Users/cabana/dev/gcc-arm-none-eabi-4_8-2014q1/bin/../lib/gcc/arm-none-eabi/4.8.3/../../../../arm-none-eabi/lib/armv7e-m/libg_s.a(lib_a-nano-msizer.o)

.debug
 *(.debug)

.line
 *(.line)

.debug_srcinfo
 *(.debug_srcinfo)

.debug_sfnames
 *(.debug_sfnames)

.debug_aranges  0x0000000000000000      0x840
 *(.debug_aranges)
 .debug_aranges
                0x0000000000000000       0x88 ./system/src/stm32f4/stm32f4xx_gpio.o
 .debug_aranges
                0x0000000000000088      0x1c0 ./system/src/stm32f4/stm32f4xx_rcc.o
 .debug_aranges
                0x0000000000000248      0x2e8 ./system/src/stm32f4/stm32f4xx_tim.o
 .debug_aranges
                0x0000000000000530       0x28 ./system/src/newlib/_exit.o
 .debug_aranges
                0x0000000000000558       0x20 ./system/src/newlib/_sbrk.o
 .debug_aranges
                0x0000000000000578       0x40 ./system/src/newlib/_startup.o
 .debug_aranges
                0x00000000000005b8       0xd0 ./system/src/newlib/_syscalls.o
 .debug_aranges
                0x0000000000000688       0x28 ./system/src/newlib/assert.o
 .debug_aranges
                0x00000000000006b0       0x38 ./system/src/diag/Trace.o
 .debug_aranges
                0x00000000000006e8       0x28 ./system/src/diag/trace_impl.o
 .debug_aranges
                0x0000000000000710       0x28 ./system/src/cortexm/_initialize_hardware.o
 .debug_aranges
                0x0000000000000738       0x88 ./system/src/cortexm/exception_handlers.o
 .debug_aranges
                0x00000000000007c0       0x28 ./system/src/cmsis/system_stm32f4xx.o
 .debug_aranges
                0x00000000000007e8       0x20 ./system/src/cmsis/vectors_stm32f4xx.o
 .debug_aranges
                0x0000000000000808       0x38 ./src/main.o

.debug_pubnames
 *(.debug_pubnames)

.debug_info     0x0000000000000000     0x89df
 *(.debug_info .gnu.linkonce.wi.*)
 .debug_info    0x0000000000000000      0xa76 ./system/src/stm32f4/stm32f4xx_gpio.o
 .debug_info    0x0000000000000a76     0x16b5 ./system/src/stm32f4/stm32f4xx_rcc.o
 .debug_info    0x000000000000212b     0x3774 ./system/src/stm32f4/stm32f4xx_tim.o
 .debug_info    0x000000000000589f       0xfc ./system/src/newlib/_exit.o
 .debug_info    0x000000000000599b      0x121 ./system/src/newlib/_sbrk.o
 .debug_info    0x0000000000005abc      0x4af ./system/src/newlib/_startup.o
 .debug_info    0x0000000000005f6b      0x8ef ./system/src/newlib/_syscalls.o
 .debug_info    0x000000000000685a      0x1d0 ./system/src/newlib/assert.o
 .debug_info    0x0000000000006a2a      0x327 ./system/src/diag/Trace.o
 .debug_info    0x0000000000006d51      0x3f8 ./system/src/diag/trace_impl.o
 .debug_info    0x0000000000007149       0xe6 ./system/src/cortexm/_initialize_hardware.o
 .debug_info    0x000000000000722f      0x7cd ./system/src/cortexm/exception_handlers.o
 .debug_info    0x00000000000079fc      0x5fc ./system/src/cmsis/system_stm32f4xx.o
 .debug_info    0x0000000000007ff8       0xcd ./system/src/cmsis/vectors_stm32f4xx.o
 .debug_info    0x00000000000080c5      0x91a ./src/main.o

.debug_abbrev   0x0000000000000000     0x14f6
 *(.debug_abbrev)
 .debug_abbrev  0x0000000000000000      0x207 ./system/src/stm32f4/stm32f4xx_gpio.o
 .debug_abbrev  0x0000000000000207      0x1fc ./system/src/stm32f4/stm32f4xx_rcc.o
 .debug_abbrev  0x0000000000000403      0x26b ./system/src/stm32f4/stm32f4xx_tim.o
 .debug_abbrev  0x000000000000066e       0xa1 ./system/src/newlib/_exit.o
 .debug_abbrev  0x000000000000070f       0xb8 ./system/src/newlib/_sbrk.o
 .debug_abbrev  0x00000000000007c7      0x20a ./system/src/newlib/_startup.o
 .debug_abbrev  0x00000000000009d1      0x175 ./system/src/newlib/_syscalls.o
 .debug_abbrev  0x0000000000000b46       0xc6 ./system/src/newlib/assert.o
 .debug_abbrev  0x0000000000000c0c      0x183 ./system/src/diag/Trace.o
 .debug_abbrev  0x0000000000000d8f      0x19f ./system/src/diag/trace_impl.o
 .debug_abbrev  0x0000000000000f2e       0x88 ./system/src/cortexm/_initialize_hardware.o
 .debug_abbrev  0x0000000000000fb6      0x1e1 ./system/src/cortexm/exception_handlers.o
 .debug_abbrev  0x0000000000001197      0x145 ./system/src/cmsis/system_stm32f4xx.o
 .debug_abbrev  0x00000000000012dc       0x9a ./system/src/cmsis/vectors_stm32f4xx.o
 .debug_abbrev  0x0000000000001376      0x180 ./src/main.o

.debug_line     0x0000000000000000     0x31db
 *(.debug_line)
 .debug_line    0x0000000000000000      0x3f9 ./system/src/stm32f4/stm32f4xx_gpio.o
 .debug_line    0x00000000000003f9      0x8c8 ./system/src/stm32f4/stm32f4xx_rcc.o
 .debug_line    0x0000000000000cc1     0x1247 ./system/src/stm32f4/stm32f4xx_tim.o
 .debug_line    0x0000000000001f08      0x126 ./system/src/newlib/_exit.o
 .debug_line    0x000000000000202e       0xb8 ./system/src/newlib/_sbrk.o
 .debug_line    0x00000000000020e6      0x11a ./system/src/newlib/_startup.o
 .debug_line    0x0000000000002200      0x31a ./system/src/newlib/_syscalls.o
 .debug_line    0x000000000000251a      0x159 ./system/src/newlib/assert.o
 .debug_line    0x0000000000002673      0x1fc ./system/src/diag/Trace.o
 .debug_line    0x000000000000286f      0x204 ./system/src/diag/trace_impl.o
 .debug_line    0x0000000000002a73      0x15c ./system/src/cortexm/_initialize_hardware.o
 .debug_line    0x0000000000002bcf      0x1fb ./system/src/cortexm/exception_handlers.o
 .debug_line    0x0000000000002dca      0x1a4 ./system/src/cmsis/system_stm32f4xx.o
 .debug_line    0x0000000000002f6e       0x59 ./system/src/cmsis/vectors_stm32f4xx.o
 .debug_line    0x0000000000002fc7      0x214 ./src/main.o

.debug_frame    0x0000000000000000     0x19c4
 *(.debug_frame)
 .debug_frame   0x0000000000000000      0x18c ./system/src/stm32f4/stm32f4xx_gpio.o
 .debug_frame   0x000000000000018c      0x54c ./system/src/stm32f4/stm32f4xx_rcc.o
 .debug_frame   0x00000000000006d8      0x9c8 ./system/src/stm32f4/stm32f4xx_tim.o
 .debug_frame   0x00000000000010a0       0x38 ./system/src/newlib/_exit.o
 .debug_frame   0x00000000000010d8       0x28 ./system/src/newlib/_sbrk.o
 .debug_frame   0x0000000000001100       0x84 ./system/src/newlib/_startup.o
 .debug_frame   0x0000000000001184      0x230 ./system/src/newlib/_syscalls.o
 .debug_frame   0x00000000000013b4       0x44 ./system/src/newlib/assert.o
 .debug_frame   0x00000000000013f8       0x88 ./system/src/diag/Trace.o
 .debug_frame   0x0000000000001480       0x38 ./system/src/diag/trace_impl.o
 .debug_frame   0x00000000000014b8       0x30 ./system/src/cortexm/_initialize_hardware.o
 .debug_frame   0x00000000000014e8      0x144 ./system/src/cortexm/exception_handlers.o
 .debug_frame   0x000000000000162c       0x34 ./system/src/cmsis/system_stm32f4xx.o
 .debug_frame   0x0000000000001660       0x20 ./system/src/cmsis/vectors_stm32f4xx.o
 .debug_frame   0x0000000000001680       0x80 ./src/main.o
 .debug_frame   0x0000000000001700       0x20 /Users/cabana/dev/gcc-arm-none-eabi-4_8-2014q1/bin/../lib/gcc/arm-none-eabi/4.8.3/../../../../arm-none-eabi/lib/armv7e-m/libg_s.a(lib_a-errno.o)
 .debug_frame   0x0000000000001720       0x20 /Users/cabana/dev/gcc-arm-none-eabi-4_8-2014q1/bin/../lib/gcc/arm-none-eabi/4.8.3/../../../../arm-none-eabi/lib/armv7e-m/libg_s.a(lib_a-strlen.o)
 .debug_frame   0x0000000000001740       0x4c /Users/cabana/dev/gcc-arm-none-eabi-4_8-2014q1/bin/../lib/gcc/arm-none-eabi/4.8.3/../../../../arm-none-eabi/lib/armv7e-m/libg_s.a(lib_a-vsnprintf.o)
 .debug_frame   0x000000000000178c       0x88 /Users/cabana/dev/gcc-arm-none-eabi-4_8-2014q1/bin/../lib/gcc/arm-none-eabi/4.8.3/../../../../arm-none-eabi/lib/armv7e-m/libg_s.a(lib_a-svfprintf.o)
 .debug_frame   0x0000000000001814       0x60 /Users/cabana/dev/gcc-arm-none-eabi-4_8-2014q1/bin/../lib/gcc/arm-none-eabi/4.8.3/../../../../arm-none-eabi/lib/armv7e-m/libg_s.a(lib_a-vfprintf_i.o)
 .debug_frame   0x0000000000001874       0x28 /Users/cabana/dev/gcc-arm-none-eabi-4_8-2014q1/bin/../lib/gcc/arm-none-eabi/4.8.3/../../../../arm-none-eabi/lib/armv7e-m/libg_s.a(lib_a-memchr-stub.o)
 .debug_frame   0x000000000000189c       0x28 /Users/cabana/dev/gcc-arm-none-eabi-4_8-2014q1/bin/../lib/gcc/arm-none-eabi/4.8.3/../../../../arm-none-eabi/lib/armv7e-m/libg_s.a(lib_a-memcpy-stub.o)
 .debug_frame   0x00000000000018c4       0x2c /Users/cabana/dev/gcc-arm-none-eabi-4_8-2014q1/bin/../lib/gcc/arm-none-eabi/4.8.3/../../../../arm-none-eabi/lib/armv7e-m/libg_s.a(lib_a-memmove.o)
 .debug_frame   0x00000000000018f0       0x2c /Users/cabana/dev/gcc-arm-none-eabi-4_8-2014q1/bin/../lib/gcc/arm-none-eabi/4.8.3/../../../../arm-none-eabi/lib/armv7e-m/libg_s.a(lib_a-nano-freer.o)
 .debug_frame   0x000000000000191c       0x2c /Users/cabana/dev/gcc-arm-none-eabi-4_8-2014q1/bin/../lib/gcc/arm-none-eabi/4.8.3/../../../../arm-none-eabi/lib/armv7e-m/libg_s.a(lib_a-nano-mallocr.o)
 .debug_frame   0x0000000000001948       0x30 /Users/cabana/dev/gcc-arm-none-eabi-4_8-2014q1/bin/../lib/gcc/arm-none-eabi/4.8.3/../../../../arm-none-eabi/lib/armv7e-m/libg_s.a(lib_a-nano-reallocr.o)
 .debug_frame   0x0000000000001978       0x2c /Users/cabana/dev/gcc-arm-none-eabi-4_8-2014q1/bin/../lib/gcc/arm-none-eabi/4.8.3/../../../../arm-none-eabi/lib/armv7e-m/libg_s.a(lib_a-sbrkr.o)
 .debug_frame   0x00000000000019a4       0x20 /Users/cabana/dev/gcc-arm-none-eabi-4_8-2014q1/bin/../lib/gcc/arm-none-eabi/4.8.3/../../../../arm-none-eabi/lib/armv7e-m/libg_s.a(lib_a-nano-msizer.o)

.debug_str      0x0000000000000000     0x212f
 *(.debug_str)
 .debug_str     0x0000000000000000      0x4d5 ./system/src/stm32f4/stm32f4xx_gpio.o
                                        0x52b (size before relaxing)
 .debug_str     0x00000000000004d5      0x7c3 ./system/src/stm32f4/stm32f4xx_rcc.o
                                        0xa26 (size before relaxing)
 .debug_str     0x0000000000000c98      0xb66 ./system/src/stm32f4/stm32f4xx_tim.o
                                        0xe62 (size before relaxing)
 .debug_str     0x00000000000017fe       0x45 ./system/src/newlib/_exit.o
                                        0x1cc (size before relaxing)
 .debug_str     0x0000000000001843       0x77 ./system/src/newlib/_sbrk.o
                                        0x20a (size before relaxing)
 .debug_str     0x00000000000018ba      0x1a9 ./system/src/newlib/_startup.o
                                        0x358 (size before relaxing)
 .debug_str     0x0000000000001a63      0x251 ./system/src/newlib/_syscalls.o
                                        0x44d (size before relaxing)
 .debug_str     0x0000000000001cb4       0x49 ./system/src/newlib/assert.o
                                        0x220 (size before relaxing)
 .debug_str     0x0000000000001cfd       0x84 ./system/src/diag/Trace.o
                                        0x250 (size before relaxing)
 .debug_str     0x0000000000001d81       0x97 ./system/src/diag/trace_impl.o
                                        0x2e3 (size before relaxing)
 .debug_str     0x0000000000001e18       0x4e ./system/src/cortexm/_initialize_hardware.o
                                        0x221 (size before relaxing)
 .debug_str     0x0000000000001e66      0x196 ./system/src/cortexm/exception_handlers.o
                                        0x38c (size before relaxing)
 .debug_str     0x0000000000001ffc       0x8b ./system/src/cmsis/system_stm32f4xx.o
                                        0x430 (size before relaxing)
 .debug_str     0x0000000000002087       0x57 ./system/src/cmsis/vectors_stm32f4xx.o
                                        0x1d9 (size before relaxing)
 .debug_str     0x00000000000020de       0x51 ./src/main.o
                                        0x6a4 (size before relaxing)

.debug_loc      0x0000000000000000     0x515f
 *(.debug_loc)
 .debug_loc     0x0000000000000000      0x5f0 ./system/src/stm32f4/stm32f4xx_gpio.o
 .debug_loc     0x00000000000005f0     0x1212 ./system/src/stm32f4/stm32f4xx_rcc.o
 .debug_loc     0x0000000000001802     0x2b47 ./system/src/stm32f4/stm32f4xx_tim.o
 .debug_loc     0x0000000000004349       0x6e ./system/src/newlib/_sbrk.o
 .debug_loc     0x00000000000043b7      0x3cb ./system/src/newlib/_startup.o
 .debug_loc     0x0000000000004782      0x549 ./system/src/newlib/_syscalls.o
 .debug_loc     0x0000000000004ccb       0xe1 ./system/src/newlib/assert.o
 .debug_loc     0x0000000000004dac      0x103 ./system/src/diag/Trace.o
 .debug_loc     0x0000000000004eaf       0x75 ./system/src/diag/trace_impl.o
 .debug_loc     0x0000000000004f24      0x184 ./system/src/cortexm/exception_handlers.o
 .debug_loc     0x00000000000050a8       0xb7 ./system/src/cmsis/system_stm32f4xx.o

.debug_macinfo
 *(.debug_macinfo)

.debug_weaknames
 *(.debug_weaknames)

.debug_funcnames
 *(.debug_funcnames)

.debug_typenames
 *(.debug_typenames)

.debug_varnames
 *(.debug_varnames)
OUTPUT(PWM_Out.elf elf32-littlearm)

.debug_ranges   0x0000000000000000      0x7d0
 .debug_ranges  0x0000000000000000       0x78 ./system/src/stm32f4/stm32f4xx_gpio.o
 .debug_ranges  0x0000000000000078      0x1b0 ./system/src/stm32f4/stm32f4xx_rcc.o
 .debug_ranges  0x0000000000000228      0x320 ./system/src/stm32f4/stm32f4xx_tim.o
 .debug_ranges  0x0000000000000548       0x18 ./system/src/newlib/_exit.o
 .debug_ranges  0x0000000000000560       0x10 ./system/src/newlib/_sbrk.o
 .debug_ranges  0x0000000000000570       0x50 ./system/src/newlib/_startup.o
 .debug_ranges  0x00000000000005c0       0xc0 ./system/src/newlib/_syscalls.o
 .debug_ranges  0x0000000000000680       0x18 ./system/src/newlib/assert.o
 .debug_ranges  0x0000000000000698       0x28 ./system/src/diag/Trace.o
 .debug_ranges  0x00000000000006c0       0x18 ./system/src/diag/trace_impl.o
 .debug_ranges  0x00000000000006d8       0x18 ./system/src/cortexm/_initialize_hardware.o
 .debug_ranges  0x00000000000006f0       0x78 ./system/src/cortexm/exception_handlers.o
 .debug_ranges  0x0000000000000768       0x30 ./system/src/cmsis/system_stm32f4xx.o
 .debug_ranges  0x0000000000000798       0x10 ./system/src/cmsis/vectors_stm32f4xx.o
 .debug_ranges  0x00000000000007a8       0x28 ./src/main.o
