Archive member included because of file (symbol)

/Users/cabana/dev/gcc-arm-none-eabi-4_8-2014q1/bin/../lib/gcc/arm-none-eabi/4.8.3/../../../../arm-none-eabi/lib/armv7e-m/libg_s.a(lib_a-errno.o)
                              ./system/src/newlib/_sbrk.o (__errno)
/Users/cabana/dev/gcc-arm-none-eabi-4_8-2014q1/bin/../lib/gcc/arm-none-eabi/4.8.3/../../../../arm-none-eabi/lib/armv7e-m/libg_s.a(lib_a-impure.o)
                              /Users/cabana/dev/gcc-arm-none-eabi-4_8-2014q1/bin/../lib/gcc/arm-none-eabi/4.8.3/../../../../arm-none-eabi/lib/armv7e-m/libg_s.a(lib_a-errno.o) (_impure_ptr)
/Users/cabana/dev/gcc-arm-none-eabi-4_8-2014q1/bin/../lib/gcc/arm-none-eabi/4.8.3/../../../../arm-none-eabi/lib/armv7e-m/libg_s.a(lib_a-strlen.o)
                              ./system/src/diag/Trace.o (strlen)
/Users/cabana/dev/gcc-arm-none-eabi-4_8-2014q1/bin/../lib/gcc/arm-none-eabi/4.8.3/../../../../arm-none-eabi/lib/armv7e-m/libg_s.a(lib_a-vsnprintf.o)
                              ./system/src/diag/Trace.o (vsnprintf)
/Users/cabana/dev/gcc-arm-none-eabi-4_8-2014q1/bin/../lib/gcc/arm-none-eabi/4.8.3/../../../../arm-none-eabi/lib/armv7e-m/libg_s.a(lib_a-svfprintf.o)
                              /Users/cabana/dev/gcc-arm-none-eabi-4_8-2014q1/bin/../lib/gcc/arm-none-eabi/4.8.3/../../../../arm-none-eabi/lib/armv7e-m/libg_s.a(lib_a-vsnprintf.o) (_svfprintf_r)
/Users/cabana/dev/gcc-arm-none-eabi-4_8-2014q1/bin/../lib/gcc/arm-none-eabi/4.8.3/../../../../arm-none-eabi/lib/armv7e-m/libg_s.a(lib_a-vfprintf_i.o)
                              /Users/cabana/dev/gcc-arm-none-eabi-4_8-2014q1/bin/../lib/gcc/arm-none-eabi/4.8.3/../../../../arm-none-eabi/lib/armv7e-m/libg_s.a(lib_a-svfprintf.o) (_printf_i)
/Users/cabana/dev/gcc-arm-none-eabi-4_8-2014q1/bin/../lib/gcc/arm-none-eabi/4.8.3/../../../../arm-none-eabi/lib/armv7e-m/libg_s.a(lib_a-memchr-stub.o)
                              /Users/cabana/dev/gcc-arm-none-eabi-4_8-2014q1/bin/../lib/gcc/arm-none-eabi/4.8.3/../../../../arm-none-eabi/lib/armv7e-m/libg_s.a(lib_a-svfprintf.o) (memchr)
/Users/cabana/dev/gcc-arm-none-eabi-4_8-2014q1/bin/../lib/gcc/arm-none-eabi/4.8.3/../../../../arm-none-eabi/lib/armv7e-m/libg_s.a(lib_a-memcpy-stub.o)
                              /Users/cabana/dev/gcc-arm-none-eabi-4_8-2014q1/bin/../lib/gcc/arm-none-eabi/4.8.3/../../../../arm-none-eabi/lib/armv7e-m/libg_s.a(lib_a-svfprintf.o) (memcpy)
/Users/cabana/dev/gcc-arm-none-eabi-4_8-2014q1/bin/../lib/gcc/arm-none-eabi/4.8.3/../../../../arm-none-eabi/lib/armv7e-m/libg_s.a(lib_a-memmove.o)
                              /Users/cabana/dev/gcc-arm-none-eabi-4_8-2014q1/bin/../lib/gcc/arm-none-eabi/4.8.3/../../../../arm-none-eabi/lib/armv7e-m/libg_s.a(lib_a-svfprintf.o) (memmove)
/Users/cabana/dev/gcc-arm-none-eabi-4_8-2014q1/bin/../lib/gcc/arm-none-eabi/4.8.3/../../../../arm-none-eabi/lib/armv7e-m/libg_s.a(lib_a-nano-freer.o)
                              /Users/cabana/dev/gcc-arm-none-eabi-4_8-2014q1/bin/../lib/gcc/arm-none-eabi/4.8.3/../../../../arm-none-eabi/lib/armv7e-m/libg_s.a(lib_a-svfprintf.o) (_free_r)
/Users/cabana/dev/gcc-arm-none-eabi-4_8-2014q1/bin/../lib/gcc/arm-none-eabi/4.8.3/../../../../arm-none-eabi/lib/armv7e-m/libg_s.a(lib_a-nano-mallocr.o)
                              /Users/cabana/dev/gcc-arm-none-eabi-4_8-2014q1/bin/../lib/gcc/arm-none-eabi/4.8.3/../../../../arm-none-eabi/lib/armv7e-m/libg_s.a(lib_a-svfprintf.o) (_malloc_r)
/Users/cabana/dev/gcc-arm-none-eabi-4_8-2014q1/bin/../lib/gcc/arm-none-eabi/4.8.3/../../../../arm-none-eabi/lib/armv7e-m/libg_s.a(lib_a-nano-reallocr.o)
                              /Users/cabana/dev/gcc-arm-none-eabi-4_8-2014q1/bin/../lib/gcc/arm-none-eabi/4.8.3/../../../../arm-none-eabi/lib/armv7e-m/libg_s.a(lib_a-svfprintf.o) (_realloc_r)
/Users/cabana/dev/gcc-arm-none-eabi-4_8-2014q1/bin/../lib/gcc/arm-none-eabi/4.8.3/../../../../arm-none-eabi/lib/armv7e-m/libg_s.a(lib_a-sbrkr.o)
                              /Users/cabana/dev/gcc-arm-none-eabi-4_8-2014q1/bin/../lib/gcc/arm-none-eabi/4.8.3/../../../../arm-none-eabi/lib/armv7e-m/libg_s.a(lib_a-nano-mallocr.o) (_sbrk_r)
/Users/cabana/dev/gcc-arm-none-eabi-4_8-2014q1/bin/../lib/gcc/arm-none-eabi/4.8.3/../../../../arm-none-eabi/lib/armv7e-m/libg_s.a(lib_a-nano-msizer.o)
                              /Users/cabana/dev/gcc-arm-none-eabi-4_8-2014q1/bin/../lib/gcc/arm-none-eabi/4.8.3/../../../../arm-none-eabi/lib/armv7e-m/libg_s.a(lib_a-nano-reallocr.o) (_malloc_usable_size_r)

Allocating common symbols
Common symbol       size              file

errno               0x4               ./system/src/newlib/_syscalls.o

Discarded input sections

 .group         0x0000000000000000        0x8 ./system/src/stm32f4/misc.o
 .group         0x0000000000000000        0x8 ./system/src/stm32f4/misc.o
 .group         0x0000000000000000        0x8 ./system/src/stm32f4/misc.o
 .group         0x0000000000000000        0x8 ./system/src/stm32f4/misc.o
 .group         0x0000000000000000        0x8 ./system/src/stm32f4/misc.o
[...]
Memory Configuration

Name             Origin             Length             Attributes
RAM              0x0000000020000000 0x0000000000020000 xrw
CCMRAM           0x0000000010000000 0x0000000000010000 xrw
FLASH            0x0000000008000000 0x0000000000100000 xr
FLASHB1          0x0000000000000000 0x0000000000000000 xr
EXTMEMB0         0x0000000000000000 0x0000000000000000 xr
EXTMEMB1         0x0000000000000000 0x0000000000000000 xr
EXTMEMB2         0x0000000000000000 0x0000000000000000 xr
EXTMEMB3         0x0000000000000000 0x0000000000000000 xr
MEMORY_ARRAY     0x0000000020002000 0x0000000000000020 xrw
*default*        0x0000000000000000 0xffffffffffffffff

Linker script and memory map

LOAD ./system/src/stm32f4/misc.o
LOAD ./system/src/stm32f4/stm32f4xx_adc.o
LOAD ./system/src/stm32f4/stm32f4xx_can.o
LOAD ./system/src/stm32f4/stm32f4xx_cec.o
LOAD ./system/src/stm32f4/stm32f4xx_crc.o
LOAD ./system/src/stm32f4/stm32f4xx_cryp.o
LOAD ./system/src/stm32f4/stm32f4xx_cryp_aes.o
LOAD ./system/src/stm32f4/stm32f4xx_cryp_des.o
LOAD ./system/src/stm32f4/stm32f4xx_cryp_tdes.o
LOAD ./system/src/stm32f4/stm32f4xx_dac.o
LOAD ./system/src/stm32f4/stm32f4xx_dbgmcu.o
LOAD ./system/src/stm32f4/stm32f4xx_dcmi.o
LOAD ./system/src/stm32f4/stm32f4xx_dma.o
LOAD ./system/src/stm32f4/stm32f4xx_dma2d.o
LOAD ./system/src/stm32f4/stm32f4xx_exti.o
LOAD ./system/src/stm32f4/stm32f4xx_flash.o
LOAD ./system/src/stm32f4/stm32f4xx_flash_ramfunc.o
LOAD ./system/src/stm32f4/stm32f4xx_fmpi2c.o
LOAD ./system/src/stm32f4/stm32f4xx_fsmc.o
LOAD ./system/src/stm32f4/stm32f4xx_gpio.o
LOAD ./system/src/stm32f4/stm32f4xx_hash.o
LOAD ./system/src/stm32f4/stm32f4xx_hash_md5.o
LOAD ./system/src/stm32f4/stm32f4xx_hash_sha1.o
LOAD ./system/src/stm32f4/stm32f4xx_i2c.o
LOAD ./system/src/stm32f4/stm32f4xx_iwdg.o
LOAD ./system/src/stm32f4/stm32f4xx_ltdc.o
LOAD ./system/src/stm32f4/stm32f4xx_pwr.o
LOAD ./system/src/stm32f4/stm32f4xx_qspi.o
LOAD ./system/src/stm32f4/stm32f4xx_rcc.o
LOAD ./system/src/stm32f4/stm32f4xx_rng.o
LOAD ./system/src/stm32f4/stm32f4xx_rtc.o
LOAD ./system/src/stm32f4/stm32f4xx_sai.o
LOAD ./system/src/stm32f4/stm32f4xx_sdio.o
LOAD ./system/src/stm32f4/stm32f4xx_spdifrx.o
LOAD ./system/src/stm32f4/stm32f4xx_spi.o
LOAD ./system/src/stm32f4/stm32f4xx_syscfg.o
LOAD ./system/src/stm32f4/stm32f4xx_tim.o
LOAD ./system/src/stm32f4/stm32f4xx_usart.o
LOAD ./system/src/stm32f4/stm32f4xx_wwdg.o
LOAD ./system/src/newlib/_cxx.o
LOAD ./system/src/newlib/_exit.o
LOAD ./system/src/newlib/_sbrk.o
LOAD ./system/src/newlib/_startup.o
LOAD ./system/src/newlib/_syscalls.o
LOAD ./system/src/newlib/assert.o
LOAD ./system/src/diag/Trace.o
LOAD ./system/src/diag/trace_impl.o
LOAD ./system/src/cortexm/_initialize_hardware.o
LOAD ./system/src/cortexm/_reset_hardware.o
LOAD ./system/src/cortexm/exception_handlers.o
LOAD ./system/src/cmsis/system_stm32f4xx.o
LOAD ./system/src/cmsis/vectors_stm32f4xx.o
LOAD ./src/_write.o
LOAD ./src/main.o
LOAD /Users/cabana/dev/gcc-arm-none-eabi-4_8-2014q1/bin/../lib/gcc/arm-none-eabi/4.8.3/../../../../arm-none-eabi/lib/armv7e-m/libstdc++_s.a
LOAD /Users/cabana/dev/gcc-arm-none-eabi-4_8-2014q1/bin/../lib/gcc/arm-none-eabi/4.8.3/../../../../arm-none-eabi/lib/armv7e-m/libm.a
START GROUP
LOAD /Users/cabana/dev/gcc-arm-none-eabi-4_8-2014q1/bin/../lib/gcc/arm-none-eabi/4.8.3/armv7e-m/libgcc.a
LOAD /Users/cabana/dev/gcc-arm-none-eabi-4_8-2014q1/bin/../lib/gcc/arm-none-eabi/4.8.3/../../../../arm-none-eabi/lib/armv7e-m/libg_s.a
LOAD /Users/cabana/dev/gcc-arm-none-eabi-4_8-2014q1/bin/../lib/gcc/arm-none-eabi/4.8.3/../../../../arm-none-eabi/lib/armv7e-m/libc_s.a
END GROUP
START GROUP
LOAD /Users/cabana/dev/gcc-arm-none-eabi-4_8-2014q1/bin/../lib/gcc/arm-none-eabi/4.8.3/armv7e-m/libgcc.a
LOAD /Users/cabana/dev/gcc-arm-none-eabi-4_8-2014q1/bin/../lib/gcc/arm-none-eabi/4.8.3/../../../../arm-none-eabi/lib/armv7e-m/libc_s.a
END GROUP
                0x0000000020020000                __stack = (ORIGIN (RAM) + 0x20000)
                0x0000000020020000                _estack = __stack
                0x0000000000000400                __Main_Stack_Size = 0x400
                0x0000000000000400                PROVIDE (_Main_Stack_Size, __Main_Stack_Size)
                0x000000002001fc00                __Main_Stack_Limit = (__stack - __Main_Stack_Size)
                0x000000002001fc00                PROVIDE (_Main_Stack_Limit, __Main_Stack_Limit)
                0x0000000000000100                _Minimum_Stack_Size = 0x100
                0x0000000020000124                PROVIDE (_Heap_Begin, _end_noinit)
                0x000000002001fc00                PROVIDE (_Heap_Limit, (__stack - __Main_Stack_Size))

.isr_vector     0x0000000008000000      0x3c0
 FILL mask 0xff
                0x0000000008000000                __vectors_start__ = ABSOLUTE (.)
 *(.isr_vector)
 .isr_vector    0x0000000008000000      0x188 ./system/src/cmsis/vectors_stm32f4xx.o
                0x0000000008000000                __isr_vectors
 *(.cfmconfig)
 *(.after_vectors .after_vectors.*)
 .after_vectors
                0x0000000008000188      0x130 ./system/src/newlib/_startup.o
                0x0000000008000188                _start
 .after_vectors
                0x00000000080002b8      0x104 ./system/src/cortexm/exception_handlers.o
                0x00000000080002b8                Reset_Handler
                0x00000000080002c0                NMI_Handler
                0x00000000080002c4                HardFault_Handler
                0x00000000080002d8                HardFault_Handler_C
                0x000000000800030c                MemManage_Handler
                0x0000000008000310                BusFault_Handler
                0x0000000008000324                BusFault_Handler_C
                0x0000000008000358                UsageFault_Handler
                0x000000000800036c                UsageFault_Handler_C
                0x00000000080003a0                SVC_Handler
                0x00000000080003a4                DebugMon_Handler
                0x00000000080003a8                PendSV_Handler
                0x00000000080003ac                SysTick_Handler
 .after_vectors
                0x00000000080003bc        0x4 ./system/src/cmsis/vectors_stm32f4xx.o
                0x00000000080003bc                DMA1_Stream3_IRQHandler
                0x00000000080003bc                HASH_RNG_IRQHandler
                0x00000000080003bc                EXTI2_IRQHandler
                0x00000000080003bc                TIM8_CC_IRQHandler
                0x00000000080003bc                TIM1_CC_IRQHandler
                0x00000000080003bc                DMA2_Stream5_IRQHandler
                0x00000000080003bc                DMA1_Stream5_IRQHandler
                0x00000000080003bc                PVD_IRQHandler
                0x00000000080003bc                SDIO_IRQHandler
                0x00000000080003bc                TAMP_STAMP_IRQHandler
                0x00000000080003bc                CAN2_RX1_IRQHandler
                0x00000000080003bc                EXTI3_IRQHandler
                0x00000000080003bc                TIM8_TRG_COM_TIM14_IRQHandler
                0x00000000080003bc                TIM1_UP_TIM10_IRQHandler
                0x00000000080003bc                TIM8_UP_TIM13_IRQHandler
                0x00000000080003bc                I2C3_ER_IRQHandler
                0x00000000080003bc                EXTI0_IRQHandler
                0x00000000080003bc                I2C2_EV_IRQHandler
                0x00000000080003bc                DMA1_Stream2_IRQHandler
                0x00000000080003bc                CAN1_RX0_IRQHandler
                0x00000000080003bc                FPU_IRQHandler
                0x00000000080003bc                OTG_HS_WKUP_IRQHandler
                0x00000000080003bc                CAN2_SCE_IRQHandler
                0x00000000080003bc                DMA2_Stream2_IRQHandler
                0x00000000080003bc                SPI1_IRQHandler
                0x00000000080003bc                TIM6_DAC_IRQHandler
                0x00000000080003bc                TIM1_BRK_TIM9_IRQHandler
                0x00000000080003bc                DCMI_IRQHandler
                0x00000000080003bc                CAN2_RX0_IRQHandler
                0x00000000080003bc                DMA2_Stream3_IRQHandler
                0x00000000080003bc                USART6_IRQHandler
                0x00000000080003bc                USART3_IRQHandler
                0x00000000080003bc                CAN1_RX1_IRQHandler
                0x00000000080003bc                UART5_IRQHandler
                0x00000000080003bc                DMA2_Stream0_IRQHandler
                0x00000000080003bc                TIM4_IRQHandler
                0x00000000080003bc                I2C1_EV_IRQHandler
                0x00000000080003bc                DMA1_Stream6_IRQHandler
                0x00000000080003bc                DMA1_Stream1_IRQHandler
                0x00000000080003bc                UART4_IRQHandler
                0x00000000080003bc                TIM3_IRQHandler
                0x00000000080003bc                RCC_IRQHandler
                0x00000000080003bc                TIM8_BRK_TIM12_IRQHandler
                0x00000000080003bc                Default_Handler
                0x00000000080003bc                EXTI15_10_IRQHandler
                0x00000000080003bc                ADC_IRQHandler
                0x00000000080003bc                DMA1_Stream7_IRQHandler
                0x00000000080003bc                TIM7_IRQHandler
                0x00000000080003bc                CAN2_TX_IRQHandler
                0x00000000080003bc                TIM5_IRQHandler
                0x00000000080003bc                DMA2_Stream7_IRQHandler
                0x00000000080003bc                I2C3_EV_IRQHandler
                0x00000000080003bc                EXTI9_5_IRQHandler
                0x00000000080003bc                RTC_WKUP_IRQHandler
                0x00000000080003bc                ETH_WKUP_IRQHandler
                0x00000000080003bc                SPI2_IRQHandler
                0x00000000080003bc                OTG_HS_EP1_IN_IRQHandler
                0x00000000080003bc                DMA1_Stream0_IRQHandler
                0x00000000080003bc                CAN1_TX_IRQHandler
                0x00000000080003bc                EXTI4_IRQHandler
                0x00000000080003bc                FSMC_IRQHandler
                0x00000000080003bc                ETH_IRQHandler
                0x00000000080003bc                OTG_HS_EP1_OUT_IRQHandler
                0x00000000080003bc                WWDG_IRQHandler
                0x00000000080003bc                TIM2_IRQHandler
                0x00000000080003bc                OTG_FS_WKUP_IRQHandler
                0x00000000080003bc                TIM1_TRG_COM_TIM11_IRQHandler
                0x00000000080003bc                OTG_HS_IRQHandler
                0x00000000080003bc                EXTI1_IRQHandler
                0x00000000080003bc                USART2_IRQHandler
                0x00000000080003bc                I2C2_ER_IRQHandler
                0x00000000080003bc                DMA2_Stream1_IRQHandler
                0x00000000080003bc                CAN1_SCE_IRQHandler
                0x00000000080003bc                FLASH_IRQHandler
                0x00000000080003bc                DMA2_Stream4_IRQHandler
                0x00000000080003bc                USART1_IRQHandler
                0x00000000080003bc                OTG_FS_IRQHandler
                0x00000000080003bc                SPI3_IRQHandler
                0x00000000080003bc                DMA1_Stream4_IRQHandler
                0x00000000080003bc                I2C1_ER_IRQHandler
                0x00000000080003bc                DMA2_Stream6_IRQHandler
                0x00000000080003bc                RTC_Alarm_IRQHandler

.inits          0x00000000080003c0       0x28
                0x00000000080003c0                __data_regions_array_start = .
                0x00000000080003c0        0x4 LONG 0x8001f98 LOADADDR (.data)
                0x00000000080003c4        0x4 LONG 0x20000000 ADDR (.data)
                0x00000000080003c8        0x4 LONG 0x20000088 (ADDR (.data) + SIZEOF (.data))
                0x00000000080003cc        0x4 LONG 0x8001f98 LOADADDR (.data_CCMRAM)
                0x00000000080003d0        0x4 LONG 0x10000000 ADDR (.data_CCMRAM)
                0x00000000080003d4        0x4 LONG 0x10000000 (ADDR (.data_CCMRAM) + SIZEOF (.data_CCMRAM))
                0x00000000080003d8                __data_regions_array_end = .
                0x00000000080003d8                __bss_regions_array_start = .
                0x00000000080003d8        0x4 LONG 0x20000088 ADDR (.bss)
                0x00000000080003dc        0x4 LONG 0x20000124 (ADDR (.bss) + SIZEOF (.bss))
                0x00000000080003e0        0x4 LONG 0x10000000 ADDR (.bss_CCMRAM)
                0x00000000080003e4        0x4 LONG 0x10000000 (ADDR (.bss_CCMRAM) + SIZEOF (.bss_CCMRAM))
                0x00000000080003e8                __bss_regions_array_end = .
 *(.init)
 *(.fini)
                0x00000000080003e8                . = ALIGN (0x4)
                0x00000000080003e8                PROVIDE (__preinit_array_start, .)
 *(.preinit_array_sysinit .preinit_array_sysinit.*)
 *(.preinit_array_platform .preinit_array_platform.*)
 *(.preinit_array .preinit_array.*)
                0x00000000080003e8                PROVIDE (__preinit_array_end, .)
                0x00000000080003e8                . = ALIGN (0x4)
                0x00000000080003e8                PROVIDE (__init_array_start, .)
 *(SORT(.init_array.*))
 *(.init_array)
                0x00000000080003e8                PROVIDE (__init_array_end, .)
                0x00000000080003e8                . = ALIGN (0x4)
                0x00000000080003e8                PROVIDE (__fini_array_start, .)
 *(SORT(.fini_array.*))
 *(.fini_array)
                0x00000000080003e8                PROVIDE (__fini_array_end, .)

.flashtext
 *(.flashtext .flashtext.*)

.text           0x00000000080003e8     0x1bad
 *(.text .text.*)
 .text.GPIO_Init
                0x00000000080003e8      0x144 ./system/src/stm32f4/stm32f4xx_gpio.o
                0x00000000080003e8                GPIO_Init
 .text.GPIO_PinAFConfig
                0x000000000800052c      0x100 ./system/src/stm32f4/stm32f4xx_gpio.o
                0x000000000800052c                GPIO_PinAFConfig
 .text.RCC_AHB1PeriphClockCmd
                0x000000000800062c       0x4c ./system/src/stm32f4/stm32f4xx_rcc.o
                0x000000000800062c                RCC_AHB1PeriphClockCmd
 .text.RCC_APB1PeriphClockCmd
                0x0000000008000678       0x48 ./system/src/stm32f4/stm32f4xx_rcc.o
                0x0000000008000678                RCC_APB1PeriphClockCmd
 .text.TIM_TimeBaseInit
                0x00000000080006c0      0x134 ./system/src/stm32f4/stm32f4xx_tim.o
                0x00000000080006c0                TIM_TimeBaseInit
 .text.TIM_Cmd  0x00000000080007f4       0xb0 ./system/src/stm32f4/stm32f4xx_tim.o
                0x00000000080007f4                TIM_Cmd
 .text.TIM_OC1Init
                0x00000000080008a4      0x174 ./system/src/stm32f4/stm32f4xx_tim.o
                0x00000000080008a4                TIM_OC1Init
 .text.TIM_OC2Init
                0x0000000008000a18      0x174 ./system/src/stm32f4/stm32f4xx_tim.o
                0x0000000008000a18                TIM_OC2Init
 .text.TIM_OC3Init
                0x0000000008000b8c      0x15c ./system/src/stm32f4/stm32f4xx_tim.o
                0x0000000008000b8c                TIM_OC3Init
 .text.TIM_OC4Init
                0x0000000008000ce8      0x10c ./system/src/stm32f4/stm32f4xx_tim.o
                0x0000000008000ce8                TIM_OC4Init
 .text.TIM_OC1PreloadConfig
                0x0000000008000df4       0x94 ./system/src/stm32f4/stm32f4xx_tim.o
                0x0000000008000df4                TIM_OC1PreloadConfig
 .text.TIM_OC2PreloadConfig
                0x0000000008000e88       0x78 ./system/src/stm32f4/stm32f4xx_tim.o
                0x0000000008000e88                TIM_OC2PreloadConfig
 .text.TIM_OC3PreloadConfig
                0x0000000008000f00       0x64 ./system/src/stm32f4/stm32f4xx_tim.o
                0x0000000008000f00                TIM_OC3PreloadConfig
 .text.TIM_OC4PreloadConfig
                0x0000000008000f64       0x68 ./system/src/stm32f4/stm32f4xx_tim.o
                0x0000000008000f64                TIM_OC4PreloadConfig
 .text._exit    0x0000000008000fcc        0x4 ./system/src/newlib/_exit.o
                0x0000000008000fcc                _exit
 .text.abort    0x0000000008000fd0       0x14 ./system/src/newlib/_exit.o
                0x0000000008000fd0                abort
 .text._sbrk    0x0000000008000fe4       0x44 ./system/src/newlib/_sbrk.o
                0x0000000008000fe4                _sbrk
 .text.__initialize_args
                0x0000000008001028       0x10 ./system/src/newlib/_syscalls.o
                0x0000000008001028                __initialize_args
 .text.assert_failed
                0x0000000008001038       0x18 ./system/src/newlib/assert.o
                0x0000000008001038                assert_failed
 .text.trace_printf
                0x0000000008001050       0x34 ./system/src/diag/Trace.o
                0x0000000008001050                trace_printf
 .text.trace_puts
                0x0000000008001084       0x20 ./system/src/diag/Trace.o
                0x0000000008001084                trace_puts
 .text._trace_write_itm
                0x00000000080010a4       0x48 ./system/src/diag/trace_impl.o
 .text.trace_write
                0x00000000080010ec        0x8 ./system/src/diag/trace_impl.o
                0x00000000080010ec                trace_write
 .text.__initialize_hardware_early
                0x00000000080010f4        0x8 ./system/src/cortexm/_initialize_hardware.o
                0x00000000080010f4                __initialize_hardware_early
 .text.__initialize_hardware
                0x00000000080010fc        0x8 ./system/src/cortexm/_initialize_hardware.o
                0x00000000080010fc                __initialize_hardware
 .text.dumpExceptionStack
                0x0000000008001104       0xf0 ./system/src/cortexm/exception_handlers.o
                0x0000000008001104                dumpExceptionStack
 .text.SetSysClock
                0x00000000080011f4       0xc0 ./system/src/cmsis/system_stm32f4xx.o
 .text.SystemInit
                0x00000000080012b4       0x44 ./system/src/cmsis/system_stm32f4xx.o
                0x00000000080012b4                SystemInit
 .text.SystemCoreClockUpdate
                0x00000000080012f8       0x90 ./system/src/cmsis/system_stm32f4xx.o
                0x00000000080012f8                SystemCoreClockUpdate
 .text.TM_LEDS_Init
                0x0000000008001388       0x64 ./src/main.o
                0x0000000008001388                TM_LEDS_Init
 .text.TM_TIMER_Init
                0x00000000080013ec       0x3c ./src/main.o
                0x00000000080013ec                TM_TIMER_Init
 .text.TM_PWM_Init
                0x0000000008001428       0x70 ./src/main.o
                0x0000000008001428                TM_PWM_Init
 .text.main     0x0000000008001498       0x14 ./src/main.o
                0x0000000008001498                main
 .text.__errno  0x00000000080014ac        0xc /Users/cabana/dev/gcc-arm-none-eabi-4_8-2014q1/bin/../lib/gcc/arm-none-eabi/4.8.3/../../../../arm-none-eabi/lib/armv7e-m/libg_s.a(lib_a-errno.o)
                0x00000000080014ac                __errno
 .text.strlen   0x00000000080014b8       0x10 /Users/cabana/dev/gcc-arm-none-eabi-4_8-2014q1/bin/../lib/gcc/arm-none-eabi/4.8.3/../../../../arm-none-eabi/lib/armv7e-m/libg_s.a(lib_a-strlen.o)
                0x00000000080014b8                strlen
 .text._vsnprintf_r
                0x00000000080014c8       0x52 /Users/cabana/dev/gcc-arm-none-eabi-4_8-2014q1/bin/../lib/gcc/arm-none-eabi/4.8.3/../../../../arm-none-eabi/lib/armv7e-m/libg_s.a(lib_a-vsnprintf.o)
                0x00000000080014c8                _vsnprintf_r
                0x00000000080014c8                _vsniprintf_r
 *fill*         0x000000000800151a        0x2 
 .text.vsnprintf
                0x000000000800151c       0x20 /Users/cabana/dev/gcc-arm-none-eabi-4_8-2014q1/bin/../lib/gcc/arm-none-eabi/4.8.3/../../../../arm-none-eabi/lib/armv7e-m/libg_s.a(lib_a-vsnprintf.o)
                0x000000000800151c                vsnprintf
                0x000000000800151c                vsniprintf
 .text.__ssputs_r
                0x000000000800153c       0xb8 /Users/cabana/dev/gcc-arm-none-eabi-4_8-2014q1/bin/../lib/gcc/arm-none-eabi/4.8.3/../../../../arm-none-eabi/lib/armv7e-m/libg_s.a(lib_a-svfprintf.o)
                0x000000000800153c                __ssputs_r
 .text._svfprintf_r
                0x00000000080015f4      0x1dc /Users/cabana/dev/gcc-arm-none-eabi-4_8-2014q1/bin/../lib/gcc/arm-none-eabi/4.8.3/../../../../arm-none-eabi/lib/armv7e-m/libg_s.a(lib_a-svfprintf.o)
                0x00000000080015f4                _svfprintf_r
                0x00000000080015f4                _svfiprintf_r
 .text._printf_common
                0x00000000080017d0       0xe4 /Users/cabana/dev/gcc-arm-none-eabi-4_8-2014q1/bin/../lib/gcc/arm-none-eabi/4.8.3/../../../../arm-none-eabi/lib/armv7e-m/libg_s.a(lib_a-vfprintf_i.o)
                0x00000000080017d0                _printf_common
 .text._printf_i
                0x00000000080018b4      0x228 /Users/cabana/dev/gcc-arm-none-eabi-4_8-2014q1/bin/../lib/gcc/arm-none-eabi/4.8.3/../../../../arm-none-eabi/lib/armv7e-m/libg_s.a(lib_a-vfprintf_i.o)
                0x00000000080018b4                _printf_i
 .text.memchr   0x0000000008001adc       0x1e /Users/cabana/dev/gcc-arm-none-eabi-4_8-2014q1/bin/../lib/gcc/arm-none-eabi/4.8.3/../../../../arm-none-eabi/lib/armv7e-m/libg_s.a(lib_a-memchr-stub.o)
                0x0000000008001adc                memchr
 .text.memcpy   0x0000000008001afa       0x12 /Users/cabana/dev/gcc-arm-none-eabi-4_8-2014q1/bin/../lib/gcc/arm-none-eabi/4.8.3/../../../../arm-none-eabi/lib/armv7e-m/libg_s.a(lib_a-memcpy-stub.o)
                0x0000000008001afa                memcpy
 .text.memmove  0x0000000008001b0c       0x36 /Users/cabana/dev/gcc-arm-none-eabi-4_8-2014q1/bin/../lib/gcc/arm-none-eabi/4.8.3/../../../../arm-none-eabi/lib/armv7e-m/libg_s.a(lib_a-memmove.o)
                0x0000000008001b0c                memmove
 *fill*         0x0000000008001b42        0x2 
 .text._free_r  0x0000000008001b44       0x88 /Users/cabana/dev/gcc-arm-none-eabi-4_8-2014q1/bin/../lib/gcc/arm-none-eabi/4.8.3/../../../../arm-none-eabi/lib/armv7e-m/libg_s.a(lib_a-nano-freer.o)
                0x0000000008001b44                _free_r
 .text._malloc_r
                0x0000000008001bcc       0xa8 /Users/cabana/dev/gcc-arm-none-eabi-4_8-2014q1/bin/../lib/gcc/arm-none-eabi/4.8.3/../../../../arm-none-eabi/lib/armv7e-m/libg_s.a(lib_a-nano-mallocr.o)
                0x0000000008001bcc                _malloc_r
 .text._realloc_r
                0x0000000008001c74       0x4c /Users/cabana/dev/gcc-arm-none-eabi-4_8-2014q1/bin/../lib/gcc/arm-none-eabi/4.8.3/../../../../arm-none-eabi/lib/armv7e-m/libg_s.a(lib_a-nano-reallocr.o)
                0x0000000008001c74                _realloc_r
 .text._sbrk_r  0x0000000008001cc0       0x20 /Users/cabana/dev/gcc-arm-none-eabi-4_8-2014q1/bin/../lib/gcc/arm-none-eabi/4.8.3/../../../../arm-none-eabi/lib/armv7e-m/libg_s.a(lib_a-sbrkr.o)
                0x0000000008001cc0                _sbrk_r
 .text._malloc_usable_size_r
                0x0000000008001ce0       0x12 /Users/cabana/dev/gcc-arm-none-eabi-4_8-2014q1/bin/../lib/gcc/arm-none-eabi/4.8.3/../../../../arm-none-eabi/lib/armv7e-m/libg_s.a(lib_a-nano-msizer.o)
                0x0000000008001ce0                _malloc_usable_size_r
 *(.rodata .rodata.* .constdata .constdata.*)
 *fill*         0x0000000008001cf2        0x2 
 .rodata.str1.4
                0x0000000008001cf4       0x27 ./system/src/stm32f4/stm32f4xx_gpio.o
                                         0x28 (size before relaxing)
 *fill*         0x0000000008001d1b        0x1 
 .rodata.str1.4
                0x0000000008001d1c       0x26 ./system/src/stm32f4/stm32f4xx_rcc.o
                                         0x28 (size before relaxing)
 *fill*         0x0000000008001d42        0x2 
 .rodata.str1.4
                0x0000000008001d44       0x26 ./system/src/stm32f4/stm32f4xx_tim.o
                                         0x28 (size before relaxing)
 *fill*         0x0000000008001d6a        0x2 
 .rodata.str1.4
                0x0000000008001d6c       0x14 ./system/src/newlib/_exit.o
 .rodata.str1.4
                0x0000000008001d80       0x6b ./system/src/newlib/assert.o
                                         0x70 (size before relaxing)
 *fill*         0x0000000008001deb        0x1 
 .rodata.str1.4
                0x0000000008001dec       0x29 ./system/src/diag/Trace.o
                                         0x30 (size before relaxing)
 *fill*         0x0000000008001e15        0x3 
 .rodata.str1.4
                0x0000000008001e18      0x148 ./system/src/cortexm/exception_handlers.o
 .rodata.str1.1
                0x0000000008001f60        0x2 /Users/cabana/dev/gcc-arm-none-eabi-4_8-2014q1/bin/../lib/gcc/arm-none-eabi/4.8.3/../../../../arm-none-eabi/lib/armv7e-m/libg_s.a(lib_a-impure.o)
 .rodata.str1.1
                0x0000000008001f62       0x11 /Users/cabana/dev/gcc-arm-none-eabi-4_8-2014q1/bin/../lib/gcc/arm-none-eabi/4.8.3/../../../../arm-none-eabi/lib/armv7e-m/libg_s.a(lib_a-svfprintf.o)
 .rodata.str1.1
                0x0000000008001f73       0x22 /Users/cabana/dev/gcc-arm-none-eabi-4_8-2014q1/bin/../lib/gcc/arm-none-eabi/4.8.3/../../../../arm-none-eabi/lib/armv7e-m/libg_s.a(lib_a-vfprintf_i.o)
 *(vtable)
 *(.eh_frame*)
 *(.glue_7)
 .glue_7        0x0000000000000000        0x0 linker stubs
 *(.glue_7t)
 .glue_7t       0x0000000000000000        0x0 linker stubs

.vfp11_veneer   0x0000000008001f98        0x0
 .vfp11_veneer  0x0000000000000000        0x0 linker stubs

.v4_bx          0x0000000008001f98        0x0
 .v4_bx         0x0000000000000000        0x0 linker stubs

.iplt           0x0000000008001f98        0x0
 .iplt          0x0000000000000000        0x0 ./system/src/stm32f4/misc.o

.rel.dyn        0x0000000008001f98        0x0
 .rel.iplt      0x0000000000000000        0x0 ./system/src/stm32f4/misc.o

.ARM.extab
 *(.ARM.extab* .gnu.linkonce.armextab.*)
                0x0000000008001f98                . = ALIGN (0x4)
                0x0000000008001f98                __exidx_start = .

.ARM.exidx
 *(.ARM.exidx* .gnu.linkonce.armexidx.*)
                0x0000000008001f98                __exidx_end = .
                0x0000000008001f98                . = ALIGN (0x4)
                0x0000000008001f98                _etext = .
                0x0000000008001f98                __etext = .

.data_CCMRAM    0x0000000010000000        0x0 load address 0x0000000008001f98
 FILL mask 0xff
 *(.data.CCMRAM .data.CCMRAM.*)
                0x0000000010000000                . = ALIGN (0x4)
                0x0000000008001f98                _sidata = LOADADDR (.data)

.data           0x0000000020000000       0x88 load address 0x0000000008001f98
 FILL mask 0xff
                0x0000000020000000                _sdata = .
                0x0000000020000000                __data_start__ = .
 *(.data_begin .data_begin.*)
 .data_begin    0x0000000020000000        0x4 ./system/src/newlib/_startup.o
 *(.data .data.*)
 .data.argv.4458
                0x0000000020000004        0x8 ./system/src/newlib/_syscalls.o
 .data.AHBPrescTable
                0x000000002000000c       0x10 ./system/src/cmsis/system_stm32f4xx.o
                0x000000002000000c                AHBPrescTable
 .data.SystemCoreClock
                0x000000002000001c        0x4 ./system/src/cmsis/system_stm32f4xx.o
                0x000000002000001c                SystemCoreClock
 .data.impure_data
                0x0000000020000020       0x60 /Users/cabana/dev/gcc-arm-none-eabi-4_8-2014q1/bin/../lib/gcc/arm-none-eabi/4.8.3/../../../../arm-none-eabi/lib/armv7e-m/libg_s.a(lib_a-impure.o)
 .data._impure_ptr
                0x0000000020000080        0x4 /Users/cabana/dev/gcc-arm-none-eabi-4_8-2014q1/bin/../lib/gcc/arm-none-eabi/4.8.3/../../../../arm-none-eabi/lib/armv7e-m/libg_s.a(lib_a-impure.o)
                0x0000000020000080                _impure_ptr
 *(.data_end .data_end.*)
 .data_end      0x0000000020000084        0x4 ./system/src/newlib/_startup.o
                0x0000000020000088                . = ALIGN (0x4)
                0x0000000020000088                _edata = .
                0x0000000020000088                __data_end__ = .

.igot.plt       0x0000000020000088        0x0 load address 0x0000000008002020
 .igot.plt      0x0000000000000000        0x0 ./system/src/stm32f4/misc.o

.bss_CCMRAM     0x0000000010000000        0x0
 *(.bss.CCMRAM .bss.CCMRAM.*)

.bss            0x0000000020000088       0x9c
                0x0000000020000088                __bss_start__ = .
                0x0000000020000088                _sbss = .
 *(.bss_begin .bss_begin.*)
 .bss_begin     0x0000000020000088        0x4 ./system/src/newlib/_startup.o
 *(.bss .bss.*)
 .bss.current_heap_end.4286
                0x000000002000008c        0x4 ./system/src/newlib/_sbrk.o
 .bss.name.4457
                0x0000000020000090        0x4 ./system/src/newlib/_syscalls.o
 .bss.buf.5349  0x0000000020000094       0x80 ./system/src/diag/Trace.o
 .bss.__malloc_sbrk_start
                0x0000000020000114        0x4 /Users/cabana/dev/gcc-arm-none-eabi-4_8-2014q1/bin/../lib/gcc/arm-none-eabi/4.8.3/../../../../arm-none-eabi/lib/armv7e-m/libg_s.a(lib_a-nano-mallocr.o)
                0x0000000020000114                __malloc_sbrk_start
 .bss.__malloc_free_list
                0x0000000020000118        0x4 /Users/cabana/dev/gcc-arm-none-eabi-4_8-2014q1/bin/../lib/gcc/arm-none-eabi/4.8.3/../../../../arm-none-eabi/lib/armv7e-m/libg_s.a(lib_a-nano-mallocr.o)
                0x0000000020000118                __malloc_free_list
 *(COMMON)
 COMMON         0x000000002000011c        0x4 ./system/src/newlib/_syscalls.o
                0x000000002000011c                errno
 *(.bss_end .bss_end.*)
 .bss_end       0x0000000020000120        0x4 ./system/src/newlib/_startup.o
                0x0000000020000124                . = ALIGN (0x4)
                0x0000000020000124                __bss_end__ = .
                0x0000000020000124                _ebss = .

.noinit_CCMRAM
 *(.noinit.CCMRAM .noinit.CCMRAM.*)

.noinit         0x0000000020000124        0x0
                0x0000000020000124                _noinit = .
 *(.noinit .noinit.*)
                0x0000000020000124                . = ALIGN (0x4)
                0x0000000020000124                _end_noinit = .
                0x0000000020000124                PROVIDE (end, _end_noinit)
                0x0000000020000124                PROVIDE (_end, _end_noinit)
                0x0000000020000124                PROVIDE (__end, _end_noinit)
                0x0000000020000124                PROVIDE (__end__, _end_noinit)

._check_stack   0x0000000020000124      0x100
                0x0000000020000224                . = (. + _Minimum_Stack_Size)
 *fill*         0x0000000020000124      0x100 

.b1text
 *(.b1text)
 *(.b1rodata)
 *(.b1rodata.*)

.eb0text
 *(.eb0text)
 *(.eb0rodata)
 *(.eb0rodata.*)

.eb1text
 *(.eb1text)
 *(.eb1rodata)
 *(.eb1rodata.*)

.eb2text
 *(.eb2text)
 *(.eb2rodata)
 *(.eb2rodata.*)

.eb3text
 *(.eb3text)
 *(.eb3rodata)
 *(.eb3rodata.*)

.stab
 *(.stab)

.stabstr
 *(.stabstr)

.stab.excl
 *(.stab.excl)

.stab.exclstr
 *(.stab.exclstr)

.stab.index
 *(.stab.index)

.stab.indexstr
 *(.stab.indexstr)

.comment        0x0000000000000000       0x70
 *(.comment)
 .comment       0x0000000000000000       0x70 ./system/src/stm32f4/stm32f4xx_gpio.o
                                         0x71 (size before relaxing)
 .comment       0x0000000000000000       0x71 ./system/src/stm32f4/stm32f4xx_rcc.o
 .comment       0x0000000000000000       0x71 ./system/src/stm32f4/stm32f4xx_tim.o
 .comment       0x0000000000000000       0x71 ./system/src/newlib/_exit.o
 .comment       0x0000000000000000       0x71 ./system/src/newlib/_sbrk.o
 .comment       0x0000000000000000       0x71 ./system/src/newlib/_startup.o
 .comment       0x0000000000000000       0x71 ./system/src/newlib/_syscalls.o
 .comment       0x0000000000000000       0x71 ./system/src/newlib/assert.o
 .comment       0x0000000000000000       0x71 ./system/src/diag/Trace.o
 .comment       0x0000000000000000       0x71 ./system/src/diag/trace_impl.o
 .comment       0x0000000000000000       0x71 ./system/src/cortexm/_initialize_hardware.o
 .comment       0x0000000000000000       0x71 ./system/src/cortexm/exception_handlers.o
 .comment       0x0000000000000000       0x71 ./system/src/cmsis/system_stm32f4xx.o
 .comment       0x0000000000000000       0x71 ./system/src/cmsis/vectors_stm32f4xx.o
 .comment       0x0000000000000000       0x71 ./src/main.o

.ARM.attributes
                0x0000000000000000       0x33
 .ARM.attributes
                0x0000000000000000       0x33 ./system/src/stm32f4/stm32f4xx_gpio.o
 .ARM.attributes
                0x0000000000000033       0x33 ./system/src/stm32f4/stm32f4xx_rcc.o
 .ARM.attributes
                0x0000000000000066       0x33 ./system/src/stm32f4/stm32f4xx_tim.o
 .ARM.attributes
                0x0000000000000099       0x33 ./system/src/newlib/_exit.o
 .ARM.attributes
                0x00000000000000cc       0x33 ./system/src/newlib/_sbrk.o
 .ARM.attributes
                0x00000000000000ff       0x33 ./system/src/newlib/_startup.o
 .ARM.attributes
                0x0000000000000132       0x33 ./system/src/newlib/_syscalls.o
 .ARM.attributes
                0x0000000000000165       0x33 ./system/src/newlib/assert.o
 .ARM.attributes
                0x0000000000000198       0x33 ./system/src/diag/Trace.o
 .ARM.attributes
                0x00000000000001cb       0x33 ./system/src/diag/trace_impl.o
 .ARM.attributes
                0x00000000000001fe       0x33 ./system/src/cortexm/_initialize_hardware.o
 .ARM.attributes
                0x0000000000000231       0x33 ./system/src/cortexm/exception_handlers.o
 .ARM.attributes
                0x0000000000000264       0x33 ./system/src/cmsis/system_stm32f4xx.o
 .ARM.attributes
                0x0000000000000297       0x33 ./system/src/cmsis/vectors_stm32f4xx.o
 .ARM.attributes
                0x00000000000002ca       0x33 ./src/main.o
 .ARM.attributes
                0x00000000000002fd       0x2e /Users/cabana/dev/gcc-arm-none-eabi-4_8-2014q1/bin/../lib/gcc/arm-none-eabi/4.8.3/../../../../arm-none-eabi/lib/armv7e-m/libg_s.a(lib_a-errno.o)
 .ARM.attributes
                0x000000000000032b       0x2e /Users/cabana/dev/gcc-arm-none-eabi-4_8-2014q1/bin/../lib/gcc/arm-none-eabi/4.8.3/../../../../arm-none-eabi/lib/armv7e-m/libg_s.a(lib_a-impure.o)
 .ARM.attributes
                0x0000000000000359       0x2e /Users/cabana/dev/gcc-arm-none-eabi-4_8-2014q1/bin/../lib/gcc/arm-none-eabi/4.8.3/../../../../arm-none-eabi/lib/armv7e-m/libg_s.a(lib_a-strlen.o)
 .ARM.attributes
                0x0000000000000387       0x2e /Users/cabana/dev/gcc-arm-none-eabi-4_8-2014q1/bin/../lib/gcc/arm-none-eabi/4.8.3/../../../../arm-none-eabi/lib/armv7e-m/libg_s.a(lib_a-vsnprintf.o)
 .ARM.attributes
                0x00000000000003b5       0x2e /Users/cabana/dev/gcc-arm-none-eabi-4_8-2014q1/bin/../lib/gcc/arm-none-eabi/4.8.3/../../../../arm-none-eabi/lib/armv7e-m/libg_s.a(lib_a-svfprintf.o)
 .ARM.attributes
                0x00000000000003e3       0x2e /Users/cabana/dev/gcc-arm-none-eabi-4_8-2014q1/bin/../lib/gcc/arm-none-eabi/4.8.3/../../../../arm-none-eabi/lib/armv7e-m/libg_s.a(lib_a-vfprintf_i.o)
 .ARM.attributes
                0x0000000000000411       0x2e /Users/cabana/dev/gcc-arm-none-eabi-4_8-2014q1/bin/../lib/gcc/arm-none-eabi/4.8.3/../../../../arm-none-eabi/lib/armv7e-m/libg_s.a(lib_a-memchr-stub.o)
 .ARM.attributes
                0x000000000000043f       0x2e /Users/cabana/dev/gcc-arm-none-eabi-4_8-2014q1/bin/../lib/gcc/arm-none-eabi/4.8.3/../../../../arm-none-eabi/lib/armv7e-m/libg_s.a(lib_a-memcpy-stub.o)
 .ARM.attributes
                0x000000000000046d       0x2e /Users/cabana/dev/gcc-arm-none-eabi-4_8-2014q1/bin/../lib/gcc/arm-none-eabi/4.8.3/../../../../arm-none-eabi/lib/armv7e-m/libg_s.a(lib_a-memmove.o)
 .ARM.attributes
                0x000000000000049b       0x2e /Users/cabana/dev/gcc-arm-none-eabi-4_8-2014q1/bin/../lib/gcc/arm-none-eabi/4.8.3/../../../../arm-none-eabi/lib/armv7e-m/libg_s.a(lib_a-nano-freer.o)
 .ARM.attributes
                0x00000000000004c9       0x2e /Users/cabana/dev/gcc-arm-none-eabi-4_8-2014q1/bin/../lib/gcc/arm-none-eabi/4.8.3/../../../../arm-none-eabi/lib/armv7e-m/libg_s.a(lib_a-nano-mallocr.o)
 .ARM.attributes
                0x00000000000004f7       0x2e /Users/cabana/dev/gcc-arm-none-eabi-4_8-2014q1/bin/../lib/gcc/arm-none-eabi/4.8.3/../../../../arm-none-eabi/lib/armv7e-m/libg_s.a(lib_a-nano-reallocr.o)
 .ARM.attributes
                0x0000000000000525       0x2e /Users/cabana/dev/gcc-arm-none-eabi-4_8-2014q1/bin/../lib/gcc/arm-none-eabi/4.8.3/../../../../arm-none-eabi/lib/armv7e-m/libg_s.a(lib_a-sbrkr.o)
 .ARM.attributes
                0x0000000000000553       0x2e /Users/cabana/dev/gcc-arm-none-eabi-4_8-2014q1/bin/../lib/gcc/arm-none-eabi/4.8.3/../../../../arm-none-eabi/lib/armv7e-m/libg_s.a(lib_a-nano-msizer.o)

.debug
 *(.debug)

.line
 *(.line)

.debug_srcinfo
 *(.debug_srcinfo)

.debug_sfnames
 *(.debug_sfnames)

.debug_aranges  0x0000000000000000      0x860
 *(.debug_aranges)
 .debug_aranges
                0x0000000000000000       0x88 ./system/src/stm32f4/stm32f4xx_gpio.o
 .debug_aranges
                0x0000000000000088      0x1c0 ./system/src/stm32f4/stm32f4xx_rcc.o
 .debug_aranges
                0x0000000000000248      0x2f8 ./system/src/stm32f4/stm32f4xx_tim.o
 .debug_aranges
                0x0000000000000540       0x28 ./system/src/newlib/_exit.o
 .debug_aranges
                0x0000000000000568       0x20 ./system/src/newlib/_sbrk.o
 .debug_aranges
                0x0000000000000588       0x40 ./system/src/newlib/_startup.o
 .debug_aranges
                0x00000000000005c8       0xd0 ./system/src/newlib/_syscalls.o
 .debug_aranges
                0x0000000000000698       0x28 ./system/src/newlib/assert.o
 .debug_aranges
                0x00000000000006c0       0x38 ./system/src/diag/Trace.o
 .debug_aranges
                0x00000000000006f8       0x30 ./system/src/diag/trace_impl.o
 .debug_aranges
                0x0000000000000728       0x28 ./system/src/cortexm/_initialize_hardware.o
 .debug_aranges
                0x0000000000000750       0x88 ./system/src/cortexm/exception_handlers.o
 .debug_aranges
                0x00000000000007d8       0x30 ./system/src/cmsis/system_stm32f4xx.o
 .debug_aranges
                0x0000000000000808       0x20 ./system/src/cmsis/vectors_stm32f4xx.o
 .debug_aranges
                0x0000000000000828       0x38 ./src/main.o

.debug_pubnames
 *(.debug_pubnames)

.debug_info     0x0000000000000000     0x8c9a
 *(.debug_info .gnu.linkonce.wi.*)
 .debug_info    0x0000000000000000      0xb78 ./system/src/stm32f4/stm32f4xx_gpio.o
 .debug_info    0x0000000000000b78     0x16b9 ./system/src/stm32f4/stm32f4xx_rcc.o
 .debug_info    0x0000000000002231     0x387d ./system/src/stm32f4/stm32f4xx_tim.o
 .debug_info    0x0000000000005aae      0x100 ./system/src/newlib/_exit.o
 .debug_info    0x0000000000005bae      0x125 ./system/src/newlib/_sbrk.o
 .debug_info    0x0000000000005cd3      0x51a ./system/src/newlib/_startup.o
 .debug_info    0x00000000000061ed      0x8f3 ./system/src/newlib/_syscalls.o
 .debug_info    0x0000000000006ae0      0x1f6 ./system/src/newlib/assert.o
 .debug_info    0x0000000000006cd6      0x32b ./system/src/diag/Trace.o
 .debug_info    0x0000000000007001      0x3fe ./system/src/diag/trace_impl.o
 .debug_info    0x00000000000073ff       0xea ./system/src/cortexm/_initialize_hardware.o
 .debug_info    0x00000000000074e9      0x7d1 ./system/src/cortexm/exception_handlers.o
 .debug_info    0x0000000000007cba      0x5f1 ./system/src/cmsis/system_stm32f4xx.o
 .debug_info    0x00000000000082ab       0xd1 ./system/src/cmsis/vectors_stm32f4xx.o
 .debug_info    0x000000000000837c      0x91e ./src/main.o

.debug_abbrev   0x0000000000000000     0x143a
 *(.debug_abbrev)
 .debug_abbrev  0x0000000000000000      0x1ec ./system/src/stm32f4/stm32f4xx_gpio.o
 .debug_abbrev  0x00000000000001ec      0x1ff ./system/src/stm32f4/stm32f4xx_rcc.o
 .debug_abbrev  0x00000000000003eb      0x1e3 ./system/src/stm32f4/stm32f4xx_tim.o
 .debug_abbrev  0x00000000000005ce       0xa4 ./system/src/newlib/_exit.o
 .debug_abbrev  0x0000000000000672       0xbb ./system/src/newlib/_sbrk.o
 .debug_abbrev  0x000000000000072d      0x211 ./system/src/newlib/_startup.o
 .debug_abbrev  0x000000000000093e      0x178 ./system/src/newlib/_syscalls.o
 .debug_abbrev  0x0000000000000ab6       0xc9 ./system/src/newlib/assert.o
 .debug_abbrev  0x0000000000000b7f      0x178 ./system/src/diag/Trace.o
 .debug_abbrev  0x0000000000000cf7      0x188 ./system/src/diag/trace_impl.o
 .debug_abbrev  0x0000000000000e7f       0x88 ./system/src/cortexm/_initialize_hardware.o
 .debug_abbrev  0x0000000000000f07      0x1d6 ./system/src/cortexm/exception_handlers.o
 .debug_abbrev  0x00000000000010dd      0x13d ./system/src/cmsis/system_stm32f4xx.o
 .debug_abbrev  0x000000000000121a       0x9d ./system/src/cmsis/vectors_stm32f4xx.o
 .debug_abbrev  0x00000000000012b7      0x183 ./src/main.o

.debug_line     0x0000000000000000     0x5323
 *(.debug_line)
 .debug_line    0x0000000000000000      0x6a0 ./system/src/stm32f4/stm32f4xx_gpio.o
 .debug_line    0x00000000000006a0      0xb16 ./system/src/stm32f4/stm32f4xx_rcc.o
 .debug_line    0x00000000000011b6     0x1307 ./system/src/stm32f4/stm32f4xx_tim.o
 .debug_line    0x00000000000024bd      0x28a ./system/src/newlib/_exit.o
 .debug_line    0x0000000000002747      0x23c ./system/src/newlib/_sbrk.o
 .debug_line    0x0000000000002983      0x308 ./system/src/newlib/_startup.o
 .debug_line    0x0000000000002c8b      0x49d ./system/src/newlib/_syscalls.o
 .debug_line    0x0000000000003128      0x2b0 ./system/src/newlib/assert.o
 .debug_line    0x00000000000033d8      0x349 ./system/src/diag/Trace.o
 .debug_line    0x0000000000003721      0x564 ./system/src/diag/trace_impl.o
 .debug_line    0x0000000000003c85      0x498 ./system/src/cortexm/_initialize_hardware.o
 .debug_line    0x000000000000411d      0x680 ./system/src/cortexm/exception_handlers.o
 .debug_line    0x000000000000479d      0x4e1 ./system/src/cmsis/system_stm32f4xx.o
 .debug_line    0x0000000000004c7e      0x1f2 ./system/src/cmsis/vectors_stm32f4xx.o
 .debug_line    0x0000000000004e70      0x4b3 ./src/main.o

.debug_frame    0x0000000000000000     0x1a04
 *(.debug_frame)
 .debug_frame   0x0000000000000000      0x184 ./system/src/stm32f4/stm32f4xx_gpio.o
 .debug_frame   0x0000000000000184      0x548 ./system/src/stm32f4/stm32f4xx_rcc.o
 .debug_frame   0x00000000000006cc      0x9ec ./system/src/stm32f4/stm32f4xx_tim.o
 .debug_frame   0x00000000000010b8       0x38 ./system/src/newlib/_exit.o
 .debug_frame   0x00000000000010f0       0x28 ./system/src/newlib/_sbrk.o
 .debug_frame   0x0000000000001118       0x7c ./system/src/newlib/_startup.o
 .debug_frame   0x0000000000001194      0x230 ./system/src/newlib/_syscalls.o
 .debug_frame   0x00000000000013c4       0x40 ./system/src/newlib/assert.o
 .debug_frame   0x0000000000001404       0x80 ./system/src/diag/Trace.o
 .debug_frame   0x0000000000001484       0x50 ./system/src/diag/trace_impl.o
 .debug_frame   0x00000000000014d4       0x40 ./system/src/cortexm/_initialize_hardware.o
 .debug_frame   0x0000000000001514      0x144 ./system/src/cortexm/exception_handlers.o
 .debug_frame   0x0000000000001658       0x4c ./system/src/cmsis/system_stm32f4xx.o
 .debug_frame   0x00000000000016a4       0x20 ./system/src/cmsis/vectors_stm32f4xx.o
 .debug_frame   0x00000000000016c4       0x7c ./src/main.o
 .debug_frame   0x0000000000001740       0x20 /Users/cabana/dev/gcc-arm-none-eabi-4_8-2014q1/bin/../lib/gcc/arm-none-eabi/4.8.3/../../../../arm-none-eabi/lib/armv7e-m/libg_s.a(lib_a-errno.o)
 .debug_frame   0x0000000000001760       0x20 /Users/cabana/dev/gcc-arm-none-eabi-4_8-2014q1/bin/../lib/gcc/arm-none-eabi/4.8.3/../../../../arm-none-eabi/lib/armv7e-m/libg_s.a(lib_a-strlen.o)
 .debug_frame   0x0000000000001780       0x4c /Users/cabana/dev/gcc-arm-none-eabi-4_8-2014q1/bin/../lib/gcc/arm-none-eabi/4.8.3/../../../../arm-none-eabi/lib/armv7e-m/libg_s.a(lib_a-vsnprintf.o)
 .debug_frame   0x00000000000017cc       0x88 /Users/cabana/dev/gcc-arm-none-eabi-4_8-2014q1/bin/../lib/gcc/arm-none-eabi/4.8.3/../../../../arm-none-eabi/lib/armv7e-m/libg_s.a(lib_a-svfprintf.o)
 .debug_frame   0x0000000000001854       0x60 /Users/cabana/dev/gcc-arm-none-eabi-4_8-2014q1/bin/../lib/gcc/arm-none-eabi/4.8.3/../../../../arm-none-eabi/lib/armv7e-m/libg_s.a(lib_a-vfprintf_i.o)
 .debug_frame   0x00000000000018b4       0x28 /Users/cabana/dev/gcc-arm-none-eabi-4_8-2014q1/bin/../lib/gcc/arm-none-eabi/4.8.3/../../../../arm-none-eabi/lib/armv7e-m/libg_s.a(lib_a-memchr-stub.o)
 .debug_frame   0x00000000000018dc       0x28 /Users/cabana/dev/gcc-arm-none-eabi-4_8-2014q1/bin/../lib/gcc/arm-none-eabi/4.8.3/../../../../arm-none-eabi/lib/armv7e-m/libg_s.a(lib_a-memcpy-stub.o)
 .debug_frame   0x0000000000001904       0x2c /Users/cabana/dev/gcc-arm-none-eabi-4_8-2014q1/bin/../lib/gcc/arm-none-eabi/4.8.3/../../../../arm-none-eabi/lib/armv7e-m/libg_s.a(lib_a-memmove.o)
 .debug_frame   0x0000000000001930       0x2c /Users/cabana/dev/gcc-arm-none-eabi-4_8-2014q1/bin/../lib/gcc/arm-none-eabi/4.8.3/../../../../arm-none-eabi/lib/armv7e-m/libg_s.a(lib_a-nano-freer.o)
 .debug_frame   0x000000000000195c       0x2c /Users/cabana/dev/gcc-arm-none-eabi-4_8-2014q1/bin/../lib/gcc/arm-none-eabi/4.8.3/../../../../arm-none-eabi/lib/armv7e-m/libg_s.a(lib_a-nano-mallocr.o)
 .debug_frame   0x0000000000001988       0x30 /Users/cabana/dev/gcc-arm-none-eabi-4_8-2014q1/bin/../lib/gcc/arm-none-eabi/4.8.3/../../../../arm-none-eabi/lib/armv7e-m/libg_s.a(lib_a-nano-reallocr.o)
 .debug_frame   0x00000000000019b8       0x2c /Users/cabana/dev/gcc-arm-none-eabi-4_8-2014q1/bin/../lib/gcc/arm-none-eabi/4.8.3/../../../../arm-none-eabi/lib/armv7e-m/libg_s.a(lib_a-sbrkr.o)
 .debug_frame   0x00000000000019e4       0x20 /Users/cabana/dev/gcc-arm-none-eabi-4_8-2014q1/bin/../lib/gcc/arm-none-eabi/4.8.3/../../../../arm-none-eabi/lib/armv7e-m/libg_s.a(lib_a-nano-msizer.o)

.debug_str      0x0000000000000000    0x65f40
 *(.debug_str)
 .debug_str     0x0000000000000000    0x5ea62 ./system/src/stm32f4/stm32f4xx_gpio.o
                                      0x5ec40 (size before relaxing)
 .debug_str     0x000000000005ea62      0xd8a ./system/src/stm32f4/stm32f4xx_rcc.o
                                      0x5f702 (size before relaxing)
 .debug_str     0x000000000005f7ec      0xc2d ./system/src/stm32f4/stm32f4xx_tim.o
                                      0x5f63e (size before relaxing)
 .debug_str     0x0000000000060419     0x2803 ./system/src/newlib/_exit.o
                                       0x4f20 (size before relaxing)
 .debug_str     0x0000000000062c1c      0x4de ./system/src/newlib/_sbrk.o
                                       0x44d6 (size before relaxing)
 .debug_str     0x00000000000630fa      0x2eb ./system/src/newlib/_startup.o
                                       0x3fbd (size before relaxing)
 .debug_str     0x00000000000633e5      0xe41 ./system/src/newlib/_syscalls.o
                                       0x5395 (size before relaxing)
 .debug_str     0x0000000000064226       0xd0 ./system/src/newlib/assert.o
                                       0x58e3 (size before relaxing)
 .debug_str     0x00000000000642f6     0x1782 ./system/src/diag/Trace.o
                                       0x6607 (size before relaxing)
 .debug_str     0x0000000000065a78       0xd7 ./system/src/diag/trace_impl.o
                                      0x6058f (size before relaxing)
 .debug_str     0x0000000000065b4f       0x4e ./system/src/cortexm/_initialize_hardware.o
                                      0x5e94f (size before relaxing)
 .debug_str     0x0000000000065b9d      0x239 ./system/src/cortexm/exception_handlers.o
                                      0x6217e (size before relaxing)
 .debug_str     0x0000000000065dd6       0xc2 ./system/src/cmsis/system_stm32f4xx.o
                                      0x5eb7c (size before relaxing)
 .debug_str     0x0000000000065e98       0x57 ./system/src/cmsis/vectors_stm32f4xx.o
                                       0x2fff (size before relaxing)
 .debug_str     0x0000000000065eef       0x51 ./src/main.o
                                      0x5edb9 (size before relaxing)

.debug_loc      0x0000000000000000     0x4da3
 *(.debug_loc)
 .debug_loc     0x0000000000000000      0x518 ./system/src/stm32f4/stm32f4xx_gpio.o
 .debug_loc     0x0000000000000518     0x1201 ./system/src/stm32f4/stm32f4xx_rcc.o
 .debug_loc     0x0000000000001719     0x2872 ./system/src/stm32f4/stm32f4xx_tim.o
 .debug_loc     0x0000000000003f8b       0x6b ./system/src/newlib/_sbrk.o
 .debug_loc     0x0000000000003ff6      0x36e ./system/src/newlib/_startup.o
 .debug_loc     0x0000000000004364      0x549 ./system/src/newlib/_syscalls.o
 .debug_loc     0x00000000000048ad       0xe1 ./system/src/newlib/assert.o
 .debug_loc     0x000000000000498e       0xf7 ./system/src/diag/Trace.o
 .debug_loc     0x0000000000004a85       0x97 ./system/src/diag/trace_impl.o
 .debug_loc     0x0000000000004b1c      0x184 ./system/src/cortexm/exception_handlers.o
 .debug_loc     0x0000000000004ca0      0x103 ./system/src/cmsis/system_stm32f4xx.o

.debug_macinfo
 *(.debug_macinfo)

.debug_weaknames
 *(.debug_weaknames)

.debug_funcnames
 *(.debug_funcnames)

.debug_typenames
 *(.debug_typenames)

.debug_varnames
 *(.debug_varnames)
OUTPUT(PWM_Out.elf elf32-littlearm)

.debug_ranges   0x0000000000000000      0x770
 .debug_ranges  0x0000000000000000       0x78 ./system/src/stm32f4/stm32f4xx_gpio.o
 .debug_ranges  0x0000000000000078      0x1b0 ./system/src/stm32f4/stm32f4xx_rcc.o
 .debug_ranges  0x0000000000000228      0x2e8 ./system/src/stm32f4/stm32f4xx_tim.o
 .debug_ranges  0x0000000000000510       0x18 ./system/src/newlib/_exit.o
 .debug_ranges  0x0000000000000528       0x10 ./system/src/newlib/_sbrk.o
 .debug_ranges  0x0000000000000538       0x30 ./system/src/newlib/_startup.o
 .debug_ranges  0x0000000000000568       0xc0 ./system/src/newlib/_syscalls.o
 .debug_ranges  0x0000000000000628       0x18 ./system/src/newlib/assert.o
 .debug_ranges  0x0000000000000640       0x28 ./system/src/diag/Trace.o
 .debug_ranges  0x0000000000000668       0x20 ./system/src/diag/trace_impl.o
 .debug_ranges  0x0000000000000688       0x18 ./system/src/cortexm/_initialize_hardware.o
 .debug_ranges  0x00000000000006a0       0x78 ./system/src/cortexm/exception_handlers.o
 .debug_ranges  0x0000000000000718       0x20 ./system/src/cmsis/system_stm32f4xx.o
 .debug_ranges  0x0000000000000738       0x10 ./system/src/cmsis/vectors_stm32f4xx.o
 .debug_ranges  0x0000000000000748       0x28 ./src/main.o

.debug_macro    0x0000000000000000     0x433f
 .debug_macro   0x0000000000000000      0x19f ./system/src/stm32f4/stm32f4xx_gpio.o
 .debug_macro   0x000000000000019f      0x2e7 ./system/src/stm32f4/stm32f4xx_gpio.o
 .debug_macro   0x0000000000000486      0x269 ./system/src/stm32f4/stm32f4xx_rcc.o
 .debug_macro   0x00000000000006ef      0x64a ./system/src/stm32f4/stm32f4xx_rcc.o
 .debug_macro   0x0000000000000d39      0x1c9 ./system/src/stm32f4/stm32f4xx_tim.o
 .debug_macro   0x0000000000000f02      0x735 ./system/src/stm32f4/stm32f4xx_tim.o
 .debug_macro   0x0000000000001637      0x11b ./system/src/newlib/_exit.o
 .debug_macro   0x0000000000001752       0xa3 ./system/src/newlib/_exit.o
 .debug_macro   0x00000000000017f5      0x10e ./system/src/newlib/_exit.o
 .debug_macro   0x0000000000001903       0x86 ./system/src/newlib/_exit.o
 .debug_macro   0x0000000000001989       0x43 ./system/src/newlib/_exit.o
 .debug_macro   0x00000000000019cc       0x10 ./system/src/newlib/_exit.o
 .debug_macro   0x00000000000019dc       0x35 ./system/src/newlib/_exit.o
 .debug_macro   0x0000000000001a11       0xd1 ./system/src/newlib/_sbrk.o
 .debug_macro   0x0000000000001ae2       0x19 ./system/src/newlib/_sbrk.o
 .debug_macro   0x0000000000001afb      0x16d ./system/src/newlib/_sbrk.o
 .debug_macro   0x0000000000001c68       0x10 ./system/src/newlib/_sbrk.o
 .debug_macro   0x0000000000001c78      0x23b ./system/src/newlib/_sbrk.o
 .debug_macro   0x0000000000001eb3       0xe7 ./system/src/newlib/_startup.o
 .debug_macro   0x0000000000001f9a      0x880 ./system/src/newlib/_startup.o
 .debug_macro   0x000000000000281a      0x169 ./system/src/newlib/_syscalls.o
 .debug_macro   0x0000000000002983       0x1c ./system/src/newlib/_syscalls.o
 .debug_macro   0x000000000000299f       0x10 ./system/src/newlib/_syscalls.o
 .debug_macro   0x00000000000029af       0x10 ./system/src/newlib/_syscalls.o
 .debug_macro   0x00000000000029bf       0x10 ./system/src/newlib/_syscalls.o
 .debug_macro   0x00000000000029cf       0x35 ./system/src/newlib/_syscalls.o
 .debug_macro   0x0000000000002a04      0x120 ./system/src/newlib/_syscalls.o
 .debug_macro   0x0000000000002b24       0x22 ./system/src/newlib/_syscalls.o
 .debug_macro   0x0000000000002b46       0x2b ./system/src/newlib/_syscalls.o
 .debug_macro   0x0000000000002b71      0x118 ./system/src/newlib/_syscalls.o
 .debug_macro   0x0000000000002c89      0x13a ./system/src/newlib/_syscalls.o
 .debug_macro   0x0000000000002dc3       0x16 ./system/src/newlib/_syscalls.o
 .debug_macro   0x0000000000002dd9      0x137 ./system/src/newlib/assert.o
 .debug_macro   0x0000000000002f10       0x1c ./system/src/newlib/assert.o
 .debug_macro   0x0000000000002f2c      0x20f ./system/src/newlib/assert.o
 .debug_macro   0x000000000000313b      0x15a ./system/src/diag/Trace.o
 .debug_macro   0x0000000000003295       0x16 ./system/src/diag/Trace.o
 .debug_macro   0x00000000000032ab       0x97 ./system/src/diag/Trace.o
 .debug_macro   0x0000000000003342       0x10 ./system/src/diag/Trace.o
 .debug_macro   0x0000000000003352       0xf6 ./system/src/diag/Trace.o
 .debug_macro   0x0000000000003448       0x16 ./system/src/diag/Trace.o
 .debug_macro   0x000000000000345e      0x16c ./system/src/diag/Trace.o
 .debug_macro   0x00000000000035ca       0x52 ./system/src/diag/Trace.o
 .debug_macro   0x000000000000361c      0x283 ./system/src/diag/Trace.o
 .debug_macro   0x000000000000389f       0x10 ./system/src/diag/Trace.o
 .debug_macro   0x00000000000038af       0x1f ./system/src/diag/Trace.o
 .debug_macro   0x00000000000038ce      0x259 ./system/src/diag/trace_impl.o
 .debug_macro   0x0000000000003b27      0x19f ./system/src/cortexm/_initialize_hardware.o
 .debug_macro   0x0000000000003cc6      0x2b7 ./system/src/cortexm/exception_handlers.o
 .debug_macro   0x0000000000003f7d       0x22 ./system/src/cortexm/exception_handlers.o
 .debug_macro   0x0000000000003f9f      0x1b9 ./system/src/cmsis/system_stm32f4xx.o
 .debug_macro   0x0000000000004158       0x52 ./system/src/cmsis/vectors_stm32f4xx.o
 .debug_macro   0x00000000000041aa      0x195 ./src/main.o
